Archive member included to satisfy reference by file (symbol)

/opt/eclipse/arduinoPlugin/packages/Intel/hardware/arc32/2.0.2/variants/arduino_101/libarc32drv_arduino101.a(c_init.o)
                              (--whole-archive)
/opt/eclipse/arduinoPlugin/packages/Intel/hardware/arc32/2.0.2/variants/arduino_101/libarc32drv_arduino101.a(interrupt.o)
                              (--whole-archive)
/opt/eclipse/arduinoPlugin/packages/Intel/hardware/arc32/2.0.2/variants/arduino_101/libarc32drv_arduino101.a(version.o)
                              (--whole-archive)
/opt/eclipse/arduinoPlugin/packages/Intel/hardware/arc32/2.0.2/variants/arduino_101/libarc32drv_arduino101.a(arcv2_timer0.o)
                              (--whole-archive)
/opt/eclipse/arduinoPlugin/packages/Intel/hardware/arc32/2.0.2/variants/arduino_101/libarc32drv_arduino101.a(atomic_native.o)
                              (--whole-archive)
/opt/eclipse/arduinoPlugin/packages/Intel/hardware/arc32/2.0.2/variants/arduino_101/libarc32drv_arduino101.a(clk_system.o)
                              (--whole-archive)
/opt/eclipse/arduinoPlugin/packages/Intel/hardware/arc32/2.0.2/variants/arduino_101/libarc32drv_arduino101.a(intel_qrk_i2c.o)
                              (--whole-archive)
/opt/eclipse/arduinoPlugin/packages/Intel/hardware/arc32/2.0.2/variants/arduino_101/libarc32drv_arduino101.a(ipc_uart_ns16550.o)
                              (--whole-archive)
/opt/eclipse/arduinoPlugin/packages/Intel/hardware/arc32/2.0.2/variants/arduino_101/libarc32drv_arduino101.a(ns16550.o)
                              (--whole-archive)
/opt/eclipse/arduinoPlugin/packages/Intel/hardware/arc32/2.0.2/variants/arduino_101/libarc32drv_arduino101.a(soc_dma.o)
                              (--whole-archive)
/opt/eclipse/arduinoPlugin/packages/Intel/hardware/arc32/2.0.2/variants/arduino_101/libarc32drv_arduino101.a(soc_gpio.o)
                              (--whole-archive)
/opt/eclipse/arduinoPlugin/packages/Intel/hardware/arc32/2.0.2/variants/arduino_101/libarc32drv_arduino101.a(soc_i2s.o)
                              (--whole-archive)
/opt/eclipse/arduinoPlugin/packages/Intel/hardware/arc32/2.0.2/variants/arduino_101/libarc32drv_arduino101.a(ss_dw_i2c.o)
                              (--whole-archive)
/opt/eclipse/arduinoPlugin/packages/Intel/hardware/arc32/2.0.2/variants/arduino_101/libarc32drv_arduino101.a(ss_gpio_iface.o)
                              (--whole-archive)
/opt/eclipse/arduinoPlugin/packages/Intel/hardware/arc32/2.0.2/variants/arduino_101/libarc32drv_arduino101.a(ss_i2c_iface.o)
                              (--whole-archive)
/opt/eclipse/arduinoPlugin/packages/Intel/hardware/arc32/2.0.2/variants/arduino_101/libarc32drv_arduino101.a(ss_spi.o)
                              (--whole-archive)
/opt/eclipse/arduinoPlugin/packages/Intel/hardware/arc32/2.0.2/variants/arduino_101/libarc32drv_arduino101.a(rpc_deserialize.o)
                              (--whole-archive)
/opt/eclipse/arduinoPlugin/packages/Intel/hardware/arc32/2.0.2/variants/arduino_101/libarc32drv_arduino101.a(rpc_serialize.o)
                              (--whole-archive)
/opt/eclipse/arduinoPlugin/packages/Intel/hardware/arc32/2.0.2/variants/arduino_101/libarc32drv_arduino101.a(cfw_platform.o)
                              (--whole-archive)
/opt/eclipse/arduinoPlugin/packages/Intel/hardware/arc32/2.0.2/variants/arduino_101/libarc32drv_arduino101.a(conn.o)
                              (--whole-archive)
/opt/eclipse/arduinoPlugin/packages/Intel/hardware/arc32/2.0.2/variants/arduino_101/libarc32drv_arduino101.a(dtm_tcmd.o)
                              (--whole-archive)
/opt/eclipse/arduinoPlugin/packages/Intel/hardware/arc32/2.0.2/variants/arduino_101/libarc32drv_arduino101.a(gap.o)
                              (--whole-archive)
/opt/eclipse/arduinoPlugin/packages/Intel/hardware/arc32/2.0.2/variants/arduino_101/libarc32drv_arduino101.a(gatt.o)
                              (--whole-archive)
/opt/eclipse/arduinoPlugin/packages/Intel/hardware/arc32/2.0.2/variants/arduino_101/libarc32drv_arduino101.a(l2cap.o)
                              (--whole-archive)
/opt/eclipse/arduinoPlugin/packages/Intel/hardware/arc32/2.0.2/variants/arduino_101/libarc32drv_arduino101.a(smp_null.o)
                              (--whole-archive)
/opt/eclipse/arduinoPlugin/packages/Intel/hardware/arc32/2.0.2/variants/arduino_101/libarc32drv_arduino101.a(uuid.o)
                              (--whole-archive)
/opt/eclipse/arduinoPlugin/packages/Intel/hardware/arc32/2.0.2/variants/arduino_101/libarc32drv_arduino101.a(ble_service_api.o)
                              (--whole-archive)
/opt/eclipse/arduinoPlugin/packages/Intel/hardware/arc32/2.0.2/variants/arduino_101/libarc32drv_arduino101.a(ble_service.o)
                              (--whole-archive)
/opt/eclipse/arduinoPlugin/packages/Intel/hardware/arc32/2.0.2/variants/arduino_101/libarc32drv_arduino101.a(ble_service_utils.o)
[...]
Memory Configuration

Name             Origin             Length             Attributes
FLASH            0x0000000040034000 0x0000000000026000 xr
SRAM             0x00000000a800e000 0x0000000000006000 xw
DCCM             0x0000000080000000 0x0000000000002000 xw
*default*        0x0000000000000000 0xffffffffffffffff

Linker script and memory map

LOAD /opt/eclipse/arduinoPlugin/packages/Intel/hardware/arc32/2.0.2/variants/arduino_101/libarc32drv_arduino101.a
START GROUP
LOAD /opt/eclipse/arduinoPlugin/packages/Intel/hardware/arc32/2.0.2/variants/arduino_101/libarc32drv_arduino101.a
LOAD /opt/eclipse/arduinoPlugin/tools/Intel/arc-elf32/1.6.9+1.0.1/bin/../lib/gcc/arc-elf32/4.8.5/../../../../arc-elf32/lib/libnsim.a
LOAD /opt/eclipse/arduinoPlugin/tools/Intel/arc-elf32/1.6.9+1.0.1/bin/../lib/gcc/arc-elf32/4.8.5/../../../../arc-elf32/lib/libc.a
LOAD /opt/eclipse/arduinoPlugin/tools/Intel/arc-elf32/1.6.9+1.0.1/bin/../lib/gcc/arc-elf32/4.8.5/../../../../arc-elf32/lib/libm.a
LOAD /opt/eclipse/arduinoPlugin/tools/Intel/arc-elf32/1.6.9+1.0.1/bin/../lib/gcc/arc-elf32/4.8.5/libgcc.a
LOAD ./tempSense.cpp.o
LOAD ./libraries/CurieTime/src/CurieTime.cpp.o
LOAD arduino.ar
                0x0000000000000800                __stack_size = 0x800
                0x0000000000000400                __firq_stack_size = 0x400
                0x0000000000002000                __HEAP_SIZE_MIN = 0x2000
                0x0000000000001000                __PAGE_SIZE = 0x1000

text            0x0000000040034000     0xc8b0
                0x0000000040034000                __text_start = .
 *(.int_vector_table)
 .int_vector_table
                0x0000000040034000      0x110 /opt/eclipse/arduinoPlugin/packages/Intel/hardware/arc32/2.0.2/variants/arduino_101/libarc32drv_arduino101.a(init.o)
 *(.int_vector_table.*)
 *(.version_header)
 .version_header
                0x0000000040034110       0x30 /opt/eclipse/arduinoPlugin/packages/Intel/hardware/arc32/2.0.2/variants/arduino_101/libarc32drv_arduino101.a(version.o)
                0x0000000040034110                version_header
 *(.version_header*)
 *(.text)
 .text          0x0000000040034140       0x98 /opt/eclipse/arduinoPlugin/packages/Intel/hardware/arc32/2.0.2/variants/arduino_101/libarc32drv_arduino101.a(init.o)
                0x0000000040034168                _exit_halt
                0x0000000040034168                _do_fault
                0x0000000040034188                _do_isr
 .text          0x00000000400341d8       0xf8 /opt/eclipse/arduinoPlugin/tools/Intel/arc-elf32/1.6.9+1.0.1/bin/../lib/gcc/arc-elf32/4.8.5/../../../../arc-elf32/lib/libc.a(lib_a-memcmp-bs-norm.o)
                0x00000000400341d8                memcmp
 .text          0x00000000400342d0       0x80 /opt/eclipse/arduinoPlugin/tools/Intel/arc-elf32/1.6.9+1.0.1/bin/../lib/gcc/arc-elf32/4.8.5/../../../../arc-elf32/lib/libc.a(lib_a-memcpy-bs.o)
                0x00000000400342d0                memcpy
 .text          0x0000000040034350       0x6c /opt/eclipse/arduinoPlugin/tools/Intel/arc-elf32/1.6.9+1.0.1/bin/../lib/gcc/arc-elf32/4.8.5/../../../../arc-elf32/lib/libc.a(lib_a-memset-bs.o)
                0x0000000040034350                memset
                0x00000000400343a4                __strncpy_bzero
 .text          0x00000000400343bc       0x88 /opt/eclipse/arduinoPlugin/tools/Intel/arc-elf32/1.6.9+1.0.1/bin/../lib/gcc/arc-elf32/4.8.5/../../../../arc-elf32/lib/libc.a(lib_a-strlen-bs-norm.o)
                0x00000000400343bc                strlen
 .text          0x0000000040034444        0x4 /opt/eclipse/arduinoPlugin/tools/Intel/arc-elf32/1.6.9+1.0.1/bin/../lib/gcc/arc-elf32/4.8.5/libgcc.a(_udivsi3.o)
                0x0000000040034444                __udivsi3
 .text          0x0000000040034448       0x10 /opt/eclipse/arduinoPlugin/tools/Intel/arc-elf32/1.6.9+1.0.1/bin/../lib/gcc/arc-elf32/4.8.5/libgcc.a(_umodsi3.o)
                0x0000000040034448                __umodsi3
 .text          0x0000000040034458       0x74 /opt/eclipse/arduinoPlugin/tools/Intel/arc-elf32/1.6.9+1.0.1/bin/../lib/gcc/arc-elf32/4.8.5/libgcc.a(_divmod_tools.o)
                0x0000000040034458                __udivmodsi4
 .text          0x00000000400344cc       0x30 /opt/eclipse/arduinoPlugin/tools/Intel/arc-elf32/1.6.9+1.0.1/bin/../lib/gcc/arc-elf32/4.8.5/libgcc.a(_millicodethunk_st.o)
                0x00000000400344cc                __st_r13_to_r25
                0x00000000400344d0                __st_r13_to_r24
                0x00000000400344d4                __st_r13_to_r23
                0x00000000400344d8                __st_r13_to_r22
                0x00000000400344dc                __st_r13_to_r21
                0x00000000400344e0                __st_r13_to_r20
                0x00000000400344e4                __st_r13_to_r19
                0x00000000400344e8                __st_r13_to_r18
                0x00000000400344ec                __st_r13_to_r17
                0x00000000400344f0                __st_r13_to_r16
                0x00000000400344f4                __st_r13_to_r15
 .text          0x00000000400344fc       0x30 /opt/eclipse/arduinoPlugin/tools/Intel/arc-elf32/1.6.9+1.0.1/bin/../lib/gcc/arc-elf32/4.8.5/libgcc.a(_millicodethunk_ld.o)
                0x00000000400344fc                __ld_r13_to_r25
                0x0000000040034500                __ld_r13_to_r24
                0x0000000040034504                __ld_r13_to_r23
                0x0000000040034508                __ld_r13_to_r22
                0x000000004003450c                __ld_r13_to_r21
                0x0000000040034510                __ld_r13_to_r20
                0x0000000040034514                __ld_r13_to_r19
                0x0000000040034518                __ld_r13_to_r18
                0x000000004003451c                __ld_r13_to_r17
                0x0000000040034520                __ld_r13_to_r16
                0x0000000040034524                __ld_r13_to_r15
 .text          0x000000004003452c       0x3c /opt/eclipse/arduinoPlugin/tools/Intel/arc-elf32/1.6.9+1.0.1/bin/../lib/gcc/arc-elf32/4.8.5/libgcc.a(_millicodethunk_ret.o)
                0x000000004003452c                __ld_r13_to_r25_ret
                0x0000000040034530                __ld_r13_to_r24_ret
                0x0000000040034534                __ld_r13_to_r23_ret
                0x0000000040034538                __ld_r13_to_r22_ret
                0x000000004003453c                __ld_r13_to_r21_ret
                0x0000000040034540                __ld_r13_to_r20_ret
                0x0000000040034544                __ld_r13_to_r19_ret
                0x0000000040034548                __ld_r13_to_r18_ret
                0x000000004003454c                __ld_r13_to_r17_ret
                0x0000000040034550                __ld_r13_to_r16_ret
                0x0000000040034554                __ld_r13_to_r15_ret
                0x0000000040034558                __ld_r13_to_r14_ret
 .text          0x0000000040034568       0x7c /opt/eclipse/arduinoPlugin/tools/Intel/arc-elf32/1.6.9+1.0.1/bin/../lib/gcc/arc-elf32/4.8.5/../../../../arc-elf32/lib/libc.a(lib_a-strcpy-bs.o)
                0x0000000040034568                strcpy
 .text          0x00000000400345e4      0x3f4 /opt/eclipse/arduinoPlugin/tools/Intel/arc-elf32/1.6.9+1.0.1/bin/../lib/gcc/arc-elf32/4.8.5/libgcc.a(_divdf3.o)
                0x00000000400346e8                __divdf3
 .text          0x00000000400349d8       0xbc /opt/eclipse/arduinoPlugin/tools/Intel/arc-elf32/1.6.9+1.0.1/bin/../lib/gcc/arc-elf32/4.8.5/libgcc.a(_truncdfsf2.o)
                0x00000000400349d8                __truncdfsf2
 .text          0x0000000040034a94       0x4c /opt/eclipse/arduinoPlugin/tools/Intel/arc-elf32/1.6.9+1.0.1/bin/../lib/gcc/arc-elf32/4.8.5/libgcc.a(_extendsfdf2.o)
                0x0000000040034a94                __extendsfdf2
 .text          0x0000000040034ae0       0x2c /opt/eclipse/arduinoPlugin/tools/Intel/arc-elf32/1.6.9+1.0.1/bin/../lib/gcc/arc-elf32/4.8.5/libgcc.a(_eqdf2.o)
                0x0000000040034ae0                __eqdf2
 .text          0x0000000040034b0c       0x50 /opt/eclipse/arduinoPlugin/tools/Intel/arc-elf32/1.6.9+1.0.1/bin/../lib/gcc/arc-elf32/4.8.5/libgcc.a(_gedf2.o)
                0x0000000040034b0c                __gedf2
 .text          0x0000000040034b5c       0x4c /opt/eclipse/arduinoPlugin/tools/Intel/arc-elf32/1.6.9+1.0.1/bin/../lib/gcc/arc-elf32/4.8.5/libgcc.a(_gtdf2.o)
                0x0000000040034b5c                __gtdf2
 .text          0x0000000040034ba8       0x34 /opt/eclipse/arduinoPlugin/tools/Intel/arc-elf32/1.6.9+1.0.1/bin/../lib/gcc/arc-elf32/4.8.5/libgcc.a(_floatsidf.o)
                0x0000000040034ba8                __floatsidf
 .text          0x0000000040034bdc       0x38 /opt/eclipse/arduinoPlugin/tools/Intel/arc-elf32/1.6.9+1.0.1/bin/../lib/gcc/arc-elf32/4.8.5/libgcc.a(_fixunsdfsi.o)
                0x0000000040034bdc                __fixunsdfsi
 .text          0x0000000040034c14       0x28 /opt/eclipse/arduinoPlugin/tools/Intel/arc-elf32/1.6.9+1.0.1/bin/../lib/gcc/arc-elf32/4.8.5/libgcc.a(_floatunsidf.o)
                0x0000000040034c14                __floatunsidf
 *(.text.*)
 .text._main    0x0000000040034c3c       0x74 /opt/eclipse/arduinoPlugin/packages/Intel/hardware/arc32/2.0.2/variants/arduino_101/libarc32drv_arduino101.a(c_init.o)
                0x0000000040034c3c                _main
 .text.interrupt_connect
                0x0000000040034cb0       0x20 /opt/eclipse/arduinoPlugin/packages/Intel/hardware/arc32/2.0.2/variants/arduino_101/libarc32drv_arduino101.a(interrupt.o)
                0x0000000040034cb0                interrupt_connect
 .text.interrupt_enable
                0x0000000040034cd0       0x28 /opt/eclipse/arduinoPlugin/packages/Intel/hardware/arc32/2.0.2/variants/arduino_101/libarc32drv_arduino101.a(interrupt.o)
                0x0000000040034cd0                interrupt_enable
 .text.interrupt_priority_set
                0x0000000040034cf8       0x20 /opt/eclipse/arduinoPlugin/packages/Intel/hardware/arc32/2.0.2/variants/arduino_101/libarc32drv_arduino101.a(interrupt.o)
                0x0000000040034cf8                interrupt_priority_set
 .text.interrupt_unit_device_init
                0x0000000040034d18       0x50 /opt/eclipse/arduinoPlugin/packages/Intel/hardware/arc32/2.0.2/variants/arduino_101/libarc32drv_arduino101.a(interrupt.o)
                0x0000000040034d18                interrupt_unit_device_init
 .text._arcv2_timer0_int_handler
                0x0000000040034d68       0x20 /opt/eclipse/arduinoPlugin/packages/Intel/hardware/arc32/2.0.2/variants/arduino_101/libarc32drv_arduino101.a(arcv2_timer0.o)
                0x0000000040034d68                _arcv2_timer0_int_handler
 .text.timer0_driver_init
                0x0000000040034d88       0x40 /opt/eclipse/arduinoPlugin/packages/Intel/hardware/arc32/2.0.2/variants/arduino_101/libarc32drv_arduino101.a(arcv2_timer0.o)
                0x0000000040034d88                timer0_driver_init
 .text.atomic_inc
                0x0000000040034dc8       0x14 /opt/eclipse/arduinoPlugin/packages/Intel/hardware/arc32/2.0.2/variants/arduino_101/libarc32drv_arduino101.a(atomic_native.o)
                0x0000000040034dc8                atomic_inc
 .text.atomic_dec
                0x0000000040034ddc       0x14 /opt/eclipse/arduinoPlugin/packages/Intel/hardware/arc32/2.0.2/variants/arduino_101/libarc32drv_arduino101.a(atomic_native.o)
                0x0000000040034ddc                atomic_dec
 .text.atomic_get
                0x0000000040034df0        0x4 /opt/eclipse/arduinoPlugin/packages/Intel/hardware/arc32/2.0.2/variants/arduino_101/libarc32drv_arduino101.a(atomic_native.o)
                0x0000000040034df0                atomic_get
 .text.atomic_set
                0x0000000040034df4       0x10 /opt/eclipse/arduinoPlugin/packages/Intel/hardware/arc32/2.0.2/variants/arduino_101/libarc32drv_arduino101.a(atomic_native.o)
                0x0000000040034df4                atomic_set
 .text.atomic_or
                0x0000000040034e04       0x14 /opt/eclipse/arduinoPlugin/packages/Intel/hardware/arc32/2.0.2/variants/arduino_101/libarc32drv_arduino101.a(atomic_native.o)
                0x0000000040034e04                atomic_or
 .text.atomic_and
                0x0000000040034e18       0x14 /opt/eclipse/arduinoPlugin/packages/Intel/hardware/arc32/2.0.2/variants/arduino_101/libarc32drv_arduino101.a(atomic_native.o)
                0x0000000040034e18                atomic_and
 .text.ipc_uart_isr
                0x0000000040034e2c      0x220 /opt/eclipse/arduinoPlugin/packages/Intel/hardware/arc32/2.0.2/variants/arduino_101/libarc32drv_arduino101.a(ipc_uart_ns16550.o)
                0x0000000040034e2c                ipc_uart_isr
 .text.ipc_uart_close_channel
                0x000000004003504c       0x34 /opt/eclipse/arduinoPlugin/packages/Intel/hardware/arc32/2.0.2/variants/arduino_101/libarc32drv_arduino101.a(ipc_uart_ns16550.o)
                0x000000004003504c                ipc_uart_close_channel
 .text.ipc_uart_init
                0x0000000040035080       0x78 /opt/eclipse/arduinoPlugin/packages/Intel/hardware/arc32/2.0.2/variants/arduino_101/libarc32drv_arduino101.a(ipc_uart_ns16550.o)
                0x0000000040035080                ipc_uart_init
 .text.ipc_uart_channel_open
                0x00000000400350f8       0x8c /opt/eclipse/arduinoPlugin/packages/Intel/hardware/arc32/2.0.2/variants/arduino_101/libarc32drv_arduino101.a(ipc_uart_ns16550.o)
                0x00000000400350f8                ipc_uart_channel_open
 .text.ipc_uart_ns16550_send_pdu
                0x0000000040035184       0x48 /opt/eclipse/arduinoPlugin/packages/Intel/hardware/arc32/2.0.2/variants/arduino_101/libarc32drv_arduino101.a(ipc_uart_ns16550.o)
                0x0000000040035184                ipc_uart_ns16550_send_pdu
 .text.ipc_uart_ns16550_set_tx_cb
                0x00000000400351cc       0x18 /opt/eclipse/arduinoPlugin/packages/Intel/hardware/arc32/2.0.2/variants/arduino_101/libarc32drv_arduino101.a(ipc_uart_ns16550.o)
                0x00000000400351cc                ipc_uart_ns16550_set_tx_cb
 .text.uart_init
                0x00000000400351e4       0x9c /opt/eclipse/arduinoPlugin/packages/Intel/hardware/arc32/2.0.2/variants/arduino_101/libarc32drv_arduino101.a(ns16550.o)
                0x00000000400351e4                uart_init
 .text.uart_poll_in
                0x0000000040035280       0x28 /opt/eclipse/arduinoPlugin/packages/Intel/hardware/arc32/2.0.2/variants/arduino_101/libarc32drv_arduino101.a(ns16550.o)
                0x0000000040035280                uart_poll_in
 .text.uart_poll_out
                0x00000000400352a8       0x28 /opt/eclipse/arduinoPlugin/packages/Intel/hardware/arc32/2.0.2/variants/arduino_101/libarc32drv_arduino101.a(ns16550.o)
                0x00000000400352a8                uart_poll_out
 .text.uart_fifo_fill
                0x00000000400352d0       0x4c /opt/eclipse/arduinoPlugin/packages/Intel/hardware/arc32/2.0.2/variants/arduino_101/libarc32drv_arduino101.a(ns16550.o)
                0x00000000400352d0                uart_fifo_fill
 .text.uart_fifo_read
                0x000000004003531c       0x4c /opt/eclipse/arduinoPlugin/packages/Intel/hardware/arc32/2.0.2/variants/arduino_101/libarc32drv_arduino101.a(ns16550.o)
                0x000000004003531c                uart_fifo_read
 .text.uart_irq_tx_enable
                0x0000000040035368       0x20 /opt/eclipse/arduinoPlugin/packages/Intel/hardware/arc32/2.0.2/variants/arduino_101/libarc32drv_arduino101.a(ns16550.o)
                0x0000000040035368                uart_irq_tx_enable
 .text.uart_irq_tx_disable
                0x0000000040035388       0x20 /opt/eclipse/arduinoPlugin/packages/Intel/hardware/arc32/2.0.2/variants/arduino_101/libarc32drv_arduino101.a(ns16550.o)
                0x0000000040035388                uart_irq_tx_disable
 .text.uart_irq_tx_ready
                0x00000000400353a8       0x20 /opt/eclipse/arduinoPlugin/packages/Intel/hardware/arc32/2.0.2/variants/arduino_101/libarc32drv_arduino101.a(ns16550.o)
                0x00000000400353a8                uart_irq_tx_ready
 .text.uart_irq_rx_enable
                0x00000000400353c8       0x20 /opt/eclipse/arduinoPlugin/packages/Intel/hardware/arc32/2.0.2/variants/arduino_101/libarc32drv_arduino101.a(ns16550.o)
                0x00000000400353c8                uart_irq_rx_enable
 .text.uart_irq_rx_disable
                0x00000000400353e8       0x20 /opt/eclipse/arduinoPlugin/packages/Intel/hardware/arc32/2.0.2/variants/arduino_101/libarc32drv_arduino101.a(ns16550.o)
                0x00000000400353e8                uart_irq_rx_disable
 .text.uart_irq_rx_ready
                0x0000000040035408       0x20 /opt/eclipse/arduinoPlugin/packages/Intel/hardware/arc32/2.0.2/variants/arduino_101/libarc32drv_arduino101.a(ns16550.o)
                0x0000000040035408                uart_irq_rx_ready
 .text.uart_irq_err_detected
                0x0000000040035428       0x20 /opt/eclipse/arduinoPlugin/packages/Intel/hardware/arc32/2.0.2/variants/arduino_101/libarc32drv_arduino101.a(ns16550.o)
                0x0000000040035428                uart_irq_err_detected
 .text.uart_line_status
                0x0000000040035448       0x1c /opt/eclipse/arduinoPlugin/packages/Intel/hardware/arc32/2.0.2/variants/arduino_101/libarc32drv_arduino101.a(ns16550.o)
                0x0000000040035448                uart_line_status
 .text.uart_break_check
                0x0000000040035464       0x1c /opt/eclipse/arduinoPlugin/packages/Intel/hardware/arc32/2.0.2/variants/arduino_101/libarc32drv_arduino101.a(ns16550.o)
                0x0000000040035464                uart_break_check
 .text.uart_irq_is_pending
                0x0000000040035480       0x20 /opt/eclipse/arduinoPlugin/packages/Intel/hardware/arc32/2.0.2/variants/arduino_101/libarc32drv_arduino101.a(ns16550.o)
                0x0000000040035480                uart_irq_is_pending
 .text.uart_irq_update
                0x00000000400354a0       0x20 /opt/eclipse/arduinoPlugin/packages/Intel/hardware/arc32/2.0.2/variants/arduino_101/libarc32drv_arduino101.a(ns16550.o)
                0x00000000400354a0                uart_irq_update
 .text.uart_int_connect
                0x00000000400354c0       0x54 /opt/eclipse/arduinoPlugin/packages/Intel/hardware/arc32/2.0.2/variants/arduino_101/libarc32drv_arduino101.a(ns16550.o)
                0x00000000400354c0                uart_int_connect
 .text.uart_tx_complete
                0x0000000040035514       0x1c /opt/eclipse/arduinoPlugin/packages/Intel/hardware/arc32/2.0.2/variants/arduino_101/libarc32drv_arduino101.a(ns16550.o)
                0x0000000040035514                uart_tx_complete
 .text.uart_loop_enable
                0x0000000040035530       0x20 /opt/eclipse/arduinoPlugin/packages/Intel/hardware/arc32/2.0.2/variants/arduino_101/libarc32drv_arduino101.a(ns16550.o)
                0x0000000040035530                uart_loop_enable
 .text.soc_gpio_ISR_proc
                0x0000000040035550       0x60 /opt/eclipse/arduinoPlugin/packages/Intel/hardware/arc32/2.0.2/variants/arduino_101/libarc32drv_arduino101.a(soc_gpio.o)
 .text.gpio_isr
                0x00000000400355b0       0x10 /opt/eclipse/arduinoPlugin/packages/Intel/hardware/arc32/2.0.2/variants/arduino_101/libarc32drv_arduino101.a(soc_gpio.o)
                0x00000000400355b0                gpio_isr
 .text.gpio_aon_isr
                0x00000000400355c0       0x10 /opt/eclipse/arduinoPlugin/packages/Intel/hardware/arc32/2.0.2/variants/arduino_101/libarc32drv_arduino101.a(soc_gpio.o)
                0x00000000400355c0                gpio_aon_isr
 .text.soc_gpio_enable
                0x00000000400355d0       0x88 /opt/eclipse/arduinoPlugin/packages/Intel/hardware/arc32/2.0.2/variants/arduino_101/libarc32drv_arduino101.a(soc_gpio.o)
                0x00000000400355d0                soc_gpio_enable
 .text.soc_gpio_set_config
                0x0000000040035658      0x134 /opt/eclipse/arduinoPlugin/packages/Intel/hardware/arc32/2.0.2/variants/arduino_101/libarc32drv_arduino101.a(soc_gpio.o)
                0x0000000040035658                soc_gpio_set_config
 .text.soc_gpio_write
                0x000000004003578c       0x58 /opt/eclipse/arduinoPlugin/packages/Intel/hardware/arc32/2.0.2/variants/arduino_101/libarc32drv_arduino101.a(soc_gpio.o)
                0x000000004003578c                soc_gpio_write
 .text.rpc_deserialize
                0x00000000400357e4      0x1b8 /opt/eclipse/arduinoPlugin/packages/Intel/hardware/arc32/2.0.2/variants/arduino_101/libarc32drv_arduino101.a(rpc_deserialize.o)
                0x00000000400357e4                rpc_deserialize
 .text.encoded_buflen
                0x000000004003599c       0x24 /opt/eclipse/arduinoPlugin/packages/Intel/hardware/arc32/2.0.2/variants/arduino_101/libarc32drv_arduino101.a(rpc_serialize.o)
 .text.serialize_struct
                0x00000000400359c0       0x28 /opt/eclipse/arduinoPlugin/packages/Intel/hardware/arc32/2.0.2/variants/arduino_101/libarc32drv_arduino101.a(rpc_serialize.o)
 .text.serialize_buf
                0x00000000400359e8       0x54 /opt/eclipse/arduinoPlugin/packages/Intel/hardware/arc32/2.0.2/variants/arduino_101/libarc32drv_arduino101.a(rpc_serialize.o)
 .text.rpc_serialize_none
                0x0000000040035a3c       0x2c /opt/eclipse/arduinoPlugin/packages/Intel/hardware/arc32/2.0.2/variants/arduino_101/libarc32drv_arduino101.a(rpc_serialize.o)
                0x0000000040035a3c                rpc_serialize_none
 .text.nble_gap_start_adv_req
                0x0000000040035a68       0x10 /opt/eclipse/arduinoPlugin/packages/Intel/hardware/arc32/2.0.2/variants/arduino_101/libarc32drv_arduino101.a(rpc_serialize.o)
                0x0000000040035a68                nble_gap_start_adv_req
 .text.rpc_serialize_s
                0x0000000040035a78       0x54 /opt/eclipse/arduinoPlugin/packages/Intel/hardware/arc32/2.0.2/variants/arduino_101/libarc32drv_arduino101.a(rpc_serialize.o)
                0x0000000040035a78                rpc_serialize_s
 .text.nble_gap_sm_config_req
                0x0000000040035acc       0x14 /opt/eclipse/arduinoPlugin/packages/Intel/hardware/arc32/2.0.2/variants/arduino_101/libarc32drv_arduino101.a(rpc_serialize.o)
                0x0000000040035acc                nble_gap_sm_config_req
 .text.nble_set_bda_req
                0x0000000040035ae0       0x14 /opt/eclipse/arduinoPlugin/packages/Intel/hardware/arc32/2.0.2/variants/arduino_101/libarc32drv_arduino101.a(rpc_serialize.o)
                0x0000000040035ae0                nble_set_bda_req
 .text.nble_gattc_discover_req
                0x0000000040035af4       0x14 /opt/eclipse/arduinoPlugin/packages/Intel/hardware/arc32/2.0.2/variants/arduino_101/libarc32drv_arduino101.a(rpc_serialize.o)
                0x0000000040035af4                nble_gattc_discover_req
 .text.nble_gatts_wr_reply_req
                0x0000000040035b08       0x14 /opt/eclipse/arduinoPlugin/packages/Intel/hardware/arc32/2.0.2/variants/arduino_101/libarc32drv_arduino101.a(rpc_serialize.o)
                0x0000000040035b08                nble_gatts_wr_reply_req
 .text.nble_gattc_read_req
                0x0000000040035b1c       0x14 /opt/eclipse/arduinoPlugin/packages/Intel/hardware/arc32/2.0.2/variants/arduino_101/libarc32drv_arduino101.a(rpc_serialize.o)
                0x0000000040035b1c                nble_gattc_read_req
 .text.rpc_serialize_p
                0x0000000040035b30       0x44 /opt/eclipse/arduinoPlugin/packages/Intel/hardware/arc32/2.0.2/variants/arduino_101/libarc32drv_arduino101.a(rpc_serialize.o)
                0x0000000040035b30                rpc_serialize_p
 .text.nble_gap_read_bda_req
                0x0000000040035b74       0x14 /opt/eclipse/arduinoPlugin/packages/Intel/hardware/arc32/2.0.2/variants/arduino_101/libarc32drv_arduino101.a(rpc_serialize.o)
                0x0000000040035b74                nble_gap_read_bda_req
 .text.nble_gap_stop_adv_req
                0x0000000040035b88       0x14 /opt/eclipse/arduinoPlugin/packages/Intel/hardware/arc32/2.0.2/variants/arduino_101/libarc32drv_arduino101.a(rpc_serialize.o)
                0x0000000040035b88                nble_gap_stop_adv_req
 .text.rpc_serialize_s_b
                0x0000000040035b9c       0x68 /opt/eclipse/arduinoPlugin/packages/Intel/hardware/arc32/2.0.2/variants/arduino_101/libarc32drv_arduino101.a(rpc_serialize.o)
                0x0000000040035b9c                rpc_serialize_s_b
 .text.nble_gatts_rd_reply_req
                0x0000000040035c04       0x1c /opt/eclipse/arduinoPlugin/packages/Intel/hardware/arc32/2.0.2/variants/arduino_101/libarc32drv_arduino101.a(rpc_serialize.o)
                0x0000000040035c04                nble_gatts_rd_reply_req
 .text.nble_gattc_write_req
                0x0000000040035c20       0x1c /opt/eclipse/arduinoPlugin/packages/Intel/hardware/arc32/2.0.2/variants/arduino_101/libarc32drv_arduino101.a(rpc_serialize.o)
                0x0000000040035c20                nble_gattc_write_req
 .text.nble_gattc_read_multiple_req
                0x0000000040035c3c       0x1c /opt/eclipse/arduinoPlugin/packages/Intel/hardware/arc32/2.0.2/variants/arduino_101/libarc32drv_arduino101.a(rpc_serialize.o)
                0x0000000040035c3c                nble_gattc_read_multiple_req
 .text.free_message_ipc
                0x0000000040035c58       0x18 /opt/eclipse/arduinoPlugin/packages/Intel/hardware/arc32/2.0.2/variants/arduino_101/libarc32drv_arduino101.a(cfw_platform.o)
 .text.send_message_ipc
                0x0000000040035c70       0x18 /opt/eclipse/arduinoPlugin/packages/Intel/hardware/arc32/2.0.2/variants/arduino_101/libarc32drv_arduino101.a(cfw_platform.o)
 .text.ipc_mbx_isr
                0x0000000040035c88       0x30 /opt/eclipse/arduinoPlugin/packages/Intel/hardware/arc32/2.0.2/variants/arduino_101/libarc32drv_arduino101.a(cfw_platform.o)
 .text.cfw_platform_init
                0x0000000040035cb8       0xa0 /opt/eclipse/arduinoPlugin/packages/Intel/hardware/arc32/2.0.2/variants/arduino_101/libarc32drv_arduino101.a(cfw_platform.o)
                0x0000000040035cb8                cfw_platform_init
 .text.notify_connected
                0x0000000040035d58       0x34 /opt/eclipse/arduinoPlugin/packages/Intel/hardware/arc32/2.0.2/variants/arduino_101/libarc32drv_arduino101.a(conn.o)
 .text.notify_le_param_updated
                0x0000000040035d8c       0x3c /opt/eclipse/arduinoPlugin/packages/Intel/hardware/arc32/2.0.2/variants/arduino_101/libarc32drv_arduino101.a(conn.o)
                0x0000000040035d8c                notify_le_param_updated
 .text.bt_conn_add_le
                0x0000000040035dc8       0x74 /opt/eclipse/arduinoPlugin/packages/Intel/hardware/arc32/2.0.2/variants/arduino_101/libarc32drv_arduino101.a(conn.o)
                0x0000000040035dc8                bt_conn_add_le
 .text.bt_conn_set_state
                0x0000000040035e3c       0xbc /opt/eclipse/arduinoPlugin/packages/Intel/hardware/arc32/2.0.2/variants/arduino_101/libarc32drv_arduino101.a(conn.o)
                0x0000000040035e3c                bt_conn_set_state
 .text.bt_conn_lookup_handle
                0x0000000040035ef8       0x60 /opt/eclipse/arduinoPlugin/packages/Intel/hardware/arc32/2.0.2/variants/arduino_101/libarc32drv_arduino101.a(conn.o)
                0x0000000040035ef8                bt_conn_lookup_handle
 .text.bt_conn_lookup_addr_le
                0x0000000040035f58       0x5c /opt/eclipse/arduinoPlugin/packages/Intel/hardware/arc32/2.0.2/variants/arduino_101/libarc32drv_arduino101.a(conn.o)
                0x0000000040035f58                bt_conn_lookup_addr_le
 .text.bt_conn_lookup_state_le
                0x0000000040035fb4       0x84 /opt/eclipse/arduinoPlugin/packages/Intel/hardware/arc32/2.0.2/variants/arduino_101/libarc32drv_arduino101.a(conn.o)
                0x0000000040035fb4                bt_conn_lookup_state_le
 .text.bt_conn_unref
                0x0000000040036038       0x10 /opt/eclipse/arduinoPlugin/packages/Intel/hardware/arc32/2.0.2/variants/arduino_101/libarc32drv_arduino101.a(conn.o)
                0x0000000040036038                bt_conn_unref
 .text.on_nble_gap_cancel_connect_rsp
                0x0000000040036048       0x18 /opt/eclipse/arduinoPlugin/packages/Intel/hardware/arc32/2.0.2/variants/arduino_101/libarc32drv_arduino101.a(conn.o)
                0x0000000040036048                on_nble_gap_cancel_connect_rsp
 .text.on_nble_gap_connect_rsp
                0x0000000040036060       0x24 /opt/eclipse/arduinoPlugin/packages/Intel/hardware/arc32/2.0.2/variants/arduino_101/libarc32drv_arduino101.a(conn.o)
                0x0000000040036060                on_nble_gap_connect_rsp
 .text.bt_conn_init
                0x0000000040036084       0x10 /opt/eclipse/arduinoPlugin/packages/Intel/hardware/arc32/2.0.2/variants/arduino_101/libarc32drv_arduino101.a(conn.o)
                0x0000000040036084                bt_conn_init
 .text.on_nble_gap_dtm_init_rsp
                0x0000000040036094        0xc /opt/eclipse/arduinoPlugin/packages/Intel/hardware/arc32/2.0.2/variants/arduino_101/libarc32drv_arduino101.a(dtm_tcmd.o)
                0x0000000040036094                on_nble_gap_dtm_init_rsp
 .text.bt_init  0x00000000400360a0       0x40 /opt/eclipse/arduinoPlugin/packages/Intel/hardware/arc32/2.0.2/variants/arduino_101/libarc32drv_arduino101.a(gap.o)
 .text.set_advertise_disable
                0x00000000400360e0       0x34 /opt/eclipse/arduinoPlugin/packages/Intel/hardware/arc32/2.0.2/variants/arduino_101/libarc32drv_arduino101.a(gap.o)
 .text.set_advertise_enable
                0x0000000040036114       0x24 /opt/eclipse/arduinoPlugin/packages/Intel/hardware/arc32/2.0.2/variants/arduino_101/libarc32drv_arduino101.a(gap.o)
 .text.on_nble_gap_start_advertise_rsp
                0x0000000040036138       0x28 /opt/eclipse/arduinoPlugin/packages/Intel/hardware/arc32/2.0.2/variants/arduino_101/libarc32drv_arduino101.a(gap.o)
                0x0000000040036138                on_nble_gap_start_advertise_rsp
 .text.on_nble_gap_disconnect_evt
                0x0000000040036160       0x78 /opt/eclipse/arduinoPlugin/packages/Intel/hardware/arc32/2.0.2/variants/arduino_101/libarc32drv_arduino101.a(gap.o)
                0x0000000040036160                on_nble_gap_disconnect_evt
 .text.on_nble_gap_connect_evt
                0x00000000400361d8       0xa4 /opt/eclipse/arduinoPlugin/packages/Intel/hardware/arc32/2.0.2/variants/arduino_101/libarc32drv_arduino101.a(gap.o)
                0x00000000400361d8                on_nble_gap_connect_evt
 .text.on_nble_gap_adv_report_evt
                0x000000004003627c       0x68 /opt/eclipse/arduinoPlugin/packages/Intel/hardware/arc32/2.0.2/variants/arduino_101/libarc32drv_arduino101.a(gap.o)
                0x000000004003627c                on_nble_gap_adv_report_evt
 .text.on_nble_gap_conn_update_evt
                0x00000000400362e4       0x54 /opt/eclipse/arduinoPlugin/packages/Intel/hardware/arc32/2.0.2/variants/arduino_101/libarc32drv_arduino101.a(gap.o)
                0x00000000400362e4                on_nble_gap_conn_update_evt
 .text.on_nble_gap_scan_start_stop_rsp
                0x0000000040036338       0x20 /opt/eclipse/arduinoPlugin/packages/Intel/hardware/arc32/2.0.2/variants/arduino_101/libarc32drv_arduino101.a(gap.o)
                0x0000000040036338                on_nble_gap_scan_start_stop_rsp
 .text.on_nble_up
                0x0000000040036358       0x48 /opt/eclipse/arduinoPlugin/packages/Intel/hardware/arc32/2.0.2/variants/arduino_101/libarc32drv_arduino101.a(gap.o)
                0x0000000040036358                on_nble_up
 .text.bt_enable
                0x00000000400363a0       0x3c /opt/eclipse/arduinoPlugin/packages/Intel/hardware/arc32/2.0.2/variants/arduino_101/libarc32drv_arduino101.a(gap.o)
                0x00000000400363a0                bt_enable
 .text.on_nble_gap_dir_adv_timeout_evt
                0x00000000400363dc       0x5c /opt/eclipse/arduinoPlugin/packages/Intel/hardware/arc32/2.0.2/variants/arduino_101/libarc32drv_arduino101.a(gap.o)
                0x00000000400363dc                on_nble_gap_dir_adv_timeout_evt
 .text.bt_le_adv_stop
                0x0000000040036438       0x38 /opt/eclipse/arduinoPlugin/packages/Intel/hardware/arc32/2.0.2/variants/arduino_101/libarc32drv_arduino101.a(gap.o)
                0x0000000040036438                bt_le_adv_stop
 .text.on_nble_uas_bucket_change
                0x0000000040036470        0xc /opt/eclipse/arduinoPlugin/packages/Intel/hardware/arc32/2.0.2/variants/arduino_101/libarc32drv_arduino101.a(gap.o)
                0x0000000040036470                on_nble_uas_bucket_change
 .text.on_nble_gap_set_rssi_report_rsp
                0x000000004003647c       0x18 /opt/eclipse/arduinoPlugin/packages/Intel/hardware/arc32/2.0.2/variants/arduino_101/libarc32drv_arduino101.a(gap.o)
                0x000000004003647c                on_nble_gap_set_rssi_report_rsp
 .text.on_nble_gap_rssi_evt
                0x0000000040036494       0x20 /opt/eclipse/arduinoPlugin/packages/Intel/hardware/arc32/2.0.2/variants/arduino_101/libarc32drv_arduino101.a(gap.o)
                0x0000000040036494                on_nble_gap_rssi_evt
 .text.on_nble_gap_tx_power_rsp
                0x00000000400364b4        0xc /opt/eclipse/arduinoPlugin/packages/Intel/hardware/arc32/2.0.2/variants/arduino_101/libarc32drv_arduino101.a(gap.o)
                0x00000000400364b4                on_nble_gap_tx_power_rsp
 .text.on_nble_get_version_rsp
                0x00000000400364c0       0x18 /opt/eclipse/arduinoPlugin/packages/Intel/hardware/arc32/2.0.2/variants/arduino_101/libarc32drv_arduino101.a(gap.o)
                0x00000000400364c0                on_nble_get_version_rsp
 .text.flush_all
                0x00000000400364d8       0x3c /opt/eclipse/arduinoPlugin/packages/Intel/hardware/arc32/2.0.2/variants/arduino_101/libarc32drv_arduino101.a(gatt.o)
 .text.att_write_ccc_rsp
                0x0000000040036514       0x44 /opt/eclipse/arduinoPlugin/packages/Intel/hardware/arc32/2.0.2/variants/arduino_101/libarc32drv_arduino101.a(gatt.o)
 .text.gatt_ccc_changed
                0x0000000040036558       0x80 /opt/eclipse/arduinoPlugin/packages/Intel/hardware/arc32/2.0.2/variants/arduino_101/libarc32drv_arduino101.a(gatt.o)
 .text.disconnected_cb
                0x00000000400365d8       0x94 /opt/eclipse/arduinoPlugin/packages/Intel/hardware/arc32/2.0.2/variants/arduino_101/libarc32drv_arduino101.a(gatt.o)
 .text.connected_cb
                0x000000004003666c       0x60 /opt/eclipse/arduinoPlugin/packages/Intel/hardware/arc32/2.0.2/variants/arduino_101/libarc32drv_arduino101.a(gatt.o)
 .text.bt_gatt_attr_write_ccc
                0x00000000400366cc       0xd8 /opt/eclipse/arduinoPlugin/packages/Intel/hardware/arc32/2.0.2/variants/arduino_101/libarc32drv_arduino101.a(gatt.o)
                0x00000000400366cc                bt_gatt_attr_write_ccc
 .text.gatt_write_ccc
                0x00000000400367a4       0x64 /opt/eclipse/arduinoPlugin/packages/Intel/hardware/arc32/2.0.2/variants/arduino_101/libarc32drv_arduino101.a(gatt.o)
 .text.on_nble_gatt_register_rsp
                0x0000000040036808       0x90 /opt/eclipse/arduinoPlugin/packages/Intel/hardware/arc32/2.0.2/variants/arduino_101/libarc32drv_arduino101.a(gatt.o)
                0x0000000040036808                on_nble_gatt_register_rsp
 .text.bt_gatt_attr_read
                0x0000000040036898       0x5c /opt/eclipse/arduinoPlugin/packages/Intel/hardware/arc32/2.0.2/variants/arduino_101/libarc32drv_arduino101.a(gatt.o)
                0x0000000040036898                bt_gatt_attr_read
 .text.bt_gatt_attr_read_service
                0x00000000400368f4       0x68 /opt/eclipse/arduinoPlugin/packages/Intel/hardware/arc32/2.0.2/variants/arduino_101/libarc32drv_arduino101.a(gatt.o)
                0x00000000400368f4                bt_gatt_attr_read_service
 .text.bt_gatt_attr_read_included
                0x000000004003695c       0x74 /opt/eclipse/arduinoPlugin/packages/Intel/hardware/arc32/2.0.2/variants/arduino_101/libarc32drv_arduino101.a(gatt.o)
                0x000000004003695c                bt_gatt_attr_read_included
 .text.bt_gatt_attr_read_chrc
                0x00000000400369d0       0x74 /opt/eclipse/arduinoPlugin/packages/Intel/hardware/arc32/2.0.2/variants/arduino_101/libarc32drv_arduino101.a(gatt.o)
                0x00000000400369d0                bt_gatt_attr_read_chrc
 .text.bt_gatt_attr_next
                0x0000000040036a44       0x68 /opt/eclipse/arduinoPlugin/packages/Intel/hardware/arc32/2.0.2/variants/arduino_101/libarc32drv_arduino101.a(gatt.o)
                0x0000000040036a44                bt_gatt_attr_next
 .text.bt_gatt_foreach_attr
                0x0000000040036aac       0x4c /opt/eclipse/arduinoPlugin/packages/Intel/hardware/arc32/2.0.2/variants/arduino_101/libarc32drv_arduino101.a(gatt.o)
                0x0000000040036aac                bt_gatt_foreach_attr
 .text.on_nble_gatts_send_notif_rsp
                0x0000000040036af8       0x48 /opt/eclipse/arduinoPlugin/packages/Intel/hardware/arc32/2.0.2/variants/arduino_101/libarc32drv_arduino101.a(gatt.o)
                0x0000000040036af8                on_nble_gatts_send_notif_rsp
 .text.on_nble_gatts_send_ind_rsp
                0x0000000040036b40       0x48 /opt/eclipse/arduinoPlugin/packages/Intel/hardware/arc32/2.0.2/variants/arduino_101/libarc32drv_arduino101.a(gatt.o)
                0x0000000040036b40                on_nble_gatts_send_ind_rsp
 .text.on_nble_gatts_write_evt
                0x0000000040036b88       0x98 /opt/eclipse/arduinoPlugin/packages/Intel/hardware/arc32/2.0.2/variants/arduino_101/libarc32drv_arduino101.a(gatt.o)
                0x0000000040036b88                on_nble_gatts_write_evt
 .text.on_nble_gatts_write_exec_evt
                0x0000000040036c20       0x78 /opt/eclipse/arduinoPlugin/packages/Intel/hardware/arc32/2.0.2/variants/arduino_101/libarc32drv_arduino101.a(gatt.o)
                0x0000000040036c20                on_nble_gatts_write_exec_evt
 .text.on_nble_gatts_read_evt
                0x0000000040036c98       0x98 /opt/eclipse/arduinoPlugin/packages/Intel/hardware/arc32/2.0.2/variants/arduino_101/libarc32drv_arduino101.a(gatt.o)
                0x0000000040036c98                on_nble_gatts_read_evt
 .text.bt_gatt_discover
                0x0000000040036d30       0xc8 /opt/eclipse/arduinoPlugin/packages/Intel/hardware/arc32/2.0.2/variants/arduino_101/libarc32drv_arduino101.a(gatt.o)
                0x0000000040036d30                bt_gatt_discover
 .text.on_nble_gattc_discover_rsp
                0x0000000040036df8      0x258 /opt/eclipse/arduinoPlugin/packages/Intel/hardware/arc32/2.0.2/variants/arduino_101/libarc32drv_arduino101.a(gatt.o)
                0x0000000040036df8                on_nble_gattc_discover_rsp
 .text.on_nble_gattc_read_multiple_rsp
                0x0000000040037050       0x68 /opt/eclipse/arduinoPlugin/packages/Intel/hardware/arc32/2.0.2/variants/arduino_101/libarc32drv_arduino101.a(gatt.o)
                0x0000000040037050                on_nble_gattc_read_multiple_rsp
 .text.bt_gatt_read
                0x00000000400370b8       0x70 /opt/eclipse/arduinoPlugin/packages/Intel/hardware/arc32/2.0.2/variants/arduino_101/libarc32drv_arduino101.a(gatt.o)
                0x00000000400370b8                bt_gatt_read
 .text.on_nble_gattc_read_rsp
                0x0000000040037128       0x80 /opt/eclipse/arduinoPlugin/packages/Intel/hardware/arc32/2.0.2/variants/arduino_101/libarc32drv_arduino101.a(gatt.o)
                0x0000000040037128                on_nble_gattc_read_rsp
 .text.on_nble_gattc_write_rsp
                0x00000000400371a8       0x44 /opt/eclipse/arduinoPlugin/packages/Intel/hardware/arc32/2.0.2/variants/arduino_101/libarc32drv_arduino101.a(gatt.o)
                0x00000000400371a8                on_nble_gattc_write_rsp
 .text.bt_gatt_unsubscribe
                0x00000000400371ec       0xbc /opt/eclipse/arduinoPlugin/packages/Intel/hardware/arc32/2.0.2/variants/arduino_101/libarc32drv_arduino101.a(gatt.o)
                0x00000000400371ec                bt_gatt_unsubscribe
 .text.on_nble_gattc_value_evt
                0x00000000400372a8       0x78 /opt/eclipse/arduinoPlugin/packages/Intel/hardware/arc32/2.0.2/variants/arduino_101/libarc32drv_arduino101.a(gatt.o)
                0x00000000400372a8                on_nble_gattc_value_evt
 .text.bt_gatt_connected
                0x0000000040037320       0x70 /opt/eclipse/arduinoPlugin/packages/Intel/hardware/arc32/2.0.2/variants/arduino_101/libarc32drv_arduino101.a(gatt.o)
                0x0000000040037320                bt_gatt_connected
 .text.bt_gatt_disconnected
                0x0000000040037390       0x78 /opt/eclipse/arduinoPlugin/packages/Intel/hardware/arc32/2.0.2/variants/arduino_101/libarc32drv_arduino101.a(gatt.o)
                0x0000000040037390                bt_gatt_disconnected
 .text.bt_l2cap_connected
                0x0000000040037408       0x18 /opt/eclipse/arduinoPlugin/packages/Intel/hardware/arc32/2.0.2/variants/arduino_101/libarc32drv_arduino101.a(l2cap.o)
                0x0000000040037408                bt_l2cap_connected
 .text.bt_l2cap_disconnected
                0x0000000040037420       0x10 /opt/eclipse/arduinoPlugin/packages/Intel/hardware/arc32/2.0.2/variants/arduino_101/libarc32drv_arduino101.a(l2cap.o)
                0x0000000040037420                bt_l2cap_disconnected
 .text.on_nble_gap_sm_bond_info_rsp
                0x0000000040037430        0xc /opt/eclipse/arduinoPlugin/packages/Intel/hardware/arc32/2.0.2/variants/arduino_101/libarc32drv_arduino101.a(smp_null.o)
                0x0000000040037430                on_nble_gap_sm_bond_info_rsp
 .text.on_nble_gap_sm_passkey_req_evt
                0x000000004003743c        0xc /opt/eclipse/arduinoPlugin/packages/Intel/hardware/arc32/2.0.2/variants/arduino_101/libarc32drv_arduino101.a(smp_null.o)
                0x000000004003743c                on_nble_gap_sm_passkey_req_evt
 .text.on_nble_gap_sm_passkey_display_evt
                0x0000000040037448        0xc /opt/eclipse/arduinoPlugin/packages/Intel/hardware/arc32/2.0.2/variants/arduino_101/libarc32drv_arduino101.a(smp_null.o)
                0x0000000040037448                on_nble_gap_sm_passkey_display_evt
 .text.on_nble_gap_sm_status_evt
                0x0000000040037454       0x1c /opt/eclipse/arduinoPlugin/packages/Intel/hardware/arc32/2.0.2/variants/arduino_101/libarc32drv_arduino101.a(smp_null.o)
                0x0000000040037454                on_nble_gap_sm_status_evt
 .text.bt_smp_init
                0x0000000040037470       0x30 /opt/eclipse/arduinoPlugin/packages/Intel/hardware/arc32/2.0.2/variants/arduino_101/libarc32drv_arduino101.a(smp_null.o)
                0x0000000040037470                bt_smp_init
 .text.on_nble_gap_sm_config_rsp
                0x00000000400374a0       0x20 /opt/eclipse/arduinoPlugin/packages/Intel/hardware/arc32/2.0.2/variants/arduino_101/libarc32drv_arduino101.a(smp_null.o)
                0x00000000400374a0                on_nble_gap_sm_config_rsp
 .text.on_nble_gap_sm_common_rsp
                0x00000000400374c0       0x20 /opt/eclipse/arduinoPlugin/packages/Intel/hardware/arc32/2.0.2/variants/arduino_101/libarc32drv_arduino101.a(smp_null.o)
                0x00000000400374c0                on_nble_gap_sm_common_rsp
 .text.uuid_to_uuid128
                0x00000000400374e0       0x54 /opt/eclipse/arduinoPlugin/packages/Intel/hardware/arc32/2.0.2/variants/arduino_101/libarc32drv_arduino101.a(uuid.o)
 .text.bt_uuid_cmp
                0x0000000040037534       0x64 /opt/eclipse/arduinoPlugin/packages/Intel/hardware/arc32/2.0.2/variants/arduino_101/libarc32drv_arduino101.a(uuid.o)
                0x0000000040037534                bt_uuid_cmp
 .text.ble_client_disconnected
                0x0000000040037598        0xc /opt/eclipse/arduinoPlugin/packages/Intel/hardware/arc32/2.0.2/variants/arduino_101/libarc32drv_arduino101.a(ble_service.o)
 .text.ble_bt_rdy
                0x00000000400375a4       0x54 /opt/eclipse/arduinoPlugin/packages/Intel/hardware/arc32/2.0.2/variants/arduino_101/libarc32drv_arduino101.a(ble_service.o)
                0x00000000400375a4                ble_bt_rdy
 .text.ble_set_bda_cb
                0x00000000400375f8       0x58 /opt/eclipse/arduinoPlugin/packages/Intel/hardware/arc32/2.0.2/variants/arduino_101/libarc32drv_arduino101.a(ble_service.o)
 .text.handle_msg_id_ble_rpc_callin
                0x0000000040037650       0x30 /opt/eclipse/arduinoPlugin/packages/Intel/hardware/arc32/2.0.2/variants/arduino_101/libarc32drv_arduino101.a(ble_service.o)
 .text.ble_client_connected
                0x0000000040037680       0x28 /opt/eclipse/arduinoPlugin/packages/Intel/hardware/arc32/2.0.2/variants/arduino_101/libarc32drv_arduino101.a(ble_service.o)
 .text.ble_service_message_handler
                0x00000000400376a8      0x10c /opt/eclipse/arduinoPlugin/packages/Intel/hardware/arc32/2.0.2/variants/arduino_101/libarc32drv_arduino101.a(ble_service.o)
 .text.on_nble_gap_dbg_rsp
                0x00000000400377b4        0xc /opt/eclipse/arduinoPlugin/packages/Intel/hardware/arc32/2.0.2/variants/arduino_101/libarc32drv_arduino101.a(ble_service.o)
                0x00000000400377b4                on_nble_gap_dbg_rsp
 .text.on_nble_gap_read_bda_rsp
                0x00000000400377c0       0x3c /opt/eclipse/arduinoPlugin/packages/Intel/hardware/arc32/2.0.2/variants/arduino_101/libarc32drv_arduino101.a(ble_service.o)
                0x00000000400377c0                on_nble_gap_read_bda_rsp
 .text.on_nble_set_bda_rsp
                0x00000000400377fc       0x1c /opt/eclipse/arduinoPlugin/packages/Intel/hardware/arc32/2.0.2/variants/arduino_101/libarc32drv_arduino101.a(ble_service.o)
                0x00000000400377fc                on_nble_set_bda_rsp
 .text.ble_cfw_service_init
                0x0000000040037818       0x58 /opt/eclipse/arduinoPlugin/packages/Intel/hardware/arc32/2.0.2/variants/arduino_101/libarc32drv_arduino101.a(ble_service.o)
                0x0000000040037818                ble_cfw_service_init
 .text.nble_log
                0x0000000040037870       0x24 /opt/eclipse/arduinoPlugin/packages/Intel/hardware/arc32/2.0.2/variants/arduino_101/libarc32drv_arduino101.a(ble_service.o)
                0x0000000040037870                nble_log
 .text.on_nble_common_rsp
                0x0000000040037894       0x20 /opt/eclipse/arduinoPlugin/packages/Intel/hardware/arc32/2.0.2/variants/arduino_101/libarc32drv_arduino101.a(ble_service.o)
                0x0000000040037894                on_nble_common_rsp
 .text.uart_ipc_rpc_cback
                0x00000000400378b4       0xc8 /opt/eclipse/arduinoPlugin/packages/Intel/hardware/arc32/2.0.2/variants/arduino_101/libarc32drv_arduino101.a(nble_driver.o)
 .text.nble_wake_assert.isra.1
                0x000000004003797c       0x3c /opt/eclipse/arduinoPlugin/packages/Intel/hardware/arc32/2.0.2/variants/arduino_101/libarc32drv_arduino101.a(nble_driver.o)
 .text.nble_ipc_tx_wake_cb
                0x00000000400379b8       0x10 /opt/eclipse/arduinoPlugin/packages/Intel/hardware/arc32/2.0.2/variants/arduino_101/libarc32drv_arduino101.a(nble_driver.o)
 .text.on_nble_curie_log
                0x00000000400379c8       0x40 /opt/eclipse/arduinoPlugin/packages/Intel/hardware/arc32/2.0.2/variants/arduino_101/libarc32drv_arduino101.a(nble_driver.o)
                0x00000000400379c8                on_nble_curie_log
 .text.rpc_alloc_cb
                0x0000000040037a08       0x44 /opt/eclipse/arduinoPlugin/packages/Intel/hardware/arc32/2.0.2/variants/arduino_101/libarc32drv_arduino101.a(nble_driver.o)
                0x0000000040037a08                rpc_alloc_cb
 .text.rpc_transmit_cb
                0x0000000040037a4c       0x5c /opt/eclipse/arduinoPlugin/packages/Intel/hardware/arc32/2.0.2/variants/arduino_101/libarc32drv_arduino101.a(nble_driver.o)
                0x0000000040037a4c                rpc_transmit_cb
 .text.nble_driver_init
                0x0000000040037aa8      0x110 /opt/eclipse/arduinoPlugin/packages/Intel/hardware/arc32/2.0.2/variants/arduino_101/libarc32drv_arduino101.a(nble_driver.o)
                0x0000000040037aa8                nble_driver_init
 .text.nble_driver_configure
                0x0000000040037bb8       0x64 /opt/eclipse/arduinoPlugin/packages/Intel/hardware/arc32/2.0.2/variants/arduino_101/libarc32drv_arduino101.a(nble_driver.o)
                0x0000000040037bb8                nble_driver_configure
 .text.on_nble_curie_init
                0x0000000040037c1c       0x10 /opt/eclipse/arduinoPlugin/packages/Intel/hardware/arc32/2.0.2/variants/arduino_101/libarc32drv_arduino101.a(nble_driver.o)
                0x0000000040037c1c                on_nble_curie_init
 .text.cfw_alloc_message
                0x0000000040037c2c       0x10 /opt/eclipse/arduinoPlugin/packages/Intel/hardware/arc32/2.0.2/variants/arduino_101/libarc32drv_arduino101.a(client_api.o)
                0x0000000040037c2c                cfw_alloc_message
 .text.cfw_register_service
                0x0000000040037c3c       0x48 /opt/eclipse/arduinoPlugin/packages/Intel/hardware/arc32/2.0.2/variants/arduino_101/libarc32drv_arduino101.a(service_api.o)
                0x0000000040037c3c                cfw_register_service
 .text.cfw_alloc_rsp_msg
                0x0000000040037c84       0x50 /opt/eclipse/arduinoPlugin/packages/Intel/hardware/arc32/2.0.2/variants/arduino_101/libarc32drv_arduino101.a(service_api.o)
                0x0000000040037c84                cfw_alloc_rsp_msg
 .text._cfw_send_message
                0x0000000040037cd4       0x10 /opt/eclipse/arduinoPlugin/packages/Intel/hardware/arc32/2.0.2/variants/arduino_101/libarc32drv_arduino101.a(service_api.o)
                0x0000000040037cd4                _cfw_send_message
 .text.cfw_msg_free
                0x0000000040037ce4       0x10 /opt/eclipse/arduinoPlugin/packages/Intel/hardware/arc32/2.0.2/variants/arduino_101/libarc32drv_arduino101.a(service_api.o)
                0x0000000040037ce4                cfw_msg_free
 .text.send_service_avail_evt
                0x0000000040037cf4       0x7c /opt/eclipse/arduinoPlugin/packages/Intel/hardware/arc32/2.0.2/variants/arduino_101/libarc32drv_arduino101.a(service_manager.o)
 .text.notify_service_avail_cb
                0x0000000040037d70       0x38 /opt/eclipse/arduinoPlugin/packages/Intel/hardware/arc32/2.0.2/variants/arduino_101/libarc32drv_arduino101.a(service_manager.o)
                0x0000000040037d70                notify_service_avail_cb
 .text.add_service_avail_listener
                0x0000000040037da8       0x64 /opt/eclipse/arduinoPlugin/packages/Intel/hardware/arc32/2.0.2/variants/arduino_101/libarc32drv_arduino101.a(service_manager.o)
                0x0000000040037da8                add_service_avail_listener
 .text.notify_service_avail
                0x0000000040037e0c       0x2c /opt/eclipse/arduinoPlugin/packages/Intel/hardware/arc32/2.0.2/variants/arduino_101/libarc32drv_arduino101.a(service_manager.o)
                0x0000000040037e0c                notify_service_avail
 .text.get_event_registered_list
                0x0000000040037e38       0x28 /opt/eclipse/arduinoPlugin/packages/Intel/hardware/arc32/2.0.2/variants/arduino_101/libarc32drv_arduino101.a(service_manager.o)
                0x0000000040037e38                get_event_registered_list
 .text._cfw_register_event
                0x0000000040037e60       0x5c /opt/eclipse/arduinoPlugin/packages/Intel/hardware/arc32/2.0.2/variants/arduino_101/libarc32drv_arduino101.a(service_manager.o)
                0x0000000040037e60                _cfw_register_event
 .text._find_service
                0x0000000040037ebc       0x30 /opt/eclipse/arduinoPlugin/packages/Intel/hardware/arc32/2.0.2/variants/arduino_101/libarc32drv_arduino101.a(service_manager.o)
                0x0000000040037ebc                _find_service
 .text.cfw_get_service
                0x0000000040037eec       0x28 /opt/eclipse/arduinoPlugin/packages/Intel/hardware/arc32/2.0.2/variants/arduino_101/libarc32drv_arduino101.a(service_manager.o)
                0x0000000040037eec                cfw_get_service
 .text.internal_handle_message
                0x0000000040037f14      0x230 /opt/eclipse/arduinoPlugin/packages/Intel/hardware/arc32/2.0.2/variants/arduino_101/libarc32drv_arduino101.a(service_manager.o)
                0x0000000040037f14                internal_handle_message
 .text.cfw_get_service_mgr_port_id
                0x0000000040038144       0x14 /opt/eclipse/arduinoPlugin/packages/Intel/hardware/arc32/2.0.2/variants/arduino_101/libarc32drv_arduino101.a(service_manager.o)
                0x0000000040038144                cfw_get_service_mgr_port_id
 .text._cfw_init
                0x0000000040038158       0x34 /opt/eclipse/arduinoPlugin/packages/Intel/hardware/arc32/2.0.2/variants/arduino_101/libarc32drv_arduino101.a(service_manager.o)
                0x0000000040038158                _cfw_init
 .text._add_service
                0x000000004003818c       0x4c /opt/eclipse/arduinoPlugin/packages/Intel/hardware/arc32/2.0.2/variants/arduino_101/libarc32drv_arduino101.a(service_manager.o)
                0x000000004003818c                _add_service
 .text._cfw_register_service
                0x00000000400381d8       0x80 /opt/eclipse/arduinoPlugin/packages/Intel/hardware/arc32/2.0.2/variants/arduino_101/libarc32drv_arduino101.a(service_manager.o)
                0x00000000400381d8                _cfw_register_service
 .text.handle_ipc_sync_request
                0x0000000040038258       0x7c /opt/eclipse/arduinoPlugin/packages/Intel/hardware/arc32/2.0.2/variants/arduino_101/libarc32drv_arduino101.a(service_manager.o)
                0x0000000040038258                handle_ipc_sync_request
 .text.ipc_init
                0x00000000400382d4       0x48 /opt/eclipse/arduinoPlugin/packages/Intel/hardware/arc32/2.0.2/variants/arduino_101/libarc32drv_arduino101.a(ipc.o)
                0x00000000400382d4                ipc_init
 .text.ipc_handle_message
                0x000000004003831c       0xc0 /opt/eclipse/arduinoPlugin/packages/Intel/hardware/arc32/2.0.2/variants/arduino_101/libarc32drv_arduino101.a(ipc.o)
                0x000000004003831c                ipc_handle_message
 .text.ipc_request_sync_int
                0x00000000400383dc      0x180 /opt/eclipse/arduinoPlugin/packages/Intel/hardware/arc32/2.0.2/variants/arduino_101/libarc32drv_arduino101.a(ipc.o)
                0x00000000400383dc                ipc_request_sync_int
 .text.ipc_sync_callback
                0x000000004003855c       0x54 /opt/eclipse/arduinoPlugin/packages/Intel/hardware/arc32/2.0.2/variants/arduino_101/libarc32drv_arduino101.a(ipc_callback.o)
                0x000000004003855c                ipc_sync_callback
 .text.log_vprintk
                0x00000000400385b0       0x48 /opt/eclipse/arduinoPlugin/packages/Intel/hardware/arc32/2.0.2/variants/arduino_101/libarc32drv_arduino101.a(log.o)
                0x00000000400385b0                log_vprintk
 .text.log_printk
                0x00000000400385f8       0x38 /opt/eclipse/arduinoPlugin/packages/Intel/hardware/arc32/2.0.2/variants/arduino_101/libarc32drv_arduino101.a(log.o)
                0x00000000400385f8                log_printk
 .text.log_write_msg
                0x0000000040038630       0x1c /opt/eclipse/arduinoPlugin/packages/Intel/hardware/arc32/2.0.2/variants/arduino_101/libarc32drv_arduino101.a(log_impl_printk.o)
                0x0000000040038630                log_write_msg
 .text.get_port
                0x000000004003864c       0x3c /opt/eclipse/arduinoPlugin/packages/Intel/hardware/arc32/2.0.2/variants/arduino_101/libarc32drv_arduino101.a(port.o)
 .text.get_cpu_id
                0x0000000040038688       0x14 /opt/eclipse/arduinoPlugin/packages/Intel/hardware/arc32/2.0.2/variants/arduino_101/libarc32drv_arduino101.a(port.o)
                0x0000000040038688                get_cpu_id
 .text.port_get_port_table
                0x000000004003869c       0x14 /opt/eclipse/arduinoPlugin/packages/Intel/hardware/arc32/2.0.2/variants/arduino_101/libarc32drv_arduino101.a(port.o)
                0x000000004003869c                port_get_port_table
 .text.port_alloc
                0x00000000400386b0       0x64 /opt/eclipse/arduinoPlugin/packages/Intel/hardware/arc32/2.0.2/variants/arduino_101/libarc32drv_arduino101.a(port.o)
                0x00000000400386b0                port_alloc
 .text.port_set_handler
                0x0000000040038714       0x28 /opt/eclipse/arduinoPlugin/packages/Intel/hardware/arc32/2.0.2/variants/arduino_101/libarc32drv_arduino101.a(port.o)
                0x0000000040038714                port_set_handler
 .text.message_alloc
                0x000000004003873c       0x38 /opt/eclipse/arduinoPlugin/packages/Intel/hardware/arc32/2.0.2/variants/arduino_101/libarc32drv_arduino101.a(port.o)
                0x000000004003873c                message_alloc
 .text.port_process_message
                0x0000000040038774       0x40 /opt/eclipse/arduinoPlugin/packages/Intel/hardware/arc32/2.0.2/variants/arduino_101/libarc32drv_arduino101.a(port.o)
                0x0000000040038774                port_process_message
 .text.port_set_cpu_id
                0x00000000400387b4       0x28 /opt/eclipse/arduinoPlugin/packages/Intel/hardware/arc32/2.0.2/variants/arduino_101/libarc32drv_arduino101.a(port.o)
                0x00000000400387b4                port_set_cpu_id
 .text.port_get_cpu_id
                0x00000000400387dc       0x20 /opt/eclipse/arduinoPlugin/packages/Intel/hardware/arc32/2.0.2/variants/arduino_101/libarc32drv_arduino101.a(port.o)
                0x00000000400387dc                port_get_cpu_id
 .text.set_cpu_id
                0x00000000400387fc       0x14 /opt/eclipse/arduinoPlugin/packages/Intel/hardware/arc32/2.0.2/variants/arduino_101/libarc32drv_arduino101.a(port.o)
                0x00000000400387fc                set_cpu_id
 .text.set_cpu_message_sender
                0x0000000040038810       0x18 /opt/eclipse/arduinoPlugin/packages/Intel/hardware/arc32/2.0.2/variants/arduino_101/libarc32drv_arduino101.a(port.o)
                0x0000000040038810                set_cpu_message_sender
 .text.set_cpu_free_handler
                0x0000000040038828       0x18 /opt/eclipse/arduinoPlugin/packages/Intel/hardware/arc32/2.0.2/variants/arduino_101/libarc32drv_arduino101.a(port.o)
                0x0000000040038828                set_cpu_free_handler
 .text.port_send_message
                0x0000000040038840       0x94 /opt/eclipse/arduinoPlugin/packages/Intel/hardware/arc32/2.0.2/variants/arduino_101/libarc32drv_arduino101.a(port.o)
                0x0000000040038840                port_send_message
 .text.message_free
                0x00000000400388d4       0x88 /opt/eclipse/arduinoPlugin/packages/Intel/hardware/arc32/2.0.2/variants/arduino_101/libarc32drv_arduino101.a(port.o)
                0x00000000400388d4                message_free
 .text.queue_process_message
                0x000000004003895c       0x40 /opt/eclipse/arduinoPlugin/packages/Intel/hardware/arc32/2.0.2/variants/arduino_101/libarc32drv_arduino101.a(port.o)
                0x000000004003895c                queue_process_message
 .text.get_uptime_32k
                0x000000004003899c       0x14 /opt/eclipse/arduinoPlugin/packages/Intel/hardware/arc32/2.0.2/variants/arduino_101/libarc32drv_arduino101.a(uptime.o)
                0x000000004003899c                get_uptime_32k
 .text.get_uptime_ms
                0x00000000400389b0       0x28 /opt/eclipse/arduinoPlugin/packages/Intel/hardware/arc32/2.0.2/variants/arduino_101/libarc32drv_arduino101.a(uptime.o)
                0x00000000400389b0                get_uptime_ms
 .text.list_init
                0x00000000400389d8       0x14 /opt/eclipse/arduinoPlugin/packages/Intel/hardware/arc32/2.0.2/variants/arduino_101/libarc32drv_arduino101.a(list.o)
                0x00000000400389d8                list_init
 .text.list_add
                0x00000000400389ec       0x28 /opt/eclipse/arduinoPlugin/packages/Intel/hardware/arc32/2.0.2/variants/arduino_101/libarc32drv_arduino101.a(list.o)
                0x00000000400389ec                list_add
 .text.list_foreach_del
                0x0000000040038a14       0x60 /opt/eclipse/arduinoPlugin/packages/Intel/hardware/arc32/2.0.2/variants/arduino_101/libarc32drv_arduino101.a(list.o)
                0x0000000040038a14                list_foreach_del
 .text.list_get
                0x0000000040038a74       0x24 /opt/eclipse/arduinoPlugin/packages/Intel/hardware/arc32/2.0.2/variants/arduino_101/libarc32drv_arduino101.a(list.o)
                0x0000000040038a74                list_get
 .text.os_abstraction_init_malloc
                0x0000000040038a98       0x44 /opt/eclipse/arduinoPlugin/packages/Intel/hardware/arc32/2.0.2/variants/arduino_101/libarc32drv_arduino101.a(balloc.o)
                0x0000000040038a98                os_abstraction_init_malloc
 .text.balloc   0x0000000040038adc       0xfc /opt/eclipse/arduinoPlugin/packages/Intel/hardware/arc32/2.0.2/variants/arduino_101/libarc32drv_arduino101.a(balloc.o)
                0x0000000040038adc                balloc
 .text.bfree    0x0000000040038bd8       0xa8 /opt/eclipse/arduinoPlugin/packages/Intel/hardware/arc32/2.0.2/variants/arduino_101/libarc32drv_arduino101.a(balloc.o)
                0x0000000040038bd8                bfree
 .text.queue_get_message
                0x0000000040038c80       0x28 /opt/eclipse/arduinoPlugin/packages/Intel/hardware/arc32/2.0.2/variants/arduino_101/libarc32drv_arduino101.a(os.o)
                0x0000000040038c80                queue_get_message
 .text.queue_send_message
                0x0000000040038ca8       0x24 /opt/eclipse/arduinoPlugin/packages/Intel/hardware/arc32/2.0.2/variants/arduino_101/libarc32drv_arduino101.a(os.o)
                0x0000000040038ca8                queue_send_message
 .text.queue_create
                0x0000000040038ccc       0x54 /opt/eclipse/arduinoPlugin/packages/Intel/hardware/arc32/2.0.2/variants/arduino_101/libarc32drv_arduino101.a(os.o)
                0x0000000040038ccc                queue_create
 .text.mutex_create
                0x0000000040038d20       0x10 /opt/eclipse/arduinoPlugin/packages/Intel/hardware/arc32/2.0.2/variants/arduino_101/libarc32drv_arduino101.a(os.o)
                0x0000000040038d20                mutex_create
 .text.mutex_unlock
                0x0000000040038d30        0xc /opt/eclipse/arduinoPlugin/packages/Intel/hardware/arc32/2.0.2/variants/arduino_101/libarc32drv_arduino101.a(os.o)
                0x0000000040038d30                mutex_unlock
 .text.mutex_lock
                0x0000000040038d3c       0x10 /opt/eclipse/arduinoPlugin/packages/Intel/hardware/arc32/2.0.2/variants/arduino_101/libarc32drv_arduino101.a(os.o)
                0x0000000040038d3c                mutex_lock
 .text.panic    0x0000000040038d4c       0x10 /opt/eclipse/arduinoPlugin/packages/Intel/hardware/arc32/2.0.2/variants/arduino_101/libarc32drv_arduino101.a(panic.o)
                0x0000000040038d4c                panic
 .text.__assert_fail
                0x0000000040038d5c       0x10 /opt/eclipse/arduinoPlugin/packages/Intel/hardware/arc32/2.0.2/variants/arduino_101/libarc32drv_arduino101.a(panic.o)
                0x0000000040038d5c                __assert_fail
 .text._Fault   0x0000000040038d6c       0x50 /opt/eclipse/arduinoPlugin/packages/Intel/hardware/arc32/2.0.2/variants/arduino_101/libarc32drv_arduino101.a(panic.o)
                0x0000000040038d6c                _Fault
 .text.__assert_func
                0x0000000040038dbc       0x74 /opt/eclipse/arduinoPlugin/tools/Intel/arc-elf32/1.6.9+1.0.1/bin/../lib/gcc/arc-elf32/4.8.5/../../../../arc-elf32/lib/libc.a(lib_a-assert.o)
                0x0000000040038dbc                __assert_func
 .text.fiprintf
                0x0000000040038e30       0x68 /opt/eclipse/arduinoPlugin/tools/Intel/arc-elf32/1.6.9+1.0.1/bin/../lib/gcc/arc-elf32/4.8.5/../../../../arc-elf32/lib/libc.a(lib_a-fiprintf.o)
                0x0000000040038e30                fiprintf
 .text.__sprint_r
                0x0000000040038e98       0xf4 /opt/eclipse/arduinoPlugin/tools/Intel/arc-elf32/1.6.9+1.0.1/bin/../lib/gcc/arc-elf32/4.8.5/../../../../arc-elf32/lib/libc.a(lib_a-vfiprintf.o)
                0x0000000040038e98                __sprint_r
 .text.__sbprintf
                0x0000000040038f8c       0xfc /opt/eclipse/arduinoPlugin/tools/Intel/arc-elf32/1.6.9+1.0.1/bin/../lib/gcc/arc-elf32/4.8.5/../../../../arc-elf32/lib/libc.a(lib_a-vfiprintf.o)
 .text._vfiprintf_r
                0x0000000040039088      0xdf0 /opt/eclipse/arduinoPlugin/tools/Intel/arc-elf32/1.6.9+1.0.1/bin/../lib/gcc/arc-elf32/4.8.5/../../../../arc-elf32/lib/libc.a(lib_a-vfiprintf.o)
                0x0000000040039088                _vfiprintf_r
 .text.__swsetup_r
                0x0000000040039e78      0x134 /opt/eclipse/arduinoPlugin/tools/Intel/arc-elf32/1.6.9+1.0.1/bin/../lib/gcc/arc-elf32/4.8.5/../../../../arc-elf32/lib/libc.a(lib_a-wsetup.o)
                0x0000000040039e78                __swsetup_r
 .text.abort    0x0000000040039fac       0x14 /opt/eclipse/arduinoPlugin/tools/Intel/arc-elf32/1.6.9+1.0.1/bin/../lib/gcc/arc-elf32/4.8.5/../../../../arc-elf32/lib/libc.a(lib_a-abort.o)
                0x0000000040039fac                abort
 .text.__sflush_r
                0x0000000040039fc0      0x23c /opt/eclipse/arduinoPlugin/tools/Intel/arc-elf32/1.6.9+1.0.1/bin/../lib/gcc/arc-elf32/4.8.5/../../../../arc-elf32/lib/libc.a(lib_a-fflush.o)
                0x0000000040039fc0                __sflush_r
 .text._fflush_r
                0x000000004003a1fc       0x70 /opt/eclipse/arduinoPlugin/tools/Intel/arc-elf32/1.6.9+1.0.1/bin/../lib/gcc/arc-elf32/4.8.5/../../../../arc-elf32/lib/libc.a(lib_a-fflush.o)
                0x000000004003a1fc                _fflush_r
 .text.std      0x000000004003a26c       0xc0 /opt/eclipse/arduinoPlugin/tools/Intel/arc-elf32/1.6.9+1.0.1/bin/../lib/gcc/arc-elf32/4.8.5/../../../../arc-elf32/lib/libc.a(lib_a-findfp.o)
 .text._cleanup_r
                0x000000004003a32c       0x30 /opt/eclipse/arduinoPlugin/tools/Intel/arc-elf32/1.6.9+1.0.1/bin/../lib/gcc/arc-elf32/4.8.5/../../../../arc-elf32/lib/libc.a(lib_a-findfp.o)
                0x000000004003a32c                _cleanup_r
 .text.__sinit  0x000000004003a35c       0xa8 /opt/eclipse/arduinoPlugin/tools/Intel/arc-elf32/1.6.9+1.0.1/bin/../lib/gcc/arc-elf32/4.8.5/../../../../arc-elf32/lib/libc.a(lib_a-findfp.o)
                0x000000004003a35c                __sinit
 .text.__sfp_lock_acquire
                0x000000004003a404        0xc /opt/eclipse/arduinoPlugin/tools/Intel/arc-elf32/1.6.9+1.0.1/bin/../lib/gcc/arc-elf32/4.8.5/../../../../arc-elf32/lib/libc.a(lib_a-findfp.o)
                0x000000004003a404                __sfp_lock_acquire
 .text.__sfp_lock_release
                0x000000004003a410        0xc /opt/eclipse/arduinoPlugin/tools/Intel/arc-elf32/1.6.9+1.0.1/bin/../lib/gcc/arc-elf32/4.8.5/../../../../arc-elf32/lib/libc.a(lib_a-findfp.o)
                0x000000004003a410                __sfp_lock_release
 .text.__sinit_lock_acquire
                0x000000004003a41c        0xc /opt/eclipse/arduinoPlugin/tools/Intel/arc-elf32/1.6.9+1.0.1/bin/../lib/gcc/arc-elf32/4.8.5/../../../../arc-elf32/lib/libc.a(lib_a-findfp.o)
                0x000000004003a41c                __sinit_lock_acquire
 .text.__sinit_lock_release
                0x000000004003a428        0xc /opt/eclipse/arduinoPlugin/tools/Intel/arc-elf32/1.6.9+1.0.1/bin/../lib/gcc/arc-elf32/4.8.5/../../../../arc-elf32/lib/libc.a(lib_a-findfp.o)
                0x000000004003a428                __sinit_lock_release
 .text.__fputwc
                0x000000004003a434      0x190 /opt/eclipse/arduinoPlugin/tools/Intel/arc-elf32/1.6.9+1.0.1/bin/../lib/gcc/arc-elf32/4.8.5/../../../../arc-elf32/lib/libc.a(lib_a-fputwc.o)
                0x000000004003a434                __fputwc
 .text._fputwc_r
                0x000000004003a5c4       0x84 /opt/eclipse/arduinoPlugin/tools/Intel/arc-elf32/1.6.9+1.0.1/bin/../lib/gcc/arc-elf32/4.8.5/../../../../arc-elf32/lib/libc.a(lib_a-fputwc.o)
                0x000000004003a5c4                _fputwc_r
 .text._free_r  0x000000004003a648      0x43c /opt/eclipse/arduinoPlugin/tools/Intel/arc-elf32/1.6.9+1.0.1/bin/../lib/gcc/arc-elf32/4.8.5/../../../../arc-elf32/lib/libc.a(lib_a-freer.o)
                0x000000004003a648                _free_r
 .text._malloc_trim_r
                0x000000004003aa84      0x164 /opt/eclipse/arduinoPlugin/tools/Intel/arc-elf32/1.6.9+1.0.1/bin/../lib/gcc/arc-elf32/4.8.5/../../../../arc-elf32/lib/libc.a(lib_a-freer.o)
                0x000000004003aa84                _malloc_trim_r
 .text.__sfvwrite_r
                0x000000004003abe8      0x450 /opt/eclipse/arduinoPlugin/tools/Intel/arc-elf32/1.6.9+1.0.1/bin/../lib/gcc/arc-elf32/4.8.5/../../../../arc-elf32/lib/libc.a(lib_a-fvwrite.o)
                0x000000004003abe8                __sfvwrite_r
 .text._fwalk_reent
                0x000000004003b038       0x88 /opt/eclipse/arduinoPlugin/tools/Intel/arc-elf32/1.6.9+1.0.1/bin/../lib/gcc/arc-elf32/4.8.5/../../../../arc-elf32/lib/libc.a(lib_a-fwalk.o)
                0x000000004003b038                _fwalk_reent
 .text.__locale_charset
                0x000000004003b0c0       0x14 /opt/eclipse/arduinoPlugin/tools/Intel/arc-elf32/1.6.9+1.0.1/bin/../lib/gcc/arc-elf32/4.8.5/../../../../arc-elf32/lib/libc.a(lib_a-locale.o)
                0x000000004003b0c0                __locale_charset
 .text.__locale_mb_cur_max
                0x000000004003b0d4       0x18 /opt/eclipse/arduinoPlugin/tools/Intel/arc-elf32/1.6.9+1.0.1/bin/../lib/gcc/arc-elf32/4.8.5/../../../../arc-elf32/lib/libc.a(lib_a-locale.o)
                0x000000004003b0d4                __locale_mb_cur_max
 .text.__smakebuf_r
                0x000000004003b0ec      0x154 /opt/eclipse/arduinoPlugin/tools/Intel/arc-elf32/1.6.9+1.0.1/bin/../lib/gcc/arc-elf32/4.8.5/../../../../arc-elf32/lib/libc.a(lib_a-makebuf.o)
                0x000000004003b0ec                __smakebuf_r
 .text.malloc_extend_top
                0x000000004003b240      0x2f8 /opt/eclipse/arduinoPlugin/tools/Intel/arc-elf32/1.6.9+1.0.1/bin/../lib/gcc/arc-elf32/4.8.5/../../../../arc-elf32/lib/libc.a(lib_a-mallocr.o)
 .text._malloc_r
                0x000000004003b538      0x8d4 /opt/eclipse/arduinoPlugin/tools/Intel/arc-elf32/1.6.9+1.0.1/bin/../lib/gcc/arc-elf32/4.8.5/../../../../arc-elf32/lib/libc.a(lib_a-mallocr.o)
                0x000000004003b538                _malloc_r
 .text.memchr   0x000000004003be0c      0x170 /opt/eclipse/arduinoPlugin/tools/Intel/arc-elf32/1.6.9+1.0.1/bin/../lib/gcc/arc-elf32/4.8.5/../../../../arc-elf32/lib/libc.a(lib_a-memchr.o)
                0x000000004003be0c                memchr
 .text.memmove  0x000000004003bf7c      0x1c0 /opt/eclipse/arduinoPlugin/tools/Intel/arc-elf32/1.6.9+1.0.1/bin/../lib/gcc/arc-elf32/4.8.5/../../../../arc-elf32/lib/libc.a(lib_a-memmove.o)
                0x000000004003bf7c                memmove
 .text.__malloc_lock
                0x000000004003c13c       0x14 /opt/eclipse/arduinoPlugin/tools/Intel/arc-elf32/1.6.9+1.0.1/bin/../lib/gcc/arc-elf32/4.8.5/../../../../arc-elf32/lib/libc.a(lib_a-mlock.o)
                0x000000004003c13c                __malloc_lock
 .text.__malloc_unlock
                0x000000004003c150       0x14 /opt/eclipse/arduinoPlugin/tools/Intel/arc-elf32/1.6.9+1.0.1/bin/../lib/gcc/arc-elf32/4.8.5/../../../../arc-elf32/lib/libc.a(lib_a-mlock.o)
                0x000000004003c150                __malloc_unlock
 .text._realloc_r
                0x000000004003c164      0x9e8 /opt/eclipse/arduinoPlugin/tools/Intel/arc-elf32/1.6.9+1.0.1/bin/../lib/gcc/arc-elf32/4.8.5/../../../../arc-elf32/lib/libc.a(lib_a-reallocr.o)
                0x000000004003c164                _realloc_r
 .text._sbrk_r  0x000000004003cb4c       0x5c /opt/eclipse/arduinoPlugin/tools/Intel/arc-elf32/1.6.9+1.0.1/bin/../lib/gcc/arc-elf32/4.8.5/../../../../arc-elf32/lib/libc.a(lib_a-sbrkr.o)
                0x000000004003cb4c                _sbrk_r
 .text._raise_r
                0x000000004003cba8       0xcc /opt/eclipse/arduinoPlugin/tools/Intel/arc-elf32/1.6.9+1.0.1/bin/../lib/gcc/arc-elf32/4.8.5/../../../../arc-elf32/lib/libc.a(lib_a-signal.o)
                0x000000004003cba8                _raise_r
 .text.raise    0x000000004003cc74       0x30 /opt/eclipse/arduinoPlugin/tools/Intel/arc-elf32/1.6.9+1.0.1/bin/../lib/gcc/arc-elf32/4.8.5/../../../../arc-elf32/lib/libc.a(lib_a-signal.o)
                0x000000004003cc74                raise
 .text._kill_r  0x000000004003cca4       0x64 /opt/eclipse/arduinoPlugin/tools/Intel/arc-elf32/1.6.9+1.0.1/bin/../lib/gcc/arc-elf32/4.8.5/../../../../arc-elf32/lib/libc.a(lib_a-signalr.o)
                0x000000004003cca4                _kill_r
 .text._getpid_r
                0x000000004003cd08       0x28 /opt/eclipse/arduinoPlugin/tools/Intel/arc-elf32/1.6.9+1.0.1/bin/../lib/gcc/arc-elf32/4.8.5/../../../../arc-elf32/lib/libc.a(lib_a-signalr.o)
                0x000000004003cd08                _getpid_r
 .text.__sread  0x000000004003cd30       0x68 /opt/eclipse/arduinoPlugin/tools/Intel/arc-elf32/1.6.9+1.0.1/bin/../lib/gcc/arc-elf32/4.8.5/../../../../arc-elf32/lib/libc.a(lib_a-stdio.o)
                0x000000004003cd30                __sread
 .text.__swrite
                0x000000004003cd98       0x74 /opt/eclipse/arduinoPlugin/tools/Intel/arc-elf32/1.6.9+1.0.1/bin/../lib/gcc/arc-elf32/4.8.5/../../../../arc-elf32/lib/libc.a(lib_a-stdio.o)
                0x000000004003cd98                __swrite
 .text.__sseek  0x000000004003ce0c       0x68 /opt/eclipse/arduinoPlugin/tools/Intel/arc-elf32/1.6.9+1.0.1/bin/../lib/gcc/arc-elf32/4.8.5/../../../../arc-elf32/lib/libc.a(lib_a-stdio.o)
                0x000000004003ce0c                __sseek
 .text.__sclose
                0x000000004003ce74       0x38 /opt/eclipse/arduinoPlugin/tools/Intel/arc-elf32/1.6.9+1.0.1/bin/../lib/gcc/arc-elf32/4.8.5/../../../../arc-elf32/lib/libc.a(lib_a-stdio.o)
                0x000000004003ce74                __sclose
 .text.__swbuf_r
                0x000000004003ceac      0x100 /opt/eclipse/arduinoPlugin/tools/Intel/arc-elf32/1.6.9+1.0.1/bin/../lib/gcc/arc-elf32/4.8.5/../../../../arc-elf32/lib/libc.a(lib_a-wbuf.o)
                0x000000004003ceac                __swbuf_r
 .text._wcrtomb_r
                0x000000004003cfac       0xac /opt/eclipse/arduinoPlugin/tools/Intel/arc-elf32/1.6.9+1.0.1/bin/../lib/gcc/arc-elf32/4.8.5/../../../../arc-elf32/lib/libc.a(lib_a-wcrtomb.o)
                0x000000004003cfac                _wcrtomb_r
 .text.__ascii_wctomb
                0x000000004003d058       0x60 /opt/eclipse/arduinoPlugin/tools/Intel/arc-elf32/1.6.9+1.0.1/bin/../lib/gcc/arc-elf32/4.8.5/../../../../arc-elf32/lib/libc.a(lib_a-wctomb_r.o)
                0x000000004003d058                __ascii_wctomb
 .text._write_r
                0x000000004003d0b8       0x6c /opt/eclipse/arduinoPlugin/tools/Intel/arc-elf32/1.6.9+1.0.1/bin/../lib/gcc/arc-elf32/4.8.5/../../../../arc-elf32/lib/libc.a(lib_a-writer.o)
                0x000000004003d0b8                _write_r
 .text._close_r
                0x000000004003d124       0x5c /opt/eclipse/arduinoPlugin/tools/Intel/arc-elf32/1.6.9+1.0.1/bin/../lib/gcc/arc-elf32/4.8.5/../../../../arc-elf32/lib/libc.a(lib_a-closer.o)
                0x000000004003d124                _close_r
 .text._fclose_r
                0x000000004003d180       0xf8 /opt/eclipse/arduinoPlugin/tools/Intel/arc-elf32/1.6.9+1.0.1/bin/../lib/gcc/arc-elf32/4.8.5/../../../../arc-elf32/lib/libc.a(lib_a-fclose.o)
                0x000000004003d180                _fclose_r
 .text._fstat_r
                0x000000004003d278       0x64 /opt/eclipse/arduinoPlugin/tools/Intel/arc-elf32/1.6.9+1.0.1/bin/../lib/gcc/arc-elf32/4.8.5/../../../../arc-elf32/lib/libc.a(lib_a-fstatr.o)
                0x000000004003d278                _fstat_r
 .text._isatty_r
                0x000000004003d2dc       0x5c /opt/eclipse/arduinoPlugin/tools/Intel/arc-elf32/1.6.9+1.0.1/bin/../lib/gcc/arc-elf32/4.8.5/../../../../arc-elf32/lib/libc.a(lib_a-isattyr.o)
                0x000000004003d2dc                _isatty_r
 .text._lseek_r
                0x000000004003d338       0x6c /opt/eclipse/arduinoPlugin/tools/Intel/arc-elf32/1.6.9+1.0.1/bin/../lib/gcc/arc-elf32/4.8.5/../../../../arc-elf32/lib/libc.a(lib_a-lseekr.o)
                0x000000004003d338                _lseek_r
 .text._read_r  0x000000004003d3a4       0x6c /opt/eclipse/arduinoPlugin/tools/Intel/arc-elf32/1.6.9+1.0.1/bin/../lib/gcc/arc-elf32/4.8.5/../../../../arc-elf32/lib/libc.a(lib_a-readr.o)
                0x000000004003d3a4                _read_r
 .text.__udivdi3
                0x000000004003d410      0x378 /opt/eclipse/arduinoPlugin/tools/Intel/arc-elf32/1.6.9+1.0.1/bin/../lib/gcc/arc-elf32/4.8.5/libgcc.a(_udivdi3.o)
                0x000000004003d410                __udivdi3
 .text.__umoddi3
                0x000000004003d788      0x33c /opt/eclipse/arduinoPlugin/tools/Intel/arc-elf32/1.6.9+1.0.1/bin/../lib/gcc/arc-elf32/4.8.5/libgcc.a(_umoddi3.o)
                0x000000004003d788                __umoddi3
 .text._Z14getTemperaturev
                0x000000004003dac4       0xc8 ./tempSense.cpp.o
                0x000000004003dac4                getTemperature()
 .text._Z13getBrightnessv
                0x000000004003db8c       0x38 ./tempSense.cpp.o
                0x000000004003db8c                getBrightness()
 .text._Z11getDoorknobv
                0x000000004003dbc4       0x20 ./tempSense.cpp.o
                0x000000004003dbc4                getDoorknob()
 .text._Z11soundBuzzerii
                0x000000004003dbe4       0x50 ./tempSense.cpp.o
                0x000000004003dbe4                soundBuzzer(int, int)
 .text._Z8blinkLEDi
                0x000000004003dc34       0x50 ./tempSense.cpp.o
                0x000000004003dc34                blinkLED(int)
 .text._Z8getWaterv
                0x000000004003dc84       0x20 ./tempSense.cpp.o
                0x000000004003dc84                getWater()
 .text._Z6signal10alert_type
                0x000000004003dca4       0x54 ./tempSense.cpp.o
                0x000000004003dca4                signal(alert_type)
 .text._Z6actionffbb
                0x000000004003dcf8       0x9c ./tempSense.cpp.o
                0x000000004003dcf8                action(float, float, bool, bool)
 .text.loop     0x000000004003dd94       0x8c ./tempSense.cpp.o
                0x000000004003dd94                loop
 .text.setup    0x000000004003de20       0x70 ./tempSense.cpp.o
                0x000000004003de20                setup
 .text._Z3tTmm  0x000000004003de90       0x20 ./libraries/CurieTime/src/CurieTime.cpp.o
                0x000000004003de90                tTm(unsigned long)
 .text._Z4hourm
                0x000000004003deb0       0x1c ./libraries/CurieTime/src/CurieTime.cpp.o
                0x000000004003deb0                hour(unsigned long)
 .text._Z4hourv
                0x000000004003decc       0x18 ./libraries/CurieTime/src/CurieTime.cpp.o
                0x000000004003decc                hour()
 .text._Z11serialEventv
                0x000000004003dee4        0xc arduino.ar(variant.cpp.o)
                0x000000004003dee4                serialEvent()
 .text._Z12UART_Handlerv
                0x000000004003def0       0x14 arduino.ar(variant.cpp.o)
                0x000000004003def0                UART_Handler()
 .text._Z12serialEvent1v
                0x000000004003df04        0xc arduino.ar(variant.cpp.o)
                0x000000004003df04                serialEvent1()
 .text.variantGpioInit
                0x000000004003df10      0x118 arduino.ar(variant.cpp.o)
                0x000000004003df10                variantGpioInit
 .text.variantPwmInit
                0x000000004003e028       0x3c arduino.ar(variant.cpp.o)
                0x000000004003e028                variantPwmInit
 .text.variantAdcInit
                0x000000004003e064       0xa8 arduino.ar(variant.cpp.o)
                0x000000004003e064                variantAdcInit
 .text.initVariant
                0x000000004003e10c       0x4c arduino.ar(variant.cpp.o)
                0x000000004003e10c                initVariant
 .text._GLOBAL__sub_I_g_APinDescription
                0x000000004003e158       0x5c arduino.ar(variant.cpp.o)
 .text._Z14serialEventRunv
                0x000000004003e1b4       0x38 arduino.ar(variant.cpp.o)
                0x000000004003e1b4                serialEventRun()
 .text.dccm_malloc
                0x000000004003e1ec       0x30 arduino.ar(dccm_alloc.c.o)
                0x000000004003e1ec                dccm_malloc
 .text.dccm_memalign
                0x000000004003e21c       0x38 arduino.ar(dccm_alloc.c.o)
                0x000000004003e21c                dccm_memalign
 .text._ZN14CDCSerialClass3endEv
                0x000000004003e254       0x14 arduino.ar(CDCSerialClass.cpp.o)
                0x000000004003e254                CDCSerialClass::end()
 .text._ZN14CDCSerialClass4peekEv
                0x000000004003e268       0x28 arduino.ar(CDCSerialClass.cpp.o)
                0x000000004003e268                CDCSerialClass::peek()
 .text._ZN14CDCSerialClass4readEv
                0x000000004003e290       0x48 arduino.ar(CDCSerialClass.cpp.o)
                0x000000004003e290                CDCSerialClass::read()
 .text._ZN14CDCSerialClasscvbEv
                0x000000004003e2d8       0x30 arduino.ar(CDCSerialClass.cpp.o)
                0x000000004003e2d8                CDCSerialClass::operator bool()
 .text._ZN14CDCSerialClass5flushEv
                0x000000004003e308       0x2c arduino.ar(CDCSerialClass.cpp.o)
                0x000000004003e308                CDCSerialClass::flush()
 .text._ZN14CDCSerialClass9availableEv
                0x000000004003e334       0x40 arduino.ar(CDCSerialClass.cpp.o)
                0x000000004003e334                CDCSerialClass::available()
 .text._ZN14CDCSerialClass5writeEh
                0x000000004003e374       0x4c arduino.ar(CDCSerialClass.cpp.o)
                0x000000004003e374                CDCSerialClass::write(unsigned char)
 .text._ZN14CDCSerialClassC2EP14uart_init_info
                0x000000004003e3c0       0x20 arduino.ar(CDCSerialClass.cpp.o)
                0x000000004003e3c0                CDCSerialClass::CDCSerialClass(uart_init_info*)
                0x000000004003e3c0                CDCSerialClass::CDCSerialClass(uart_init_info*)
 .text._ZN14CDCSerialClass13setSharedDataEP19cdc_acm_shared_data
                0x000000004003e3e0       0x18 arduino.ar(CDCSerialClass.cpp.o)
                0x000000004003e3e0                CDCSerialClass::setSharedData(cdc_acm_shared_data*)
 .text._ZN14CDCSerialClass4initEmh
                0x000000004003e3f8       0x28 arduino.ar(CDCSerialClass.cpp.o)
                0x000000004003e3f8                CDCSerialClass::init(unsigned long, unsigned char)
 .text._ZN14CDCSerialClass5beginEm
                0x000000004003e420       0x10 arduino.ar(CDCSerialClass.cpp.o)
                0x000000004003e420                CDCSerialClass::begin(unsigned long)
 .text._ZN5Print5writeEPKhj
                0x000000004003e430       0x38 arduino.ar(Print.cpp.o)
                0x000000004003e430                Print::write(unsigned char const*, unsigned int)
 .text._ZN5Print5writeEPKc
                0x000000004003e468       0x44 arduino.ar(Print.cpp.o)
                0x000000004003e468                Print::write(char const*)
 .text._ZN5Print5printEPKc
                0x000000004003e4ac       0x10 arduino.ar(Print.cpp.o)
                0x000000004003e4ac                Print::print(char const*)
 .text._ZN5Print5printEc
                0x000000004003e4bc       0x14 arduino.ar(Print.cpp.o)
                0x000000004003e4bc                Print::print(char)
 .text._ZN5Print7printlnEv
                0x000000004003e4d0       0x2c arduino.ar(Print.cpp.o)
                0x000000004003e4d0                Print::println()
 .text._ZN5Print10printFloatEdh
                0x000000004003e4fc       0x3c arduino.ar(Print.cpp.o)
                0x000000004003e4fc                Print::printFloat(double, unsigned char)
 .text._ZN5Print5printEdi
                0x000000004003e538       0x10 arduino.ar(Print.cpp.o)
                0x000000004003e538                Print::print(double, int)
 .text._ZN5Print7printlnEdi
                0x000000004003e548       0x28 arduino.ar(Print.cpp.o)
                0x000000004003e548                Print::println(double, int)
 .text._ZN10RingBufferC2Ev
                0x000000004003e570       0x34 arduino.ar(RingBuffer.cpp.o)
                0x000000004003e570                RingBuffer::RingBuffer()
                0x000000004003e570                RingBuffer::RingBuffer()
 .text._ZN10RingBuffer10store_charEh
                0x000000004003e5a4       0x2c arduino.ar(RingBuffer.cpp.o)
                0x000000004003e5a4                RingBuffer::store_char(unsigned char)
 .text._ZN9UARTClasscvbEv
                0x000000004003e5d0       0x10 arduino.ar(UARTClass.cpp.o)
                0x000000004003e5d0                UARTClass::operator bool()
 .text._ZN9UARTClass9availableEv
                0x000000004003e5e0       0x18 arduino.ar(UARTClass.cpp.o)
                0x000000004003e5e0                UARTClass::available()
 .text._ZN9UARTClass4peekEv
                0x000000004003e5f8       0x24 arduino.ar(UARTClass.cpp.o)
                0x000000004003e5f8                UARTClass::peek()
 .text._ZN9UARTClass4readEv
                0x000000004003e61c       0x2c arduino.ar(UARTClass.cpp.o)
                0x000000004003e61c                UARTClass::read()
 .text._ZN9UARTClass3endEv
                0x000000004003e648       0x7c arduino.ar(UARTClass.cpp.o)
                0x000000004003e648                UARTClass::end()
 .text._ZN9UARTClass5flushEv
                0x000000004003e6c4       0x24 arduino.ar(UARTClass.cpp.o)
                0x000000004003e6c4                UARTClass::flush()
 .text._ZN9UARTClass5writeEh
                0x000000004003e6e8       0x68 arduino.ar(UARTClass.cpp.o)
                0x000000004003e6e8                UARTClass::write(unsigned char)
 .text._ZN9UARTClassC2EP14uart_init_infoP10RingBufferS3_
                0x000000004003e750       0x24 arduino.ar(UARTClass.cpp.o)
                0x000000004003e750                UARTClass::UARTClass(uart_init_info*, RingBuffer*, RingBuffer*)
                0x000000004003e750                UARTClass::UARTClass(uart_init_info*, RingBuffer*, RingBuffer*)
 .text._ZN9UARTClass4initEmh
                0x000000004003e774       0xb8 arduino.ar(UARTClass.cpp.o)
                0x000000004003e774                UARTClass::init(unsigned long, unsigned char)
 .text._ZN9UARTClass5beginEmh
                0x000000004003e82c       0x28 arduino.ar(UARTClass.cpp.o)
                0x000000004003e82c                UARTClass::begin(unsigned long, unsigned char)
 .text._ZN9UARTClass5beginEm
                0x000000004003e854       0x10 arduino.ar(UARTClass.cpp.o)
                0x000000004003e854                UARTClass::begin(unsigned long)
 .text._ZN9UARTClass10IrqHandlerEv
                0x000000004003e864       0xb8 arduino.ar(UARTClass.cpp.o)
                0x000000004003e864                UARTClass::IrqHandler()
 .text.main     0x000000004003e91c       0x28 arduino.ar(main.cpp.o)
                0x000000004003e91c                main
 .text.printk   0x000000004003e944        0xc arduino.ar(printk.cpp.o)
                0x000000004003e944                printk
 .text.digitsBe4Decimal
                0x000000004003e950       0x5c arduino.ar(stdlib_noniso.cpp.o)
                0x000000004003e950                digitsBe4Decimal
 .text.dtostrf  0x000000004003e9ac      0x218 arduino.ar(stdlib_noniso.cpp.o)
                0x000000004003e9ac                dtostrf
 .text.delay    0x000000004003ebc4       0xc4 arduino.ar(wiring.c.o)
                0x000000004003ebc4                delay
 .text.analogRead
                0x000000004003ec88      0x10c arduino.ar(wiring_analog.c.o)
                0x000000004003ec88                analogRead
 .text.pinMode  0x000000004003ed94       0xfc arduino.ar(wiring_digital.c.o)
                0x000000004003ed94                pinMode
 .text.digitalWrite
                0x000000004003ee90      0x100 arduino.ar(wiring_digital.c.o)
                0x000000004003ee90                digitalWrite
 .text.digitalRead
                0x000000004003ef90       0x54 arduino.ar(wiring_digital.c.o)
                0x000000004003ef90                digitalRead
 .text.__empty  0x000000004003efe4        0xc arduino.ar(hooks.c.o)
                0x000000004003efe4                yield
 .text._read    0x000000004003eff0       0x50 /opt/eclipse/arduinoPlugin/tools/Intel/arc-elf32/1.6.9+1.0.1/bin/../lib/gcc/arc-elf32/4.8.5/../../../../arc-elf32/lib/libnsim.a(nsim-syscalls.o)
                0x000000004003eff0                _read
 .text._write   0x000000004003f040       0x50 /opt/eclipse/arduinoPlugin/tools/Intel/arc-elf32/1.6.9+1.0.1/bin/../lib/gcc/arc-elf32/4.8.5/../../../../arc-elf32/lib/libnsim.a(nsim-syscalls.o)
                0x000000004003f040                _write
 .text._lseek   0x000000004003f090       0x50 /opt/eclipse/arduinoPlugin/tools/Intel/arc-elf32/1.6.9+1.0.1/bin/../lib/gcc/arc-elf32/4.8.5/../../../../arc-elf32/lib/libnsim.a(nsim-syscalls.o)
                0x000000004003f090                _lseek
 .text._close   0x000000004003f0e0       0x44 /opt/eclipse/arduinoPlugin/tools/Intel/arc-elf32/1.6.9+1.0.1/bin/../lib/gcc/arc-elf32/4.8.5/../../../../arc-elf32/lib/libnsim.a(nsim-syscalls.o)
                0x000000004003f0e0                _close
 .text._exit    0x000000004003f124        0x8 /opt/eclipse/arduinoPlugin/tools/Intel/arc-elf32/1.6.9+1.0.1/bin/../lib/gcc/arc-elf32/4.8.5/../../../../arc-elf32/lib/libnsim.a(nsim-syscalls.o)
                0x000000004003f124                _exit
 .text._isatty  0x000000004003f12c       0x4c /opt/eclipse/arduinoPlugin/tools/Intel/arc-elf32/1.6.9+1.0.1/bin/../lib/gcc/arc-elf32/4.8.5/../../../../arc-elf32/lib/libnsim.a(nsim-syscalls.o)
                0x000000004003f12c                _isatty
 .text._getpid  0x000000004003f178        0x4 /opt/eclipse/arduinoPlugin/tools/Intel/arc-elf32/1.6.9+1.0.1/bin/../lib/gcc/arc-elf32/4.8.5/../../../../arc-elf32/lib/libnsim.a(nsim-syscalls.o)
                0x000000004003f178                _getpid
 .text._kill    0x000000004003f17c       0x18 /opt/eclipse/arduinoPlugin/tools/Intel/arc-elf32/1.6.9+1.0.1/bin/../lib/gcc/arc-elf32/4.8.5/../../../../arc-elf32/lib/libnsim.a(nsim-syscalls.o)
                0x000000004003f17c                _kill
 .text._fstat   0x000000004003f194       0x94 /opt/eclipse/arduinoPlugin/tools/Intel/arc-elf32/1.6.9+1.0.1/bin/../lib/gcc/arc-elf32/4.8.5/../../../../arc-elf32/lib/libnsim.a(nsim-syscalls.o)
                0x000000004003f194                _fstat
 .text._sbrk    0x000000004003f228       0x48 /opt/eclipse/arduinoPlugin/tools/Intel/arc-elf32/1.6.9+1.0.1/bin/../lib/gcc/arc-elf32/4.8.5/../../../../arc-elf32/lib/libnsim.a(sbrk.o)
                0x000000004003f228                _sbrk
 .text.__errno  0x000000004003f270       0x18 /opt/eclipse/arduinoPlugin/tools/Intel/arc-elf32/1.6.9+1.0.1/bin/../lib/gcc/arc-elf32/4.8.5/../../../../arc-elf32/lib/libc.a(lib_a-errno.o)
                0x000000004003f270                __errno
 .text.gmtime   0x000000004003f288       0x38 /opt/eclipse/arduinoPlugin/tools/Intel/arc-elf32/1.6.9+1.0.1/bin/../lib/gcc/arc-elf32/4.8.5/../../../../arc-elf32/lib/libc.a(lib_a-gmtime.o)
                0x000000004003f288                gmtime
 .text.gmtime_r
                0x000000004003f2c0      0x478 /opt/eclipse/arduinoPlugin/tools/Intel/arc-elf32/1.6.9+1.0.1/bin/../lib/gcc/arc-elf32/4.8.5/../../../../arc-elf32/lib/libc.a(lib_a-gmtime_r.o)
                0x000000004003f2c0                gmtime_r
 .text.__fpclassifyd
                0x000000004003f738       0xe8 /opt/eclipse/arduinoPlugin/tools/Intel/arc-elf32/1.6.9+1.0.1/bin/../lib/gcc/arc-elf32/4.8.5/../../../../arc-elf32/lib/libc.a(lib_a-s_fpclassify.o)
                0x000000004003f738                __fpclassifyd
 .text.fstat    0x000000004003f820       0x38 /opt/eclipse/arduinoPlugin/tools/Intel/arc-elf32/1.6.9+1.0.1/bin/../lib/gcc/arc-elf32/4.8.5/../../../../arc-elf32/lib/libc.a(lib_a-sysfstat.o)
                0x000000004003f820                fstat
 .text.log10    0x000000004003f858      0x1ac /opt/eclipse/arduinoPlugin/tools/Intel/arc-elf32/1.6.9+1.0.1/bin/../lib/gcc/arc-elf32/4.8.5/../../../../arc-elf32/lib/libm.a(lib_a-w_log10.o)
                0x000000004003f858                log10
 .text.__ieee754_log10
                0x000000004003fa04      0x2c0 /opt/eclipse/arduinoPlugin/tools/Intel/arc-elf32/1.6.9+1.0.1/bin/../lib/gcc/arc-elf32/4.8.5/../../../../arc-elf32/lib/libm.a(lib_a-e_log10.o)
                0x000000004003fa04                __ieee754_log10
 .text.matherr  0x000000004003fcc4       0x4c /opt/eclipse/arduinoPlugin/tools/Intel/arc-elf32/1.6.9+1.0.1/bin/../lib/gcc/arc-elf32/4.8.5/../../../../arc-elf32/lib/libm.a(lib_a-s_matherr.o)
                0x000000004003fcc4                matherr
 .text.nan      0x000000004003fd10       0x30 /opt/eclipse/arduinoPlugin/tools/Intel/arc-elf32/1.6.9+1.0.1/bin/../lib/gcc/arc-elf32/4.8.5/../../../../arc-elf32/lib/libm.a(lib_a-s_nan.o)
                0x000000004003fd10                nan
 .text.__ieee754_log
                0x000000004003fd40      0xab8 /opt/eclipse/arduinoPlugin/tools/Intel/arc-elf32/1.6.9+1.0.1/bin/../lib/gcc/arc-elf32/4.8.5/../../../../arc-elf32/lib/libm.a(lib_a-e_log.o)
                0x000000004003fd40                __ieee754_log
 .text.__fixunsdfdi
                0x00000000400407f8       0x64 /opt/eclipse/arduinoPlugin/tools/Intel/arc-elf32/1.6.9+1.0.1/bin/../lib/gcc/arc-elf32/4.8.5/libgcc.a(_fixunsdfdi.o)
                0x00000000400407f8                __fixunsdfdi
 .text.__floatundidf
                0x000000004004085c       0x54 /opt/eclipse/arduinoPlugin/tools/Intel/arc-elf32/1.6.9+1.0.1/bin/../lib/gcc/arc-elf32/4.8.5/libgcc.a(_floatundidf.o)
                0x000000004004085c                __floatundidf
                0x00000000400408b0                __text_end = .

ctors           0x00000000400408b0        0xc