Archive member included to satisfy reference by file (symbol)

/opt/eclipse/arduinoPlugin/packages/Intel/hardware/arc32/2.0.2/variants/arduino_101/libarc32drv_arduino101.a(c_init.o)
                              (--whole-archive)
/opt/eclipse/arduinoPlugin/packages/Intel/hardware/arc32/2.0.2/variants/arduino_101/libarc32drv_arduino101.a(interrupt.o)
                              (--whole-archive)
/opt/eclipse/arduinoPlugin/packages/Intel/hardware/arc32/2.0.2/variants/arduino_101/libarc32drv_arduino101.a(version.o)
                              (--whole-archive)
/opt/eclipse/arduinoPlugin/packages/Intel/hardware/arc32/2.0.2/variants/arduino_101/libarc32drv_arduino101.a(arcv2_timer0.o)
                              (--whole-archive)
/opt/eclipse/arduinoPlugin/packages/Intel/hardware/arc32/2.0.2/variants/arduino_101/libarc32drv_arduino101.a(atomic_native.o)
                              (--whole-archive)
/opt/eclipse/arduinoPlugin/packages/Intel/hardware/arc32/2.0.2/variants/arduino_101/libarc32drv_arduino101.a(clk_system.o)
                              (--whole-archive)
/opt/eclipse/arduinoPlugin/packages/Intel/hardware/arc32/2.0.2/variants/arduino_101/libarc32drv_arduino101.a(intel_qrk_i2c.o)
                              (--whole-archive)
/opt/eclipse/arduinoPlugin/packages/Intel/hardware/arc32/2.0.2/variants/arduino_101/libarc32drv_arduino101.a(ipc_uart_ns16550.o)
                              (--whole-archive)
/opt/eclipse/arduinoPlugin/packages/Intel/hardware/arc32/2.0.2/variants/arduino_101/libarc32drv_arduino101.a(ns16550.o)
                              (--whole-archive)
/opt/eclipse/arduinoPlugin/packages/Intel/hardware/arc32/2.0.2/variants/arduino_101/libarc32drv_arduino101.a(soc_dma.o)
                              (--whole-archive)
/opt/eclipse/arduinoPlugin/packages/Intel/hardware/arc32/2.0.2/variants/arduino_101/libarc32drv_arduino101.a(soc_gpio.o)
                              (--whole-archive)
/opt/eclipse/arduinoPlugin/packages/Intel/hardware/arc32/2.0.2/variants/arduino_101/libarc32drv_arduino101.a(soc_i2s.o)
                              (--whole-archive)
/opt/eclipse/arduinoPlugin/packages/Intel/hardware/arc32/2.0.2/variants/arduino_101/libarc32drv_arduino101.a(ss_dw_i2c.o)
                              (--whole-archive)
/opt/eclipse/arduinoPlugin/packages/Intel/hardware/arc32/2.0.2/variants/arduino_101/libarc32drv_arduino101.a(ss_gpio_iface.o)
                              (--whole-archive)
/opt/eclipse/arduinoPlugin/packages/Intel/hardware/arc32/2.0.2/variants/arduino_101/libarc32drv_arduino101.a(ss_i2c_iface.o)
                              (--whole-archive)
/opt/eclipse/arduinoPlugin/packages/Intel/hardware/arc32/2.0.2/variants/arduino_101/libarc32drv_arduino101.a(ss_spi.o)
                              (--whole-archive)
/opt/eclipse/arduinoPlugin/packages/Intel/hardware/arc32/2.0.2/variants/arduino_101/libarc32drv_arduino101.a(rpc_deserialize.o)
                              (--whole-archive)
/opt/eclipse/arduinoPlugin/packages/Intel/hardware/arc32/2.0.2/variants/arduino_101/libarc32drv_arduino101.a(rpc_serialize.o)
                              (--whole-archive)
/opt/eclipse/arduinoPlugin/packages/Intel/hardware/arc32/2.0.2/variants/arduino_101/libarc32drv_arduino101.a(cfw_platform.o)
                              (--whole-archive)
/opt/eclipse/arduinoPlugin/packages/Intel/hardware/arc32/2.0.2/variants/arduino_101/libarc32drv_arduino101.a(conn.o)
                              (--whole-archive)
/opt/eclipse/arduinoPlugin/packages/Intel/hardware/arc32/2.0.2/variants/arduino_101/libarc32drv_arduino101.a(dtm_tcmd.o)
                              (--whole-archive)
/opt/eclipse/arduinoPlugin/packages/Intel/hardware/arc32/2.0.2/variants/arduino_101/libarc32drv_arduino101.a(gap.o)
                              (--whole-archive)
/opt/eclipse/arduinoPlugin/packages/Intel/hardware/arc32/2.0.2/variants/arduino_101/libarc32drv_arduino101.a(gatt.o)
                              (--whole-archive)
/opt/eclipse/arduinoPlugin/packages/Intel/hardware/arc32/2.0.2/variants/arduino_101/libarc32drv_arduino101.a(l2cap.o)
                              (--whole-archive)
/opt/eclipse/arduinoPlugin/packages/Intel/hardware/arc32/2.0.2/variants/arduino_101/libarc32drv_arduino101.a(smp_null.o)
                              (--whole-archive)
/opt/eclipse/arduinoPlugin/packages/Intel/hardware/arc32/2.0.2/variants/arduino_101/libarc32drv_arduino101.a(uuid.o)
                              (--whole-archive)
/opt/eclipse/arduinoPlugin/packages/Intel/hardware/arc32/2.0.2/variants/arduino_101/libarc32drv_arduino101.a(ble_service_api.o)
                              (--whole-archive)
/opt/eclipse/arduinoPlugin/packages/Intel/hardware/arc32/2.0.2/variants/arduino_101/libarc32drv_arduino101.a(ble_service.o)
                              (--whole-archive)
/opt/eclipse/arduinoPlugin/packages/Intel/hardware/arc32/2.0.2/variants/arduino_101/libarc32drv_arduino101.a(ble_service_utils.o)
[...]
Memory Configuration

Name             Origin             Length             Attributes
FLASH            0x0000000040034000 0x0000000000026000 xr
SRAM             0x00000000a800e000 0x0000000000006000 xw
DCCM             0x0000000080000000 0x0000000000002000 xw
*default*        0x0000000000000000 0xffffffffffffffff

Linker script and memory map

LOAD /opt/eclipse/arduinoPlugin/packages/Intel/hardware/arc32/2.0.2/variants/arduino_101/libarc32drv_arduino101.a
START GROUP
LOAD /opt/eclipse/arduinoPlugin/packages/Intel/hardware/arc32/2.0.2/variants/arduino_101/libarc32drv_arduino101.a
LOAD /opt/eclipse/arduinoPlugin/tools/Intel/arc-elf32/1.6.9+1.0.1/bin/../lib/gcc/arc-elf32/4.8.5/../../../../arc-elf32/lib/libnsim.a
LOAD /opt/eclipse/arduinoPlugin/tools/Intel/arc-elf32/1.6.9+1.0.1/bin/../lib/gcc/arc-elf32/4.8.5/../../../../arc-elf32/lib/libc.a
LOAD /opt/eclipse/arduinoPlugin/tools/Intel/arc-elf32/1.6.9+1.0.1/bin/../lib/gcc/arc-elf32/4.8.5/../../../../arc-elf32/lib/libm.a
LOAD /opt/eclipse/arduinoPlugin/tools/Intel/arc-elf32/1.6.9+1.0.1/bin/../lib/gcc/arc-elf32/4.8.5/libgcc.a
LOAD ./MomDuino.cpp.o
LOAD ./libraries/Wire/src/Wire.cpp.o
LOAD ./libraries/LiquidCrystal/1.0.4/src/LiquidCrystal.cpp.o
LOAD ./libraries/Grove_LCD_RGB_Backlight/rgb_lcd.cpp.o
LOAD ./libraries/CurieTime/src/CurieTime.cpp.o
LOAD arduino.ar
                0x0000000000000800                __stack_size = 0x800
                0x0000000000000400                __firq_stack_size = 0x400
                0x0000000000002000                __HEAP_SIZE_MIN = 0x2000
                0x0000000000001000                __PAGE_SIZE = 0x1000

text            0x0000000040034000     0xdcdc
                0x0000000040034000                __text_start = .
 *(.int_vector_table)
 .int_vector_table
                0x0000000040034000      0x110 /opt/eclipse/arduinoPlugin/packages/Intel/hardware/arc32/2.0.2/variants/arduino_101/libarc32drv_arduino101.a(init.o)
 *(.int_vector_table.*)
 *(.version_header)
 .version_header
                0x0000000040034110       0x30 /opt/eclipse/arduinoPlugin/packages/Intel/hardware/arc32/2.0.2/variants/arduino_101/libarc32drv_arduino101.a(version.o)
                0x0000000040034110                version_header
 *(.version_header*)
 *(.text)
 .text          0x0000000040034140       0x98 /opt/eclipse/arduinoPlugin/packages/Intel/hardware/arc32/2.0.2/variants/arduino_101/libarc32drv_arduino101.a(init.o)
                0x0000000040034168                _exit_halt
                0x0000000040034168                _do_fault
                0x0000000040034188                _do_isr
 .text          0x00000000400341d8       0xf8 /opt/eclipse/arduinoPlugin/tools/Intel/arc-elf32/1.6.9+1.0.1/bin/../lib/gcc/arc-elf32/4.8.5/../../../../arc-elf32/lib/libc.a(lib_a-memcmp-bs-norm.o)
                0x00000000400341d8                memcmp
 .text          0x00000000400342d0       0x80 /opt/eclipse/arduinoPlugin/tools/Intel/arc-elf32/1.6.9+1.0.1/bin/../lib/gcc/arc-elf32/4.8.5/../../../../arc-elf32/lib/libc.a(lib_a-memcpy-bs.o)
                0x00000000400342d0                memcpy
 .text          0x0000000040034350       0x6c /opt/eclipse/arduinoPlugin/tools/Intel/arc-elf32/1.6.9+1.0.1/bin/../lib/gcc/arc-elf32/4.8.5/../../../../arc-elf32/lib/libc.a(lib_a-memset-bs.o)
                0x0000000040034350                memset
                0x00000000400343a4                __strncpy_bzero
 .text          0x00000000400343bc       0x88 /opt/eclipse/arduinoPlugin/tools/Intel/arc-elf32/1.6.9+1.0.1/bin/../lib/gcc/arc-elf32/4.8.5/../../../../arc-elf32/lib/libc.a(lib_a-strlen-bs-norm.o)
                0x00000000400343bc                strlen
 .text          0x0000000040034444        0x4 /opt/eclipse/arduinoPlugin/tools/Intel/arc-elf32/1.6.9+1.0.1/bin/../lib/gcc/arc-elf32/4.8.5/libgcc.a(_udivsi3.o)
                0x0000000040034444                __udivsi3
 .text          0x0000000040034448       0x10 /opt/eclipse/arduinoPlugin/tools/Intel/arc-elf32/1.6.9+1.0.1/bin/../lib/gcc/arc-elf32/4.8.5/libgcc.a(_umodsi3.o)
                0x0000000040034448                __umodsi3
 .text          0x0000000040034458       0x74 /opt/eclipse/arduinoPlugin/tools/Intel/arc-elf32/1.6.9+1.0.1/bin/../lib/gcc/arc-elf32/4.8.5/libgcc.a(_divmod_tools.o)
                0x0000000040034458                __udivmodsi4
 .text          0x00000000400344cc       0x30 /opt/eclipse/arduinoPlugin/tools/Intel/arc-elf32/1.6.9+1.0.1/bin/../lib/gcc/arc-elf32/4.8.5/libgcc.a(_millicodethunk_st.o)
                0x00000000400344cc                __st_r13_to_r25
                0x00000000400344d0                __st_r13_to_r24
                0x00000000400344d4                __st_r13_to_r23
                0x00000000400344d8                __st_r13_to_r22
                0x00000000400344dc                __st_r13_to_r21
                0x00000000400344e0                __st_r13_to_r20
                0x00000000400344e4                __st_r13_to_r19
                0x00000000400344e8                __st_r13_to_r18
                0x00000000400344ec                __st_r13_to_r17
                0x00000000400344f0                __st_r13_to_r16
                0x00000000400344f4                __st_r13_to_r15
 .text          0x00000000400344fc       0x30 /opt/eclipse/arduinoPlugin/tools/Intel/arc-elf32/1.6.9+1.0.1/bin/../lib/gcc/arc-elf32/4.8.5/libgcc.a(_millicodethunk_ld.o)
                0x00000000400344fc                __ld_r13_to_r25
                0x0000000040034500                __ld_r13_to_r24
                0x0000000040034504                __ld_r13_to_r23
                0x0000000040034508                __ld_r13_to_r22
                0x000000004003450c                __ld_r13_to_r21
                0x0000000040034510                __ld_r13_to_r20
                0x0000000040034514                __ld_r13_to_r19
                0x0000000040034518                __ld_r13_to_r18
                0x000000004003451c                __ld_r13_to_r17
                0x0000000040034520                __ld_r13_to_r16
                0x0000000040034524                __ld_r13_to_r15
 .text          0x000000004003452c       0x3c /opt/eclipse/arduinoPlugin/tools/Intel/arc-elf32/1.6.9+1.0.1/bin/../lib/gcc/arc-elf32/4.8.5/libgcc.a(_millicodethunk_ret.o)
                0x000000004003452c                __ld_r13_to_r25_ret
                0x0000000040034530                __ld_r13_to_r24_ret
                0x0000000040034534                __ld_r13_to_r23_ret
                0x0000000040034538                __ld_r13_to_r22_ret
                0x000000004003453c                __ld_r13_to_r21_ret
                0x0000000040034540                __ld_r13_to_r20_ret
                0x0000000040034544                __ld_r13_to_r19_ret
                0x0000000040034548                __ld_r13_to_r18_ret
                0x000000004003454c                __ld_r13_to_r17_ret
                0x0000000040034550                __ld_r13_to_r16_ret
                0x0000000040034554                __ld_r13_to_r15_ret
                0x0000000040034558                __ld_r13_to_r14_ret
 .text          0x0000000040034568       0x7c /opt/eclipse/arduinoPlugin/tools/Intel/arc-elf32/1.6.9+1.0.1/bin/../lib/gcc/arc-elf32/4.8.5/../../../../arc-elf32/lib/libc.a(lib_a-strcpy-bs.o)
                0x0000000040034568                strcpy
 .text          0x00000000400345e4      0x3f4 /opt/eclipse/arduinoPlugin/tools/Intel/arc-elf32/1.6.9+1.0.1/bin/../lib/gcc/arc-elf32/4.8.5/libgcc.a(_divdf3.o)
                0x00000000400346e8                __divdf3
 .text          0x00000000400349d8       0xbc /opt/eclipse/arduinoPlugin/tools/Intel/arc-elf32/1.6.9+1.0.1/bin/../lib/gcc/arc-elf32/4.8.5/libgcc.a(_truncdfsf2.o)
                0x00000000400349d8                __truncdfsf2
 .text          0x0000000040034a94       0x4c /opt/eclipse/arduinoPlugin/tools/Intel/arc-elf32/1.6.9+1.0.1/bin/../lib/gcc/arc-elf32/4.8.5/libgcc.a(_extendsfdf2.o)
                0x0000000040034a94                __extendsfdf2
 .text          0x0000000040034ae0       0x2c /opt/eclipse/arduinoPlugin/tools/Intel/arc-elf32/1.6.9+1.0.1/bin/../lib/gcc/arc-elf32/4.8.5/libgcc.a(_eqdf2.o)
                0x0000000040034ae0                __eqdf2
 .text          0x0000000040034b0c       0x50 /opt/eclipse/arduinoPlugin/tools/Intel/arc-elf32/1.6.9+1.0.1/bin/../lib/gcc/arc-elf32/4.8.5/libgcc.a(_gedf2.o)
                0x0000000040034b0c                __gedf2
 .text          0x0000000040034b5c       0x4c /opt/eclipse/arduinoPlugin/tools/Intel/arc-elf32/1.6.9+1.0.1/bin/../lib/gcc/arc-elf32/4.8.5/libgcc.a(_gtdf2.o)
                0x0000000040034b5c                __gtdf2
 .text          0x0000000040034ba8       0x34 /opt/eclipse/arduinoPlugin/tools/Intel/arc-elf32/1.6.9+1.0.1/bin/../lib/gcc/arc-elf32/4.8.5/libgcc.a(_floatsidf.o)
                0x0000000040034ba8                __floatsidf
 .text          0x0000000040034bdc       0x38 /opt/eclipse/arduinoPlugin/tools/Intel/arc-elf32/1.6.9+1.0.1/bin/../lib/gcc/arc-elf32/4.8.5/libgcc.a(_fixunsdfsi.o)
                0x0000000040034bdc                __fixunsdfsi
 .text          0x0000000040034c14       0x28 /opt/eclipse/arduinoPlugin/tools/Intel/arc-elf32/1.6.9+1.0.1/bin/../lib/gcc/arc-elf32/4.8.5/libgcc.a(_floatunsidf.o)
                0x0000000040034c14                __floatunsidf
 *(.text.*)
 .text._main    0x0000000040034c3c       0x74 /opt/eclipse/arduinoPlugin/packages/Intel/hardware/arc32/2.0.2/variants/arduino_101/libarc32drv_arduino101.a(c_init.o)
                0x0000000040034c3c                _main
 .text.interrupt_connect
                0x0000000040034cb0       0x20 /opt/eclipse/arduinoPlugin/packages/Intel/hardware/arc32/2.0.2/variants/arduino_101/libarc32drv_arduino101.a(interrupt.o)
                0x0000000040034cb0                interrupt_connect
 .text.interrupt_enable
                0x0000000040034cd0       0x28 /opt/eclipse/arduinoPlugin/packages/Intel/hardware/arc32/2.0.2/variants/arduino_101/libarc32drv_arduino101.a(interrupt.o)
                0x0000000040034cd0                interrupt_enable
 .text.interrupt_priority_set
                0x0000000040034cf8       0x20 /opt/eclipse/arduinoPlugin/packages/Intel/hardware/arc32/2.0.2/variants/arduino_101/libarc32drv_arduino101.a(interrupt.o)
                0x0000000040034cf8                interrupt_priority_set
 .text.interrupt_unit_device_init
                0x0000000040034d18       0x50 /opt/eclipse/arduinoPlugin/packages/Intel/hardware/arc32/2.0.2/variants/arduino_101/libarc32drv_arduino101.a(interrupt.o)
                0x0000000040034d18                interrupt_unit_device_init
 .text._arcv2_timer0_int_handler
                0x0000000040034d68       0x20 /opt/eclipse/arduinoPlugin/packages/Intel/hardware/arc32/2.0.2/variants/arduino_101/libarc32drv_arduino101.a(arcv2_timer0.o)
                0x0000000040034d68                _arcv2_timer0_int_handler
 .text.timer0_driver_init
                0x0000000040034d88       0x40 /opt/eclipse/arduinoPlugin/packages/Intel/hardware/arc32/2.0.2/variants/arduino_101/libarc32drv_arduino101.a(arcv2_timer0.o)
                0x0000000040034d88                timer0_driver_init
 .text.atomic_inc
                0x0000000040034dc8       0x14 /opt/eclipse/arduinoPlugin/packages/Intel/hardware/arc32/2.0.2/variants/arduino_101/libarc32drv_arduino101.a(atomic_native.o)
                0x0000000040034dc8                atomic_inc
 .text.atomic_dec
                0x0000000040034ddc       0x14 /opt/eclipse/arduinoPlugin/packages/Intel/hardware/arc32/2.0.2/variants/arduino_101/libarc32drv_arduino101.a(atomic_native.o)
                0x0000000040034ddc                atomic_dec
 .text.atomic_get
                0x0000000040034df0        0x4 /opt/eclipse/arduinoPlugin/packages/Intel/hardware/arc32/2.0.2/variants/arduino_101/libarc32drv_arduino101.a(atomic_native.o)
                0x0000000040034df0                atomic_get
 .text.atomic_set
                0x0000000040034df4       0x10 /opt/eclipse/arduinoPlugin/packages/Intel/hardware/arc32/2.0.2/variants/arduino_101/libarc32drv_arduino101.a(atomic_native.o)
                0x0000000040034df4                atomic_set
 .text.atomic_or
                0x0000000040034e04       0x14 /opt/eclipse/arduinoPlugin/packages/Intel/hardware/arc32/2.0.2/variants/arduino_101/libarc32drv_arduino101.a(atomic_native.o)
                0x0000000040034e04                atomic_or
 .text.atomic_and
                0x0000000040034e18       0x14 /opt/eclipse/arduinoPlugin/packages/Intel/hardware/arc32/2.0.2/variants/arduino_101/libarc32drv_arduino101.a(atomic_native.o)
                0x0000000040034e18                atomic_and
 .text.ipc_uart_isr
                0x0000000040034e2c      0x220 /opt/eclipse/arduinoPlugin/packages/Intel/hardware/arc32/2.0.2/variants/arduino_101/libarc32drv_arduino101.a(ipc_uart_ns16550.o)
                0x0000000040034e2c                ipc_uart_isr
 .text.ipc_uart_close_channel
                0x000000004003504c       0x34 /opt/eclipse/arduinoPlugin/packages/Intel/hardware/arc32/2.0.2/variants/arduino_101/libarc32drv_arduino101.a(ipc_uart_ns16550.o)
                0x000000004003504c                ipc_uart_close_channel
 .text.ipc_uart_init
                0x0000000040035080       0x78 /opt/eclipse/arduinoPlugin/packages/Intel/hardware/arc32/2.0.2/variants/arduino_101/libarc32drv_arduino101.a(ipc_uart_ns16550.o)
                0x0000000040035080                ipc_uart_init
 .text.ipc_uart_channel_open
                0x00000000400350f8       0x8c /opt/eclipse/arduinoPlugin/packages/Intel/hardware/arc32/2.0.2/variants/arduino_101/libarc32drv_arduino101.a(ipc_uart_ns16550.o)
                0x00000000400350f8                ipc_uart_channel_open
 .text.ipc_uart_ns16550_send_pdu
                0x0000000040035184       0x48 /opt/eclipse/arduinoPlugin/packages/Intel/hardware/arc32/2.0.2/variants/arduino_101/libarc32drv_arduino101.a(ipc_uart_ns16550.o)
                0x0000000040035184                ipc_uart_ns16550_send_pdu
 .text.ipc_uart_ns16550_set_tx_cb
                0x00000000400351cc       0x18 /opt/eclipse/arduinoPlugin/packages/Intel/hardware/arc32/2.0.2/variants/arduino_101/libarc32drv_arduino101.a(ipc_uart_ns16550.o)
                0x00000000400351cc                ipc_uart_ns16550_set_tx_cb
 .text.uart_init
                0x00000000400351e4       0x9c /opt/eclipse/arduinoPlugin/packages/Intel/hardware/arc32/2.0.2/variants/arduino_101/libarc32drv_arduino101.a(ns16550.o)
                0x00000000400351e4                uart_init
 .text.uart_poll_in
                0x0000000040035280       0x28 /opt/eclipse/arduinoPlugin/packages/Intel/hardware/arc32/2.0.2/variants/arduino_101/libarc32drv_arduino101.a(ns16550.o)
                0x0000000040035280                uart_poll_in
 .text.uart_poll_out
                0x00000000400352a8       0x28 /opt/eclipse/arduinoPlugin/packages/Intel/hardware/arc32/2.0.2/variants/arduino_101/libarc32drv_arduino101.a(ns16550.o)
                0x00000000400352a8                uart_poll_out
 .text.uart_fifo_fill
                0x00000000400352d0       0x4c /opt/eclipse/arduinoPlugin/packages/Intel/hardware/arc32/2.0.2/variants/arduino_101/libarc32drv_arduino101.a(ns16550.o)
                0x00000000400352d0                uart_fifo_fill
 .text.uart_fifo_read
                0x000000004003531c       0x4c /opt/eclipse/arduinoPlugin/packages/Intel/hardware/arc32/2.0.2/variants/arduino_101/libarc32drv_arduino101.a(ns16550.o)
                0x000000004003531c                uart_fifo_read
 .text.uart_irq_tx_enable
                0x0000000040035368       0x20 /opt/eclipse/arduinoPlugin/packages/Intel/hardware/arc32/2.0.2/variants/arduino_101/libarc32drv_arduino101.a(ns16550.o)
                0x0000000040035368                uart_irq_tx_enable
 .text.uart_irq_tx_disable
                0x0000000040035388       0x20 /opt/eclipse/arduinoPlugin/packages/Intel/hardware/arc32/2.0.2/variants/arduino_101/libarc32drv_arduino101.a(ns16550.o)
                0x0000000040035388                uart_irq_tx_disable
 .text.uart_irq_tx_ready
                0x00000000400353a8       0x20 /opt/eclipse/arduinoPlugin/packages/Intel/hardware/arc32/2.0.2/variants/arduino_101/libarc32drv_arduino101.a(ns16550.o)
                0x00000000400353a8                uart_irq_tx_ready
 .text.uart_irq_rx_enable
                0x00000000400353c8       0x20 /opt/eclipse/arduinoPlugin/packages/Intel/hardware/arc32/2.0.2/variants/arduino_101/libarc32drv_arduino101.a(ns16550.o)
                0x00000000400353c8                uart_irq_rx_enable
 .text.uart_irq_rx_disable
                0x00000000400353e8       0x20 /opt/eclipse/arduinoPlugin/packages/Intel/hardware/arc32/2.0.2/variants/arduino_101/libarc32drv_arduino101.a(ns16550.o)
                0x00000000400353e8                uart_irq_rx_disable
 .text.uart_irq_rx_ready
                0x0000000040035408       0x20 /opt/eclipse/arduinoPlugin/packages/Intel/hardware/arc32/2.0.2/variants/arduino_101/libarc32drv_arduino101.a(ns16550.o)
                0x0000000040035408                uart_irq_rx_ready
 .text.uart_irq_err_detected
                0x0000000040035428       0x20 /opt/eclipse/arduinoPlugin/packages/Intel/hardware/arc32/2.0.2/variants/arduino_101/libarc32drv_arduino101.a(ns16550.o)
                0x0000000040035428                uart_irq_err_detected
 .text.uart_line_status
                0x0000000040035448       0x1c /opt/eclipse/arduinoPlugin/packages/Intel/hardware/arc32/2.0.2/variants/arduino_101/libarc32drv_arduino101.a(ns16550.o)
                0x0000000040035448                uart_line_status
 .text.uart_break_check
                0x0000000040035464       0x1c /opt/eclipse/arduinoPlugin/packages/Intel/hardware/arc32/2.0.2/variants/arduino_101/libarc32drv_arduino101.a(ns16550.o)
                0x0000000040035464                uart_break_check
 .text.uart_irq_is_pending
                0x0000000040035480       0x20 /opt/eclipse/arduinoPlugin/packages/Intel/hardware/arc32/2.0.2/variants/arduino_101/libarc32drv_arduino101.a(ns16550.o)
                0x0000000040035480                uart_irq_is_pending
 .text.uart_irq_update
                0x00000000400354a0       0x20 /opt/eclipse/arduinoPlugin/packages/Intel/hardware/arc32/2.0.2/variants/arduino_101/libarc32drv_arduino101.a(ns16550.o)
                0x00000000400354a0                uart_irq_update
 .text.uart_int_connect
                0x00000000400354c0       0x54 /opt/eclipse/arduinoPlugin/packages/Intel/hardware/arc32/2.0.2/variants/arduino_101/libarc32drv_arduino101.a(ns16550.o)
                0x00000000400354c0                uart_int_connect
 .text.uart_tx_complete
                0x0000000040035514       0x1c /opt/eclipse/arduinoPlugin/packages/Intel/hardware/arc32/2.0.2/variants/arduino_101/libarc32drv_arduino101.a(ns16550.o)
                0x0000000040035514                uart_tx_complete
 .text.uart_loop_enable
                0x0000000040035530       0x20 /opt/eclipse/arduinoPlugin/packages/Intel/hardware/arc32/2.0.2/variants/arduino_101/libarc32drv_arduino101.a(ns16550.o)
                0x0000000040035530                uart_loop_enable
 .text.soc_gpio_ISR_proc
                0x0000000040035550       0x60 /opt/eclipse/arduinoPlugin/packages/Intel/hardware/arc32/2.0.2/variants/arduino_101/libarc32drv_arduino101.a(soc_gpio.o)
 .text.gpio_isr
                0x00000000400355b0       0x10 /opt/eclipse/arduinoPlugin/packages/Intel/hardware/arc32/2.0.2/variants/arduino_101/libarc32drv_arduino101.a(soc_gpio.o)
                0x00000000400355b0                gpio_isr
 .text.gpio_aon_isr
                0x00000000400355c0       0x10 /opt/eclipse/arduinoPlugin/packages/Intel/hardware/arc32/2.0.2/variants/arduino_101/libarc32drv_arduino101.a(soc_gpio.o)
                0x00000000400355c0                gpio_aon_isr
 .text.soc_gpio_enable
                0x00000000400355d0       0x88 /opt/eclipse/arduinoPlugin/packages/Intel/hardware/arc32/2.0.2/variants/arduino_101/libarc32drv_arduino101.a(soc_gpio.o)
                0x00000000400355d0                soc_gpio_enable
 .text.soc_gpio_set_config
                0x0000000040035658      0x134 /opt/eclipse/arduinoPlugin/packages/Intel/hardware/arc32/2.0.2/variants/arduino_101/libarc32drv_arduino101.a(soc_gpio.o)
                0x0000000040035658                soc_gpio_set_config
 .text.soc_gpio_write
                0x000000004003578c       0x58 /opt/eclipse/arduinoPlugin/packages/Intel/hardware/arc32/2.0.2/variants/arduino_101/libarc32drv_arduino101.a(soc_gpio.o)
                0x000000004003578c                soc_gpio_write
 .text.recv_data
                0x00000000400357e4       0x60 /opt/eclipse/arduinoPlugin/packages/Intel/hardware/arc32/2.0.2/variants/arduino_101/libarc32drv_arduino101.a(ss_dw_i2c.o)
 .text.end_data_transfer
                0x0000000040035844       0x3c /opt/eclipse/arduinoPlugin/packages/Intel/hardware/arc32/2.0.2/variants/arduino_101/libarc32drv_arduino101.a(ss_dw_i2c.o)
 .text.i2c_fill_fifo
                0x0000000040035880       0xc4 /opt/eclipse/arduinoPlugin/packages/Intel/hardware/arc32/2.0.2/variants/arduino_101/libarc32drv_arduino101.a(ss_dw_i2c.o)
                0x0000000040035880                i2c_fill_fifo
 .text.i2c_mst_err_ISR_proc
                0x0000000040035944       0xb4 /opt/eclipse/arduinoPlugin/packages/Intel/hardware/arc32/2.0.2/variants/arduino_101/libarc32drv_arduino101.a(ss_dw_i2c.o)
                0x0000000040035944                i2c_mst_err_ISR_proc
 .text.i2c_mst_rx_avail_ISR_proc
                0x00000000400359f8       0x3c /opt/eclipse/arduinoPlugin/packages/Intel/hardware/arc32/2.0.2/variants/arduino_101/libarc32drv_arduino101.a(ss_dw_i2c.o)
                0x00000000400359f8                i2c_mst_rx_avail_ISR_proc
 .text.i2c_mst_tx_req_ISR_proc
                0x0000000040035a34       0x60 /opt/eclipse/arduinoPlugin/packages/Intel/hardware/arc32/2.0.2/variants/arduino_101/libarc32drv_arduino101.a(ss_dw_i2c.o)
                0x0000000040035a34                i2c_mst_tx_req_ISR_proc
 .text.i2c_mst_stop_detected_ISR_proc
                0x0000000040035a94       0x40 /opt/eclipse/arduinoPlugin/packages/Intel/hardware/arc32/2.0.2/variants/arduino_101/libarc32drv_arduino101.a(ss_dw_i2c.o)
                0x0000000040035a94                i2c_mst_stop_detected_ISR_proc
 .text.i2c_mst1_stop_detected_ISR
                0x0000000040035ad4       0x18 /opt/eclipse/arduinoPlugin/packages/Intel/hardware/arc32/2.0.2/variants/arduino_101/libarc32drv_arduino101.a(ss_i2c_iface.o)
 .text.i2c_mst0_stop_detected_ISR
                0x0000000040035aec       0x18 /opt/eclipse/arduinoPlugin/packages/Intel/hardware/arc32/2.0.2/variants/arduino_101/libarc32drv_arduino101.a(ss_i2c_iface.o)
 .text.i2c_mst1_tx_req_ISR
                0x0000000040035b04       0x18 /opt/eclipse/arduinoPlugin/packages/Intel/hardware/arc32/2.0.2/variants/arduino_101/libarc32drv_arduino101.a(ss_i2c_iface.o)
 .text.i2c_mst0_tx_req_ISR
                0x0000000040035b1c       0x18 /opt/eclipse/arduinoPlugin/packages/Intel/hardware/arc32/2.0.2/variants/arduino_101/libarc32drv_arduino101.a(ss_i2c_iface.o)
 .text.i2c_mst1_rx_avail_ISR
                0x0000000040035b34       0x18 /opt/eclipse/arduinoPlugin/packages/Intel/hardware/arc32/2.0.2/variants/arduino_101/libarc32drv_arduino101.a(ss_i2c_iface.o)
 .text.i2c_mst0_rx_avail_ISR
                0x0000000040035b4c       0x18 /opt/eclipse/arduinoPlugin/packages/Intel/hardware/arc32/2.0.2/variants/arduino_101/libarc32drv_arduino101.a(ss_i2c_iface.o)
 .text.i2c_mst1_err_ISR
                0x0000000040035b64       0x18 /opt/eclipse/arduinoPlugin/packages/Intel/hardware/arc32/2.0.2/variants/arduino_101/libarc32drv_arduino101.a(ss_i2c_iface.o)
 .text.i2c_mst0_err_ISR
                0x0000000040035b7c       0x18 /opt/eclipse/arduinoPlugin/packages/Intel/hardware/arc32/2.0.2/variants/arduino_101/libarc32drv_arduino101.a(ss_i2c_iface.o)
 .text.ss_i2c_set_config
                0x0000000040035b94      0x19c /opt/eclipse/arduinoPlugin/packages/Intel/hardware/arc32/2.0.2/variants/arduino_101/libarc32drv_arduino101.a(ss_i2c_iface.o)
                0x0000000040035b94                ss_i2c_set_config
 .text.ss_i2c_clock_enable
                0x0000000040035d30       0x44 /opt/eclipse/arduinoPlugin/packages/Intel/hardware/arc32/2.0.2/variants/arduino_101/libarc32drv_arduino101.a(ss_i2c_iface.o)
                0x0000000040035d30                ss_i2c_clock_enable
 .text.ss_i2c_transfer
                0x0000000040035d74       0xb4 /opt/eclipse/arduinoPlugin/packages/Intel/hardware/arc32/2.0.2/variants/arduino_101/libarc32drv_arduino101.a(ss_i2c_iface.o)
                0x0000000040035d74                ss_i2c_transfer
 .text.ss_i2c_status
                0x0000000040035e28       0x5c /opt/eclipse/arduinoPlugin/packages/Intel/hardware/arc32/2.0.2/variants/arduino_101/libarc32drv_arduino101.a(ss_i2c_iface.o)
                0x0000000040035e28                ss_i2c_status
 .text.rpc_deserialize
                0x0000000040035e84      0x1b8 /opt/eclipse/arduinoPlugin/packages/Intel/hardware/arc32/2.0.2/variants/arduino_101/libarc32drv_arduino101.a(rpc_deserialize.o)
                0x0000000040035e84                rpc_deserialize
 .text.encoded_buflen
                0x000000004003603c       0x24 /opt/eclipse/arduinoPlugin/packages/Intel/hardware/arc32/2.0.2/variants/arduino_101/libarc32drv_arduino101.a(rpc_serialize.o)
 .text.serialize_struct
                0x0000000040036060       0x28 /opt/eclipse/arduinoPlugin/packages/Intel/hardware/arc32/2.0.2/variants/arduino_101/libarc32drv_arduino101.a(rpc_serialize.o)
 .text.serialize_buf
                0x0000000040036088       0x54 /opt/eclipse/arduinoPlugin/packages/Intel/hardware/arc32/2.0.2/variants/arduino_101/libarc32drv_arduino101.a(rpc_serialize.o)
 .text.rpc_serialize_none
                0x00000000400360dc       0x2c /opt/eclipse/arduinoPlugin/packages/Intel/hardware/arc32/2.0.2/variants/arduino_101/libarc32drv_arduino101.a(rpc_serialize.o)
                0x00000000400360dc                rpc_serialize_none
 .text.nble_gap_start_adv_req
                0x0000000040036108       0x10 /opt/eclipse/arduinoPlugin/packages/Intel/hardware/arc32/2.0.2/variants/arduino_101/libarc32drv_arduino101.a(rpc_serialize.o)
                0x0000000040036108                nble_gap_start_adv_req
 .text.rpc_serialize_s
                0x0000000040036118       0x54 /opt/eclipse/arduinoPlugin/packages/Intel/hardware/arc32/2.0.2/variants/arduino_101/libarc32drv_arduino101.a(rpc_serialize.o)
                0x0000000040036118                rpc_serialize_s
 .text.nble_gap_sm_config_req
                0x000000004003616c       0x14 /opt/eclipse/arduinoPlugin/packages/Intel/hardware/arc32/2.0.2/variants/arduino_101/libarc32drv_arduino101.a(rpc_serialize.o)
                0x000000004003616c                nble_gap_sm_config_req
 .text.nble_set_bda_req
                0x0000000040036180       0x14 /opt/eclipse/arduinoPlugin/packages/Intel/hardware/arc32/2.0.2/variants/arduino_101/libarc32drv_arduino101.a(rpc_serialize.o)
                0x0000000040036180                nble_set_bda_req
 .text.nble_gattc_discover_req
                0x0000000040036194       0x14 /opt/eclipse/arduinoPlugin/packages/Intel/hardware/arc32/2.0.2/variants/arduino_101/libarc32drv_arduino101.a(rpc_serialize.o)
                0x0000000040036194                nble_gattc_discover_req
 .text.nble_gatts_wr_reply_req
                0x00000000400361a8       0x14 /opt/eclipse/arduinoPlugin/packages/Intel/hardware/arc32/2.0.2/variants/arduino_101/libarc32drv_arduino101.a(rpc_serialize.o)
                0x00000000400361a8                nble_gatts_wr_reply_req
 .text.nble_gattc_read_req
                0x00000000400361bc       0x14 /opt/eclipse/arduinoPlugin/packages/Intel/hardware/arc32/2.0.2/variants/arduino_101/libarc32drv_arduino101.a(rpc_serialize.o)
                0x00000000400361bc                nble_gattc_read_req
 .text.rpc_serialize_p
                0x00000000400361d0       0x44 /opt/eclipse/arduinoPlugin/packages/Intel/hardware/arc32/2.0.2/variants/arduino_101/libarc32drv_arduino101.a(rpc_serialize.o)
                0x00000000400361d0                rpc_serialize_p
 .text.nble_gap_read_bda_req
                0x0000000040036214       0x14 /opt/eclipse/arduinoPlugin/packages/Intel/hardware/arc32/2.0.2/variants/arduino_101/libarc32drv_arduino101.a(rpc_serialize.o)
                0x0000000040036214                nble_gap_read_bda_req
 .text.nble_gap_stop_adv_req
                0x0000000040036228       0x14 /opt/eclipse/arduinoPlugin/packages/Intel/hardware/arc32/2.0.2/variants/arduino_101/libarc32drv_arduino101.a(rpc_serialize.o)
                0x0000000040036228                nble_gap_stop_adv_req
 .text.rpc_serialize_s_b
                0x000000004003623c       0x68 /opt/eclipse/arduinoPlugin/packages/Intel/hardware/arc32/2.0.2/variants/arduino_101/libarc32drv_arduino101.a(rpc_serialize.o)
                0x000000004003623c                rpc_serialize_s_b
 .text.nble_gatts_rd_reply_req
                0x00000000400362a4       0x1c /opt/eclipse/arduinoPlugin/packages/Intel/hardware/arc32/2.0.2/variants/arduino_101/libarc32drv_arduino101.a(rpc_serialize.o)
                0x00000000400362a4                nble_gatts_rd_reply_req
 .text.nble_gattc_write_req
                0x00000000400362c0       0x1c /opt/eclipse/arduinoPlugin/packages/Intel/hardware/arc32/2.0.2/variants/arduino_101/libarc32drv_arduino101.a(rpc_serialize.o)
                0x00000000400362c0                nble_gattc_write_req
 .text.nble_gattc_read_multiple_req
                0x00000000400362dc       0x1c /opt/eclipse/arduinoPlugin/packages/Intel/hardware/arc32/2.0.2/variants/arduino_101/libarc32drv_arduino101.a(rpc_serialize.o)
                0x00000000400362dc                nble_gattc_read_multiple_req
 .text.free_message_ipc
                0x00000000400362f8       0x18 /opt/eclipse/arduinoPlugin/packages/Intel/hardware/arc32/2.0.2/variants/arduino_101/libarc32drv_arduino101.a(cfw_platform.o)
 .text.send_message_ipc
                0x0000000040036310       0x18 /opt/eclipse/arduinoPlugin/packages/Intel/hardware/arc32/2.0.2/variants/arduino_101/libarc32drv_arduino101.a(cfw_platform.o)
 .text.ipc_mbx_isr
                0x0000000040036328       0x30 /opt/eclipse/arduinoPlugin/packages/Intel/hardware/arc32/2.0.2/variants/arduino_101/libarc32drv_arduino101.a(cfw_platform.o)
 .text.cfw_platform_init
                0x0000000040036358       0xa0 /opt/eclipse/arduinoPlugin/packages/Intel/hardware/arc32/2.0.2/variants/arduino_101/libarc32drv_arduino101.a(cfw_platform.o)
                0x0000000040036358                cfw_platform_init
 .text.notify_connected
                0x00000000400363f8       0x34 /opt/eclipse/arduinoPlugin/packages/Intel/hardware/arc32/2.0.2/variants/arduino_101/libarc32drv_arduino101.a(conn.o)
 .text.notify_le_param_updated
                0x000000004003642c       0x3c /opt/eclipse/arduinoPlugin/packages/Intel/hardware/arc32/2.0.2/variants/arduino_101/libarc32drv_arduino101.a(conn.o)
                0x000000004003642c                notify_le_param_updated
 .text.bt_conn_add_le
                0x0000000040036468       0x74 /opt/eclipse/arduinoPlugin/packages/Intel/hardware/arc32/2.0.2/variants/arduino_101/libarc32drv_arduino101.a(conn.o)
                0x0000000040036468                bt_conn_add_le
 .text.bt_conn_set_state
                0x00000000400364dc       0xbc /opt/eclipse/arduinoPlugin/packages/Intel/hardware/arc32/2.0.2/variants/arduino_101/libarc32drv_arduino101.a(conn.o)
                0x00000000400364dc                bt_conn_set_state
 .text.bt_conn_lookup_handle
                0x0000000040036598       0x60 /opt/eclipse/arduinoPlugin/packages/Intel/hardware/arc32/2.0.2/variants/arduino_101/libarc32drv_arduino101.a(conn.o)
                0x0000000040036598                bt_conn_lookup_handle
 .text.bt_conn_lookup_addr_le
                0x00000000400365f8       0x5c /opt/eclipse/arduinoPlugin/packages/Intel/hardware/arc32/2.0.2/variants/arduino_101/libarc32drv_arduino101.a(conn.o)
                0x00000000400365f8                bt_conn_lookup_addr_le
 .text.bt_conn_lookup_state_le
                0x0000000040036654       0x84 /opt/eclipse/arduinoPlugin/packages/Intel/hardware/arc32/2.0.2/variants/arduino_101/libarc32drv_arduino101.a(conn.o)
                0x0000000040036654                bt_conn_lookup_state_le
 .text.bt_conn_unref
                0x00000000400366d8       0x10 /opt/eclipse/arduinoPlugin/packages/Intel/hardware/arc32/2.0.2/variants/arduino_101/libarc32drv_arduino101.a(conn.o)
                0x00000000400366d8                bt_conn_unref
 .text.on_nble_gap_cancel_connect_rsp
                0x00000000400366e8       0x18 /opt/eclipse/arduinoPlugin/packages/Intel/hardware/arc32/2.0.2/variants/arduino_101/libarc32drv_arduino101.a(conn.o)
                0x00000000400366e8                on_nble_gap_cancel_connect_rsp
 .text.on_nble_gap_connect_rsp
                0x0000000040036700       0x24 /opt/eclipse/arduinoPlugin/packages/Intel/hardware/arc32/2.0.2/variants/arduino_101/libarc32drv_arduino101.a(conn.o)
                0x0000000040036700                on_nble_gap_connect_rsp
 .text.bt_conn_init
                0x0000000040036724       0x10 /opt/eclipse/arduinoPlugin/packages/Intel/hardware/arc32/2.0.2/variants/arduino_101/libarc32drv_arduino101.a(conn.o)
                0x0000000040036724                bt_conn_init
 .text.on_nble_gap_dtm_init_rsp
                0x0000000040036734        0xc /opt/eclipse/arduinoPlugin/packages/Intel/hardware/arc32/2.0.2/variants/arduino_101/libarc32drv_arduino101.a(dtm_tcmd.o)
                0x0000000040036734                on_nble_gap_dtm_init_rsp
 .text.bt_init  0x0000000040036740       0x40 /opt/eclipse/arduinoPlugin/packages/Intel/hardware/arc32/2.0.2/variants/arduino_101/libarc32drv_arduino101.a(gap.o)
 .text.set_advertise_disable
                0x0000000040036780       0x34 /opt/eclipse/arduinoPlugin/packages/Intel/hardware/arc32/2.0.2/variants/arduino_101/libarc32drv_arduino101.a(gap.o)
 .text.set_advertise_enable
                0x00000000400367b4       0x24 /opt/eclipse/arduinoPlugin/packages/Intel/hardware/arc32/2.0.2/variants/arduino_101/libarc32drv_arduino101.a(gap.o)
 .text.on_nble_gap_start_advertise_rsp
                0x00000000400367d8       0x28 /opt/eclipse/arduinoPlugin/packages/Intel/hardware/arc32/2.0.2/variants/arduino_101/libarc32drv_arduino101.a(gap.o)
                0x00000000400367d8                on_nble_gap_start_advertise_rsp
 .text.on_nble_gap_disconnect_evt
                0x0000000040036800       0x78 /opt/eclipse/arduinoPlugin/packages/Intel/hardware/arc32/2.0.2/variants/arduino_101/libarc32drv_arduino101.a(gap.o)
                0x0000000040036800                on_nble_gap_disconnect_evt
 .text.on_nble_gap_connect_evt
                0x0000000040036878       0xa4 /opt/eclipse/arduinoPlugin/packages/Intel/hardware/arc32/2.0.2/variants/arduino_101/libarc32drv_arduino101.a(gap.o)
                0x0000000040036878                on_nble_gap_connect_evt
 .text.on_nble_gap_adv_report_evt
                0x000000004003691c       0x68 /opt/eclipse/arduinoPlugin/packages/Intel/hardware/arc32/2.0.2/variants/arduino_101/libarc32drv_arduino101.a(gap.o)
                0x000000004003691c                on_nble_gap_adv_report_evt
 .text.on_nble_gap_conn_update_evt
                0x0000000040036984       0x54 /opt/eclipse/arduinoPlugin/packages/Intel/hardware/arc32/2.0.2/variants/arduino_101/libarc32drv_arduino101.a(gap.o)
                0x0000000040036984                on_nble_gap_conn_update_evt
 .text.on_nble_gap_scan_start_stop_rsp
                0x00000000400369d8       0x20 /opt/eclipse/arduinoPlugin/packages/Intel/hardware/arc32/2.0.2/variants/arduino_101/libarc32drv_arduino101.a(gap.o)
                0x00000000400369d8                on_nble_gap_scan_start_stop_rsp
 .text.on_nble_up
                0x00000000400369f8       0x48 /opt/eclipse/arduinoPlugin/packages/Intel/hardware/arc32/2.0.2/variants/arduino_101/libarc32drv_arduino101.a(gap.o)
                0x00000000400369f8                on_nble_up
 .text.bt_enable
                0x0000000040036a40       0x3c /opt/eclipse/arduinoPlugin/packages/Intel/hardware/arc32/2.0.2/variants/arduino_101/libarc32drv_arduino101.a(gap.o)
                0x0000000040036a40                bt_enable
 .text.on_nble_gap_dir_adv_timeout_evt
                0x0000000040036a7c       0x5c /opt/eclipse/arduinoPlugin/packages/Intel/hardware/arc32/2.0.2/variants/arduino_101/libarc32drv_arduino101.a(gap.o)
                0x0000000040036a7c                on_nble_gap_dir_adv_timeout_evt
 .text.bt_le_adv_stop
                0x0000000040036ad8       0x38 /opt/eclipse/arduinoPlugin/packages/Intel/hardware/arc32/2.0.2/variants/arduino_101/libarc32drv_arduino101.a(gap.o)
                0x0000000040036ad8                bt_le_adv_stop
 .text.on_nble_uas_bucket_change
                0x0000000040036b10        0xc /opt/eclipse/arduinoPlugin/packages/Intel/hardware/arc32/2.0.2/variants/arduino_101/libarc32drv_arduino101.a(gap.o)
                0x0000000040036b10                on_nble_uas_bucket_change
 .text.on_nble_gap_set_rssi_report_rsp
                0x0000000040036b1c       0x18 /opt/eclipse/arduinoPlugin/packages/Intel/hardware/arc32/2.0.2/variants/arduino_101/libarc32drv_arduino101.a(gap.o)
                0x0000000040036b1c                on_nble_gap_set_rssi_report_rsp
 .text.on_nble_gap_rssi_evt
                0x0000000040036b34       0x20 /opt/eclipse/arduinoPlugin/packages/Intel/hardware/arc32/2.0.2/variants/arduino_101/libarc32drv_arduino101.a(gap.o)
                0x0000000040036b34                on_nble_gap_rssi_evt
 .text.on_nble_gap_tx_power_rsp
                0x0000000040036b54        0xc /opt/eclipse/arduinoPlugin/packages/Intel/hardware/arc32/2.0.2/variants/arduino_101/libarc32drv_arduino101.a(gap.o)
                0x0000000040036b54                on_nble_gap_tx_power_rsp
 .text.on_nble_get_version_rsp
                0x0000000040036b60       0x18 /opt/eclipse/arduinoPlugin/packages/Intel/hardware/arc32/2.0.2/variants/arduino_101/libarc32drv_arduino101.a(gap.o)
                0x0000000040036b60                on_nble_get_version_rsp
 .text.flush_all
                0x0000000040036b78       0x3c /opt/eclipse/arduinoPlugin/packages/Intel/hardware/arc32/2.0.2/variants/arduino_101/libarc32drv_arduino101.a(gatt.o)
 .text.att_write_ccc_rsp
                0x0000000040036bb4       0x44 /opt/eclipse/arduinoPlugin/packages/Intel/hardware/arc32/2.0.2/variants/arduino_101/libarc32drv_arduino101.a(gatt.o)
 .text.gatt_ccc_changed
                0x0000000040036bf8       0x80 /opt/eclipse/arduinoPlugin/packages/Intel/hardware/arc32/2.0.2/variants/arduino_101/libarc32drv_arduino101.a(gatt.o)
 .text.disconnected_cb
                0x0000000040036c78       0x94 /opt/eclipse/arduinoPlugin/packages/Intel/hardware/arc32/2.0.2/variants/arduino_101/libarc32drv_arduino101.a(gatt.o)
 .text.connected_cb
                0x0000000040036d0c       0x60 /opt/eclipse/arduinoPlugin/packages/Intel/hardware/arc32/2.0.2/variants/arduino_101/libarc32drv_arduino101.a(gatt.o)
 .text.bt_gatt_attr_write_ccc
                0x0000000040036d6c       0xd8 /opt/eclipse/arduinoPlugin/packages/Intel/hardware/arc32/2.0.2/variants/arduino_101/libarc32drv_arduino101.a(gatt.o)
                0x0000000040036d6c                bt_gatt_attr_write_ccc
 .text.gatt_write_ccc
                0x0000000040036e44       0x64 /opt/eclipse/arduinoPlugin/packages/Intel/hardware/arc32/2.0.2/variants/arduino_101/libarc32drv_arduino101.a(gatt.o)
 .text.on_nble_gatt_register_rsp
                0x0000000040036ea8       0x90 /opt/eclipse/arduinoPlugin/packages/Intel/hardware/arc32/2.0.2/variants/arduino_101/libarc32drv_arduino101.a(gatt.o)
                0x0000000040036ea8                on_nble_gatt_register_rsp
 .text.bt_gatt_attr_read
                0x0000000040036f38       0x5c /opt/eclipse/arduinoPlugin/packages/Intel/hardware/arc32/2.0.2/variants/arduino_101/libarc32drv_arduino101.a(gatt.o)
                0x0000000040036f38                bt_gatt_attr_read
 .text.bt_gatt_attr_read_service
                0x0000000040036f94       0x68 /opt/eclipse/arduinoPlugin/packages/Intel/hardware/arc32/2.0.2/variants/arduino_101/libarc32drv_arduino101.a(gatt.o)
                0x0000000040036f94                bt_gatt_attr_read_service
 .text.bt_gatt_attr_read_included
                0x0000000040036ffc       0x74 /opt/eclipse/arduinoPlugin/packages/Intel/hardware/arc32/2.0.2/variants/arduino_101/libarc32drv_arduino101.a(gatt.o)
                0x0000000040036ffc                bt_gatt_attr_read_included
 .text.bt_gatt_attr_read_chrc
                0x0000000040037070       0x74 /opt/eclipse/arduinoPlugin/packages/Intel/hardware/arc32/2.0.2/variants/arduino_101/libarc32drv_arduino101.a(gatt.o)
                0x0000000040037070                bt_gatt_attr_read_chrc
 .text.bt_gatt_attr_next
                0x00000000400370e4       0x68 /opt/eclipse/arduinoPlugin/packages/Intel/hardware/arc32/2.0.2/variants/arduino_101/libarc32drv_arduino101.a(gatt.o)
                0x00000000400370e4                bt_gatt_attr_next
 .text.bt_gatt_foreach_attr
                0x000000004003714c       0x4c /opt/eclipse/arduinoPlugin/packages/Intel/hardware/arc32/2.0.2/variants/arduino_101/libarc32drv_arduino101.a(gatt.o)
                0x000000004003714c                bt_gatt_foreach_attr
 .text.on_nble_gatts_send_notif_rsp
                0x0000000040037198       0x48 /opt/eclipse/arduinoPlugin/packages/Intel/hardware/arc32/2.0.2/variants/arduino_101/libarc32drv_arduino101.a(gatt.o)
                0x0000000040037198                on_nble_gatts_send_notif_rsp
 .text.on_nble_gatts_send_ind_rsp
                0x00000000400371e0       0x48 /opt/eclipse/arduinoPlugin/packages/Intel/hardware/arc32/2.0.2/variants/arduino_101/libarc32drv_arduino101.a(gatt.o)
                0x00000000400371e0                on_nble_gatts_send_ind_rsp
 .text.on_nble_gatts_write_evt
                0x0000000040037228       0x98 /opt/eclipse/arduinoPlugin/packages/Intel/hardware/arc32/2.0.2/variants/arduino_101/libarc32drv_arduino101.a(gatt.o)
                0x0000000040037228                on_nble_gatts_write_evt
 .text.on_nble_gatts_write_exec_evt
                0x00000000400372c0       0x78 /opt/eclipse/arduinoPlugin/packages/Intel/hardware/arc32/2.0.2/variants/arduino_101/libarc32drv_arduino101.a(gatt.o)
                0x00000000400372c0                on_nble_gatts_write_exec_evt
 .text.on_nble_gatts_read_evt
                0x0000000040037338       0x98 /opt/eclipse/arduinoPlugin/packages/Intel/hardware/arc32/2.0.2/variants/arduino_101/libarc32drv_arduino101.a(gatt.o)
                0x0000000040037338                on_nble_gatts_read_evt
 .text.bt_gatt_discover
                0x00000000400373d0       0xc8 /opt/eclipse/arduinoPlugin/packages/Intel/hardware/arc32/2.0.2/variants/arduino_101/libarc32drv_arduino101.a(gatt.o)
                0x00000000400373d0                bt_gatt_discover
 .text.on_nble_gattc_discover_rsp
                0x0000000040037498      0x258 /opt/eclipse/arduinoPlugin/packages/Intel/hardware/arc32/2.0.2/variants/arduino_101/libarc32drv_arduino101.a(gatt.o)
                0x0000000040037498                on_nble_gattc_discover_rsp
 .text.on_nble_gattc_read_multiple_rsp
                0x00000000400376f0       0x68 /opt/eclipse/arduinoPlugin/packages/Intel/hardware/arc32/2.0.2/variants/arduino_101/libarc32drv_arduino101.a(gatt.o)
                0x00000000400376f0                on_nble_gattc_read_multiple_rsp
 .text.bt_gatt_read
                0x0000000040037758       0x70 /opt/eclipse/arduinoPlugin/packages/Intel/hardware/arc32/2.0.2/variants/arduino_101/libarc32drv_arduino101.a(gatt.o)
                0x0000000040037758                bt_gatt_read
 .text.on_nble_gattc_read_rsp
                0x00000000400377c8       0x80 /opt/eclipse/arduinoPlugin/packages/Intel/hardware/arc32/2.0.2/variants/arduino_101/libarc32drv_arduino101.a(gatt.o)
                0x00000000400377c8                on_nble_gattc_read_rsp
 .text.on_nble_gattc_write_rsp
                0x0000000040037848       0x44 /opt/eclipse/arduinoPlugin/packages/Intel/hardware/arc32/2.0.2/variants/arduino_101/libarc32drv_arduino101.a(gatt.o)
                0x0000000040037848                on_nble_gattc_write_rsp
 .text.bt_gatt_unsubscribe
                0x000000004003788c       0xbc /opt/eclipse/arduinoPlugin/packages/Intel/hardware/arc32/2.0.2/variants/arduino_101/libarc32drv_arduino101.a(gatt.o)
                0x000000004003788c                bt_gatt_unsubscribe
 .text.on_nble_gattc_value_evt
                0x0000000040037948       0x78 /opt/eclipse/arduinoPlugin/packages/Intel/hardware/arc32/2.0.2/variants/arduino_101/libarc32drv_arduino101.a(gatt.o)
                0x0000000040037948                on_nble_gattc_value_evt
 .text.bt_gatt_connected
                0x00000000400379c0       0x70 /opt/eclipse/arduinoPlugin/packages/Intel/hardware/arc32/2.0.2/variants/arduino_101/libarc32drv_arduino101.a(gatt.o)
                0x00000000400379c0                bt_gatt_connected
 .text.bt_gatt_disconnected
                0x0000000040037a30       0x78 /opt/eclipse/arduinoPlugin/packages/Intel/hardware/arc32/2.0.2/variants/arduino_101/libarc32drv_arduino101.a(gatt.o)
                0x0000000040037a30                bt_gatt_disconnected
 .text.bt_l2cap_connected
                0x0000000040037aa8       0x18 /opt/eclipse/arduinoPlugin/packages/Intel/hardware/arc32/2.0.2/variants/arduino_101/libarc32drv_arduino101.a(l2cap.o)
                0x0000000040037aa8                bt_l2cap_connected
 .text.bt_l2cap_disconnected
                0x0000000040037ac0       0x10 /opt/eclipse/arduinoPlugin/packages/Intel/hardware/arc32/2.0.2/variants/arduino_101/libarc32drv_arduino101.a(l2cap.o)
                0x0000000040037ac0                bt_l2cap_disconnected
 .text.on_nble_gap_sm_bond_info_rsp
                0x0000000040037ad0        0xc /opt/eclipse/arduinoPlugin/packages/Intel/hardware/arc32/2.0.2/variants/arduino_101/libarc32drv_arduino101.a(smp_null.o)
                0x0000000040037ad0                on_nble_gap_sm_bond_info_rsp
 .text.on_nble_gap_sm_passkey_req_evt
                0x0000000040037adc        0xc /opt/eclipse/arduinoPlugin/packages/Intel/hardware/arc32/2.0.2/variants/arduino_101/libarc32drv_arduino101.a(smp_null.o)
                0x0000000040037adc                on_nble_gap_sm_passkey_req_evt
 .text.on_nble_gap_sm_passkey_display_evt
                0x0000000040037ae8        0xc /opt/eclipse/arduinoPlugin/packages/Intel/hardware/arc32/2.0.2/variants/arduino_101/libarc32drv_arduino101.a(smp_null.o)
                0x0000000040037ae8                on_nble_gap_sm_passkey_display_evt
 .text.on_nble_gap_sm_status_evt
                0x0000000040037af4       0x1c /opt/eclipse/arduinoPlugin/packages/Intel/hardware/arc32/2.0.2/variants/arduino_101/libarc32drv_arduino101.a(smp_null.o)
                0x0000000040037af4                on_nble_gap_sm_status_evt
 .text.bt_smp_init
                0x0000000040037b10       0x30 /opt/eclipse/arduinoPlugin/packages/Intel/hardware/arc32/2.0.2/variants/arduino_101/libarc32drv_arduino101.a(smp_null.o)
                0x0000000040037b10                bt_smp_init
 .text.on_nble_gap_sm_config_rsp
                0x0000000040037b40       0x20 /opt/eclipse/arduinoPlugin/packages/Intel/hardware/arc32/2.0.2/variants/arduino_101/libarc32drv_arduino101.a(smp_null.o)
                0x0000000040037b40                on_nble_gap_sm_config_rsp
 .text.on_nble_gap_sm_common_rsp
                0x0000000040037b60       0x20 /opt/eclipse/arduinoPlugin/packages/Intel/hardware/arc32/2.0.2/variants/arduino_101/libarc32drv_arduino101.a(smp_null.o)
                0x0000000040037b60                on_nble_gap_sm_common_rsp
 .text.uuid_to_uuid128
                0x0000000040037b80       0x54 /opt/eclipse/arduinoPlugin/packages/Intel/hardware/arc32/2.0.2/variants/arduino_101/libarc32drv_arduino101.a(uuid.o)
 .text.bt_uuid_cmp
                0x0000000040037bd4       0x64 /opt/eclipse/arduinoPlugin/packages/Intel/hardware/arc32/2.0.2/variants/arduino_101/libarc32drv_arduino101.a(uuid.o)
                0x0000000040037bd4                bt_uuid_cmp
 .text.ble_client_disconnected
                0x0000000040037c38        0xc /opt/eclipse/arduinoPlugin/packages/Intel/hardware/arc32/2.0.2/variants/arduino_101/libarc32drv_arduino101.a(ble_service.o)
 .text.ble_bt_rdy
                0x0000000040037c44       0x54 /opt/eclipse/arduinoPlugin/packages/Intel/hardware/arc32/2.0.2/variants/arduino_101/libarc32drv_arduino101.a(ble_service.o)
                0x0000000040037c44                ble_bt_rdy
 .text.ble_set_bda_cb
                0x0000000040037c98       0x58 /opt/eclipse/arduinoPlugin/packages/Intel/hardware/arc32/2.0.2/variants/arduino_101/libarc32drv_arduino101.a(ble_service.o)
 .text.handle_msg_id_ble_rpc_callin
                0x0000000040037cf0       0x30 /opt/eclipse/arduinoPlugin/packages/Intel/hardware/arc32/2.0.2/variants/arduino_101/libarc32drv_arduino101.a(ble_service.o)
 .text.ble_client_connected
                0x0000000040037d20       0x28 /opt/eclipse/arduinoPlugin/packages/Intel/hardware/arc32/2.0.2/variants/arduino_101/libarc32drv_arduino101.a(ble_service.o)
 .text.ble_service_message_handler
                0x0000000040037d48      0x10c /opt/eclipse/arduinoPlugin/packages/Intel/hardware/arc32/2.0.2/variants/arduino_101/libarc32drv_arduino101.a(ble_service.o)
 .text.on_nble_gap_dbg_rsp
                0x0000000040037e54        0xc /opt/eclipse/arduinoPlugin/packages/Intel/hardware/arc32/2.0.2/variants/arduino_101/libarc32drv_arduino101.a(ble_service.o)
                0x0000000040037e54                on_nble_gap_dbg_rsp
 .text.on_nble_gap_read_bda_rsp
                0x0000000040037e60       0x3c /opt/eclipse/arduinoPlugin/packages/Intel/hardware/arc32/2.0.2/variants/arduino_101/libarc32drv_arduino101.a(ble_service.o)
                0x0000000040037e60                on_nble_gap_read_bda_rsp
 .text.on_nble_set_bda_rsp
                0x0000000040037e9c       0x1c /opt/eclipse/arduinoPlugin/packages/Intel/hardware/arc32/2.0.2/variants/arduino_101/libarc32drv_arduino101.a(ble_service.o)
                0x0000000040037e9c                on_nble_set_bda_rsp
 .text.ble_cfw_service_init
                0x0000000040037eb8       0x58 /opt/eclipse/arduinoPlugin/packages/Intel/hardware/arc32/2.0.2/variants/arduino_101/libarc32drv_arduino101.a(ble_service.o)
                0x0000000040037eb8                ble_cfw_service_init
 .text.nble_log
                0x0000000040037f10       0x24 /opt/eclipse/arduinoPlugin/packages/Intel/hardware/arc32/2.0.2/variants/arduino_101/libarc32drv_arduino101.a(ble_service.o)
                0x0000000040037f10                nble_log
 .text.on_nble_common_rsp
                0x0000000040037f34       0x20 /opt/eclipse/arduinoPlugin/packages/Intel/hardware/arc32/2.0.2/variants/arduino_101/libarc32drv_arduino101.a(ble_service.o)
                0x0000000040037f34                on_nble_common_rsp
 .text.uart_ipc_rpc_cback
                0x0000000040037f54       0xc8 /opt/eclipse/arduinoPlugin/packages/Intel/hardware/arc32/2.0.2/variants/arduino_101/libarc32drv_arduino101.a(nble_driver.o)
 .text.nble_wake_assert.isra.1
                0x000000004003801c       0x3c /opt/eclipse/arduinoPlugin/packages/Intel/hardware/arc32/2.0.2/variants/arduino_101/libarc32drv_arduino101.a(nble_driver.o)
 .text.nble_ipc_tx_wake_cb
                0x0000000040038058       0x10 /opt/eclipse/arduinoPlugin/packages/Intel/hardware/arc32/2.0.2/variants/arduino_101/libarc32drv_arduino101.a(nble_driver.o)
 .text.on_nble_curie_log
                0x0000000040038068       0x40 /opt/eclipse/arduinoPlugin/packages/Intel/hardware/arc32/2.0.2/variants/arduino_101/libarc32drv_arduino101.a(nble_driver.o)
                0x0000000040038068                on_nble_curie_log
 .text.rpc_alloc_cb
                0x00000000400380a8       0x44 /opt/eclipse/arduinoPlugin/packages/Intel/hardware/arc32/2.0.2/variants/arduino_101/libarc32drv_arduino101.a(nble_driver.o)
                0x00000000400380a8                rpc_alloc_cb
 .text.rpc_transmit_cb
                0x00000000400380ec       0x5c /opt/eclipse/arduinoPlugin/packages/Intel/hardware/arc32/2.0.2/variants/arduino_101/libarc32drv_arduino101.a(nble_driver.o)
                0x00000000400380ec                rpc_transmit_cb
 .text.nble_driver_init
                0x0000000040038148      0x110 /opt/eclipse/arduinoPlugin/packages/Intel/hardware/arc32/2.0.2/variants/arduino_101/libarc32drv_arduino101.a(nble_driver.o)
                0x0000000040038148                nble_driver_init
 .text.nble_driver_configure
                0x0000000040038258       0x64 /opt/eclipse/arduinoPlugin/packages/Intel/hardware/arc32/2.0.2/variants/arduino_101/libarc32drv_arduino101.a(nble_driver.o)
                0x0000000040038258                nble_driver_configure
 .text.on_nble_curie_init
                0x00000000400382bc       0x10 /opt/eclipse/arduinoPlugin/packages/Intel/hardware/arc32/2.0.2/variants/arduino_101/libarc32drv_arduino101.a(nble_driver.o)
                0x00000000400382bc                on_nble_curie_init
 .text.cfw_alloc_message
                0x00000000400382cc       0x10 /opt/eclipse/arduinoPlugin/packages/Intel/hardware/arc32/2.0.2/variants/arduino_101/libarc32drv_arduino101.a(client_api.o)
                0x00000000400382cc                cfw_alloc_message
 .text.cfw_register_service
                0x00000000400382dc       0x48 /opt/eclipse/arduinoPlugin/packages/Intel/hardware/arc32/2.0.2/variants/arduino_101/libarc32drv_arduino101.a(service_api.o)
                0x00000000400382dc                cfw_register_service
 .text.cfw_alloc_rsp_msg
                0x0000000040038324       0x50 /opt/eclipse/arduinoPlugin/packages/Intel/hardware/arc32/2.0.2/variants/arduino_101/libarc32drv_arduino101.a(service_api.o)
                0x0000000040038324                cfw_alloc_rsp_msg
 .text._cfw_send_message
                0x0000000040038374       0x10 /opt/eclipse/arduinoPlugin/packages/Intel/hardware/arc32/2.0.2/variants/arduino_101/libarc32drv_arduino101.a(service_api.o)
                0x0000000040038374                _cfw_send_message
 .text.cfw_msg_free
                0x0000000040038384       0x10 /opt/eclipse/arduinoPlugin/packages/Intel/hardware/arc32/2.0.2/variants/arduino_101/libarc32drv_arduino101.a(service_api.o)
                0x0000000040038384                cfw_msg_free
 .text.send_service_avail_evt
                0x0000000040038394       0x7c /opt/eclipse/arduinoPlugin/packages/Intel/hardware/arc32/2.0.2/variants/arduino_101/libarc32drv_arduino101.a(service_manager.o)
 .text.notify_service_avail_cb
                0x0000000040038410       0x38 /opt/eclipse/arduinoPlugin/packages/Intel/hardware/arc32/2.0.2/variants/arduino_101/libarc32drv_arduino101.a(service_manager.o)
                0x0000000040038410                notify_service_avail_cb
 .text.add_service_avail_listener
                0x0000000040038448       0x64 /opt/eclipse/arduinoPlugin/packages/Intel/hardware/arc32/2.0.2/variants/arduino_101/libarc32drv_arduino101.a(service_manager.o)
                0x0000000040038448                add_service_avail_listener
 .text.notify_service_avail
                0x00000000400384ac       0x2c /opt/eclipse/arduinoPlugin/packages/Intel/hardware/arc32/2.0.2/variants/arduino_101/libarc32drv_arduino101.a(service_manager.o)
                0x00000000400384ac                notify_service_avail
 .text.get_event_registered_list
                0x00000000400384d8       0x28 /opt/eclipse/arduinoPlugin/packages/Intel/hardware/arc32/2.0.2/variants/arduino_101/libarc32drv_arduino101.a(service_manager.o)
                0x00000000400384d8                get_event_registered_list
 .text._cfw_register_event
                0x0000000040038500       0x5c /opt/eclipse/arduinoPlugin/packages/Intel/hardware/arc32/2.0.2/variants/arduino_101/libarc32drv_arduino101.a(service_manager.o)
                0x0000000040038500                _cfw_register_event
 .text._find_service
                0x000000004003855c       0x30 /opt/eclipse/arduinoPlugin/packages/Intel/hardware/arc32/2.0.2/variants/arduino_101/libarc32drv_arduino101.a(service_manager.o)
                0x000000004003855c                _find_service
 .text.cfw_get_service
                0x000000004003858c       0x28 /opt/eclipse/arduinoPlugin/packages/Intel/hardware/arc32/2.0.2/variants/arduino_101/libarc32drv_arduino101.a(service_manager.o)
                0x000000004003858c                cfw_get_service
 .text.internal_handle_message
                0x00000000400385b4      0x230 /opt/eclipse/arduinoPlugin/packages/Intel/hardware/arc32/2.0.2/variants/arduino_101/libarc32drv_arduino101.a(service_manager.o)
                0x00000000400385b4                internal_handle_message
 .text.cfw_get_service_mgr_port_id
                0x00000000400387e4       0x14 /opt/eclipse/arduinoPlugin/packages/Intel/hardware/arc32/2.0.2/variants/arduino_101/libarc32drv_arduino101.a(service_manager.o)
                0x00000000400387e4                cfw_get_service_mgr_port_id
 .text._cfw_init
                0x00000000400387f8       0x34 /opt/eclipse/arduinoPlugin/packages/Intel/hardware/arc32/2.0.2/variants/arduino_101/libarc32drv_arduino101.a(service_manager.o)
                0x00000000400387f8                _cfw_init
 .text._add_service
                0x000000004003882c       0x4c /opt/eclipse/arduinoPlugin/packages/Intel/hardware/arc32/2.0.2/variants/arduino_101/libarc32drv_arduino101.a(service_manager.o)
                0x000000004003882c                _add_service
 .text._cfw_register_service
                0x0000000040038878       0x80 /opt/eclipse/arduinoPlugin/packages/Intel/hardware/arc32/2.0.2/variants/arduino_101/libarc32drv_arduino101.a(service_manager.o)
                0x0000000040038878                _cfw_register_service
 .text.handle_ipc_sync_request
                0x00000000400388f8       0x7c /opt/eclipse/arduinoPlugin/packages/Intel/hardware/arc32/2.0.2/variants/arduino_101/libarc32drv_arduino101.a(service_manager.o)
                0x00000000400388f8                handle_ipc_sync_request
 .text.ipc_init
                0x0000000040038974       0x48 /opt/eclipse/arduinoPlugin/packages/Intel/hardware/arc32/2.0.2/variants/arduino_101/libarc32drv_arduino101.a(ipc.o)
                0x0000000040038974                ipc_init
 .text.ipc_handle_message
                0x00000000400389bc       0xc0 /opt/eclipse/arduinoPlugin/packages/Intel/hardware/arc32/2.0.2/variants/arduino_101/libarc32drv_arduino101.a(ipc.o)
                0x00000000400389bc                ipc_handle_message
 .text.ipc_request_sync_int
                0x0000000040038a7c      0x180 /opt/eclipse/arduinoPlugin/packages/Intel/hardware/arc32/2.0.2/variants/arduino_101/libarc32drv_arduino101.a(ipc.o)
                0x0000000040038a7c                ipc_request_sync_int
 .text.ipc_sync_callback
                0x0000000040038bfc       0x54 /opt/eclipse/arduinoPlugin/packages/Intel/hardware/arc32/2.0.2/variants/arduino_101/libarc32drv_arduino101.a(ipc_callback.o)
                0x0000000040038bfc                ipc_sync_callback
 .text.log_vprintk
                0x0000000040038c50       0x48 /opt/eclipse/arduinoPlugin/packages/Intel/hardware/arc32/2.0.2/variants/arduino_101/libarc32drv_arduino101.a(log.o)
                0x0000000040038c50                log_vprintk
 .text.log_printk
                0x0000000040038c98       0x38 /opt/eclipse/arduinoPlugin/packages/Intel/hardware/arc32/2.0.2/variants/arduino_101/libarc32drv_arduino101.a(log.o)
                0x0000000040038c98                log_printk
 .text.log_write_msg
                0x0000000040038cd0       0x1c /opt/eclipse/arduinoPlugin/packages/Intel/hardware/arc32/2.0.2/variants/arduino_101/libarc32drv_arduino101.a(log_impl_printk.o)
                0x0000000040038cd0                log_write_msg
 .text.get_port
                0x0000000040038cec       0x3c /opt/eclipse/arduinoPlugin/packages/Intel/hardware/arc32/2.0.2/variants/arduino_101/libarc32drv_arduino101.a(port.o)
 .text.get_cpu_id
                0x0000000040038d28       0x14 /opt/eclipse/arduinoPlugin/packages/Intel/hardware/arc32/2.0.2/variants/arduino_101/libarc32drv_arduino101.a(port.o)
                0x0000000040038d28                get_cpu_id
 .text.port_get_port_table
                0x0000000040038d3c       0x14 /opt/eclipse/arduinoPlugin/packages/Intel/hardware/arc32/2.0.2/variants/arduino_101/libarc32drv_arduino101.a(port.o)
                0x0000000040038d3c                port_get_port_table
 .text.port_alloc
                0x0000000040038d50       0x64 /opt/eclipse/arduinoPlugin/packages/Intel/hardware/arc32/2.0.2/variants/arduino_101/libarc32drv_arduino101.a(port.o)
                0x0000000040038d50                port_alloc
 .text.port_set_handler
                0x0000000040038db4       0x28 /opt/eclipse/arduinoPlugin/packages/Intel/hardware/arc32/2.0.2/variants/arduino_101/libarc32drv_arduino101.a(port.o)
                0x0000000040038db4                port_set_handler
 .text.message_alloc
                0x0000000040038ddc       0x38 /opt/eclipse/arduinoPlugin/packages/Intel/hardware/arc32/2.0.2/variants/arduino_101/libarc32drv_arduino101.a(port.o)
                0x0000000040038ddc                message_alloc
 .text.port_process_message
                0x0000000040038e14       0x40 /opt/eclipse/arduinoPlugin/packages/Intel/hardware/arc32/2.0.2/variants/arduino_101/libarc32drv_arduino101.a(port.o)
                0x0000000040038e14                port_process_message
 .text.port_set_cpu_id
                0x0000000040038e54       0x28 /opt/eclipse/arduinoPlugin/packages/Intel/hardware/arc32/2.0.2/variants/arduino_101/libarc32drv_arduino101.a(port.o)
                0x0000000040038e54                port_set_cpu_id
 .text.port_get_cpu_id
                0x0000000040038e7c       0x20 /opt/eclipse/arduinoPlugin/packages/Intel/hardware/arc32/2.0.2/variants/arduino_101/libarc32drv_arduino101.a(port.o)
                0x0000000040038e7c                port_get_cpu_id
 .text.set_cpu_id
                0x0000000040038e9c       0x14 /opt/eclipse/arduinoPlugin/packages/Intel/hardware/arc32/2.0.2/variants/arduino_101/libarc32drv_arduino101.a(port.o)
                0x0000000040038e9c                set_cpu_id
 .text.set_cpu_message_sender
                0x0000000040038eb0       0x18 /opt/eclipse/arduinoPlugin/packages/Intel/hardware/arc32/2.0.2/variants/arduino_101/libarc32drv_arduino101.a(port.o)
                0x0000000040038eb0                set_cpu_message_sender
 .text.set_cpu_free_handler
                0x0000000040038ec8       0x18 /opt/eclipse/arduinoPlugin/packages/Intel/hardware/arc32/2.0.2/variants/arduino_101/libarc32drv_arduino101.a(port.o)
                0x0000000040038ec8                set_cpu_free_handler
 .text.port_send_message
                0x0000000040038ee0       0x94 /opt/eclipse/arduinoPlugin/packages/Intel/hardware/arc32/2.0.2/variants/arduino_101/libarc32drv_arduino101.a(port.o)
                0x0000000040038ee0                port_send_message
 .text.message_free
                0x0000000040038f74       0x88 /opt/eclipse/arduinoPlugin/packages/Intel/hardware/arc32/2.0.2/variants/arduino_101/libarc32drv_arduino101.a(port.o)
                0x0000000040038f74                message_free
 .text.queue_process_message
                0x0000000040038ffc       0x40 /opt/eclipse/arduinoPlugin/packages/Intel/hardware/arc32/2.0.2/variants/arduino_101/libarc32drv_arduino101.a(port.o)
                0x0000000040038ffc                queue_process_message
 .text.get_uptime_32k
                0x000000004003903c       0x14 /opt/eclipse/arduinoPlugin/packages/Intel/hardware/arc32/2.0.2/variants/arduino_101/libarc32drv_arduino101.a(uptime.o)
                0x000000004003903c                get_uptime_32k
 .text.get_uptime_ms
                0x0000000040039050       0x28 /opt/eclipse/arduinoPlugin/packages/Intel/hardware/arc32/2.0.2/variants/arduino_101/libarc32drv_arduino101.a(uptime.o)
                0x0000000040039050                get_uptime_ms
 .text.list_init
                0x0000000040039078       0x14 /opt/eclipse/arduinoPlugin/packages/Intel/hardware/arc32/2.0.2/variants/arduino_101/libarc32drv_arduino101.a(list.o)
                0x0000000040039078                list_init
 .text.list_add
                0x000000004003908c       0x28 /opt/eclipse/arduinoPlugin/packages/Intel/hardware/arc32/2.0.2/variants/arduino_101/libarc32drv_arduino101.a(list.o)
                0x000000004003908c                list_add
 .text.list_foreach_del
                0x00000000400390b4       0x60 /opt/eclipse/arduinoPlugin/packages/Intel/hardware/arc32/2.0.2/variants/arduino_101/libarc32drv_arduino101.a(list.o)
                0x00000000400390b4                list_foreach_del
 .text.list_get
                0x0000000040039114       0x24 /opt/eclipse/arduinoPlugin/packages/Intel/hardware/arc32/2.0.2/variants/arduino_101/libarc32drv_arduino101.a(list.o)
                0x0000000040039114                list_get
 .text.os_abstraction_init_malloc
                0x0000000040039138       0x44 /opt/eclipse/arduinoPlugin/packages/Intel/hardware/arc32/2.0.2/variants/arduino_101/libarc32drv_arduino101.a(balloc.o)
                0x0000000040039138                os_abstraction_init_malloc
 .text.balloc   0x000000004003917c       0xfc /opt/eclipse/arduinoPlugin/packages/Intel/hardware/arc32/2.0.2/variants/arduino_101/libarc32drv_arduino101.a(balloc.o)
                0x000000004003917c                balloc
 .text.bfree    0x0000000040039278       0xa8 /opt/eclipse/arduinoPlugin/packages/Intel/hardware/arc32/2.0.2/variants/arduino_101/libarc32drv_arduino101.a(balloc.o)
                0x0000000040039278                bfree
 .text.queue_get_message
                0x0000000040039320       0x28 /opt/eclipse/arduinoPlugin/packages/Intel/hardware/arc32/2.0.2/variants/arduino_101/libarc32drv_arduino101.a(os.o)
                0x0000000040039320                queue_get_message
 .text.queue_send_message
                0x0000000040039348       0x24 /opt/eclipse/arduinoPlugin/packages/Intel/hardware/arc32/2.0.2/variants/arduino_101/libarc32drv_arduino101.a(os.o)
                0x0000000040039348                queue_send_message
 .text.queue_create
                0x000000004003936c       0x54 /opt/eclipse/arduinoPlugin/packages/Intel/hardware/arc32/2.0.2/variants/arduino_101/libarc32drv_arduino101.a(os.o)
                0x000000004003936c                queue_create
 .text.mutex_create
                0x00000000400393c0       0x10 /opt/eclipse/arduinoPlugin/packages/Intel/hardware/arc32/2.0.2/variants/arduino_101/libarc32drv_arduino101.a(os.o)
                0x00000000400393c0                mutex_create
 .text.mutex_unlock
                0x00000000400393d0        0xc /opt/eclipse/arduinoPlugin/packages/Intel/hardware/arc32/2.0.2/variants/arduino_101/libarc32drv_arduino101.a(os.o)
                0x00000000400393d0                mutex_unlock
 .text.mutex_lock
                0x00000000400393dc       0x10 /opt/eclipse/arduinoPlugin/packages/Intel/hardware/arc32/2.0.2/variants/arduino_101/libarc32drv_arduino101.a(os.o)
                0x00000000400393dc                mutex_lock
 .text.panic    0x00000000400393ec       0x10 /opt/eclipse/arduinoPlugin/packages/Intel/hardware/arc32/2.0.2/variants/arduino_101/libarc32drv_arduino101.a(panic.o)
                0x00000000400393ec                panic
 .text.__assert_fail
                0x00000000400393fc       0x10 /opt/eclipse/arduinoPlugin/packages/Intel/hardware/arc32/2.0.2/variants/arduino_101/libarc32drv_arduino101.a(panic.o)
                0x00000000400393fc                __assert_fail
 .text._Fault   0x000000004003940c       0x50 /opt/eclipse/arduinoPlugin/packages/Intel/hardware/arc32/2.0.2/variants/arduino_101/libarc32drv_arduino101.a(panic.o)
                0x000000004003940c                _Fault
 .text.__assert_func
                0x000000004003945c       0x74 /opt/eclipse/arduinoPlugin/tools/Intel/arc-elf32/1.6.9+1.0.1/bin/../lib/gcc/arc-elf32/4.8.5/../../../../arc-elf32/lib/libc.a(lib_a-assert.o)
                0x000000004003945c                __assert_func
 .text.fiprintf
                0x00000000400394d0       0x68 /opt/eclipse/arduinoPlugin/tools/Intel/arc-elf32/1.6.9+1.0.1/bin/../lib/gcc/arc-elf32/4.8.5/../../../../arc-elf32/lib/libc.a(lib_a-fiprintf.o)
                0x00000000400394d0                fiprintf
 .text.__sprint_r
                0x0000000040039538       0xf4 /opt/eclipse/arduinoPlugin/tools/Intel/arc-elf32/1.6.9+1.0.1/bin/../lib/gcc/arc-elf32/4.8.5/../../../../arc-elf32/lib/libc.a(lib_a-vfiprintf.o)
                0x0000000040039538                __sprint_r
 .text.__sbprintf
                0x000000004003962c       0xfc /opt/eclipse/arduinoPlugin/tools/Intel/arc-elf32/1.6.9+1.0.1/bin/../lib/gcc/arc-elf32/4.8.5/../../../../arc-elf32/lib/libc.a(lib_a-vfiprintf.o)
 .text._vfiprintf_r
                0x0000000040039728      0xdf0 /opt/eclipse/arduinoPlugin/tools/Intel/arc-elf32/1.6.9+1.0.1/bin/../lib/gcc/arc-elf32/4.8.5/../../../../arc-elf32/lib/libc.a(lib_a-vfiprintf.o)
                0x0000000040039728                _vfiprintf_r
 .text.__swsetup_r
                0x000000004003a518      0x134 /opt/eclipse/arduinoPlugin/tools/Intel/arc-elf32/1.6.9+1.0.1/bin/../lib/gcc/arc-elf32/4.8.5/../../../../arc-elf32/lib/libc.a(lib_a-wsetup.o)
                0x000000004003a518                __swsetup_r
 .text.abort    0x000000004003a64c       0x14 /opt/eclipse/arduinoPlugin/tools/Intel/arc-elf32/1.6.9+1.0.1/bin/../lib/gcc/arc-elf32/4.8.5/../../../../arc-elf32/lib/libc.a(lib_a-abort.o)
                0x000000004003a64c                abort
 .text.__sflush_r
                0x000000004003a660      0x23c /opt/eclipse/arduinoPlugin/tools/Intel/arc-elf32/1.6.9+1.0.1/bin/../lib/gcc/arc-elf32/4.8.5/../../../../arc-elf32/lib/libc.a(lib_a-fflush.o)
                0x000000004003a660                __sflush_r
 .text._fflush_r
                0x000000004003a89c       0x70 /opt/eclipse/arduinoPlugin/tools/Intel/arc-elf32/1.6.9+1.0.1/bin/../lib/gcc/arc-elf32/4.8.5/../../../../arc-elf32/lib/libc.a(lib_a-fflush.o)
                0x000000004003a89c                _fflush_r
 .text.std      0x000000004003a90c       0xc0 /opt/eclipse/arduinoPlugin/tools/Intel/arc-elf32/1.6.9+1.0.1/bin/../lib/gcc/arc-elf32/4.8.5/../../../../arc-elf32/lib/libc.a(lib_a-findfp.o)
 .text._cleanup_r
                0x000000004003a9cc       0x30 /opt/eclipse/arduinoPlugin/tools/Intel/arc-elf32/1.6.9+1.0.1/bin/../lib/gcc/arc-elf32/4.8.5/../../../../arc-elf32/lib/libc.a(lib_a-findfp.o)
                0x000000004003a9cc                _cleanup_r
 .text.__sinit  0x000000004003a9fc       0xa8 /opt/eclipse/arduinoPlugin/tools/Intel/arc-elf32/1.6.9+1.0.1/bin/../lib/gcc/arc-elf32/4.8.5/../../../../arc-elf32/lib/libc.a(lib_a-findfp.o)
                0x000000004003a9fc                __sinit
 .text.__sfp_lock_acquire
                0x000000004003aaa4        0xc /opt/eclipse/arduinoPlugin/tools/Intel/arc-elf32/1.6.9+1.0.1/bin/../lib/gcc/arc-elf32/4.8.5/../../../../arc-elf32/lib/libc.a(lib_a-findfp.o)
                0x000000004003aaa4                __sfp_lock_acquire
 .text.__sfp_lock_release
                0x000000004003aab0        0xc /opt/eclipse/arduinoPlugin/tools/Intel/arc-elf32/1.6.9+1.0.1/bin/../lib/gcc/arc-elf32/4.8.5/../../../../arc-elf32/lib/libc.a(lib_a-findfp.o)
                0x000000004003aab0                __sfp_lock_release
 .text.__sinit_lock_acquire
                0x000000004003aabc        0xc /opt/eclipse/arduinoPlugin/tools/Intel/arc-elf32/1.6.9+1.0.1/bin/../lib/gcc/arc-elf32/4.8.5/../../../../arc-elf32/lib/libc.a(lib_a-findfp.o)
                0x000000004003aabc                __sinit_lock_acquire
 .text.__sinit_lock_release
                0x000000004003aac8        0xc /opt/eclipse/arduinoPlugin/tools/Intel/arc-elf32/1.6.9+1.0.1/bin/../lib/gcc/arc-elf32/4.8.5/../../../../arc-elf32/lib/libc.a(lib_a-findfp.o)
                0x000000004003aac8                __sinit_lock_release
 .text.__fputwc
                0x000000004003aad4      0x190 /opt/eclipse/arduinoPlugin/tools/Intel/arc-elf32/1.6.9+1.0.1/bin/../lib/gcc/arc-elf32/4.8.5/../../../../arc-elf32/lib/libc.a(lib_a-fputwc.o)
                0x000000004003aad4                __fputwc
 .text._fputwc_r
                0x000000004003ac64       0x84 /opt/eclipse/arduinoPlugin/tools/Intel/arc-elf32/1.6.9+1.0.1/bin/../lib/gcc/arc-elf32/4.8.5/../../../../arc-elf32/lib/libc.a(lib_a-fputwc.o)
                0x000000004003ac64                _fputwc_r
 .text._free_r  0x000000004003ace8      0x43c /opt/eclipse/arduinoPlugin/tools/Intel/arc-elf32/1.6.9+1.0.1/bin/../lib/gcc/arc-elf32/4.8.5/../../../../arc-elf32/lib/libc.a(lib_a-freer.o)
                0x000000004003ace8                _free_r
 .text._malloc_trim_r
                0x000000004003b124      0x164 /opt/eclipse/arduinoPlugin/tools/Intel/arc-elf32/1.6.9+1.0.1/bin/../lib/gcc/arc-elf32/4.8.5/../../../../arc-elf32/lib/libc.a(lib_a-freer.o)
                0x000000004003b124                _malloc_trim_r
 .text.__sfvwrite_r
                0x000000004003b288      0x450 /opt/eclipse/arduinoPlugin/tools/Intel/arc-elf32/1.6.9+1.0.1/bin/../lib/gcc/arc-elf32/4.8.5/../../../../arc-elf32/lib/libc.a(lib_a-fvwrite.o)
                0x000000004003b288                __sfvwrite_r
 .text._fwalk_reent
                0x000000004003b6d8       0x88 /opt/eclipse/arduinoPlugin/tools/Intel/arc-elf32/1.6.9+1.0.1/bin/../lib/gcc/arc-elf32/4.8.5/../../../../arc-elf32/lib/libc.a(lib_a-fwalk.o)
                0x000000004003b6d8                _fwalk_reent
 .text.__locale_charset
                0x000000004003b760       0x14 /opt/eclipse/arduinoPlugin/tools/Intel/arc-elf32/1.6.9+1.0.1/bin/../lib/gcc/arc-elf32/4.8.5/../../../../arc-elf32/lib/libc.a(lib_a-locale.o)
                0x000000004003b760                __locale_charset
 .text.__locale_mb_cur_max
                0x000000004003b774       0x18 /opt/eclipse/arduinoPlugin/tools/Intel/arc-elf32/1.6.9+1.0.1/bin/../lib/gcc/arc-elf32/4.8.5/../../../../arc-elf32/lib/libc.a(lib_a-locale.o)
                0x000000004003b774                __locale_mb_cur_max
 .text.__smakebuf_r
                0x000000004003b78c      0x154 /opt/eclipse/arduinoPlugin/tools/Intel/arc-elf32/1.6.9+1.0.1/bin/../lib/gcc/arc-elf32/4.8.5/../../../../arc-elf32/lib/libc.a(lib_a-makebuf.o)
                0x000000004003b78c                __smakebuf_r
 .text.malloc_extend_top
                0x000000004003b8e0      0x2f8 /opt/eclipse/arduinoPlugin/tools/Intel/arc-elf32/1.6.9+1.0.1/bin/../lib/gcc/arc-elf32/4.8.5/../../../../arc-elf32/lib/libc.a(lib_a-mallocr.o)
 .text._malloc_r
                0x000000004003bbd8      0x8d4 /opt/eclipse/arduinoPlugin/tools/Intel/arc-elf32/1.6.9+1.0.1/bin/../lib/gcc/arc-elf32/4.8.5/../../../../arc-elf32/lib/libc.a(lib_a-mallocr.o)
                0x000000004003bbd8                _malloc_r
 .text.memchr   0x000000004003c4ac      0x170 /opt/eclipse/arduinoPlugin/tools/Intel/arc-elf32/1.6.9+1.0.1/bin/../lib/gcc/arc-elf32/4.8.5/../../../../arc-elf32/lib/libc.a(lib_a-memchr.o)
                0x000000004003c4ac                memchr
 .text.memmove  0x000000004003c61c      0x1c0 /opt/eclipse/arduinoPlugin/tools/Intel/arc-elf32/1.6.9+1.0.1/bin/../lib/gcc/arc-elf32/4.8.5/../../../../arc-elf32/lib/libc.a(lib_a-memmove.o)
                0x000000004003c61c                memmove
 .text.__malloc_lock
                0x000000004003c7dc       0x14 /opt/eclipse/arduinoPlugin/tools/Intel/arc-elf32/1.6.9+1.0.1/bin/../lib/gcc/arc-elf32/4.8.5/../../../../arc-elf32/lib/libc.a(lib_a-mlock.o)
                0x000000004003c7dc                __malloc_lock
 .text.__malloc_unlock
                0x000000004003c7f0       0x14 /opt/eclipse/arduinoPlugin/tools/Intel/arc-elf32/1.6.9+1.0.1/bin/../lib/gcc/arc-elf32/4.8.5/../../../../arc-elf32/lib/libc.a(lib_a-mlock.o)
                0x000000004003c7f0                __malloc_unlock
 .text._realloc_r
                0x000000004003c804      0x9e8 /opt/eclipse/arduinoPlugin/tools/Intel/arc-elf32/1.6.9+1.0.1/bin/../lib/gcc/arc-elf32/4.8.5/../../../../arc-elf32/lib/libc.a(lib_a-reallocr.o)
                0x000000004003c804                _realloc_r
 .text._sbrk_r  0x000000004003d1ec       0x5c /opt/eclipse/arduinoPlugin/tools/Intel/arc-elf32/1.6.9+1.0.1/bin/../lib/gcc/arc-elf32/4.8.5/../../../../arc-elf32/lib/libc.a(lib_a-sbrkr.o)
                0x000000004003d1ec                _sbrk_r
 .text._raise_r
                0x000000004003d248       0xcc /opt/eclipse/arduinoPlugin/tools/Intel/arc-elf32/1.6.9+1.0.1/bin/../lib/gcc/arc-elf32/4.8.5/../../../../arc-elf32/lib/libc.a(lib_a-signal.o)
                0x000000004003d248                _raise_r
 .text.raise    0x000000004003d314       0x30 /opt/eclipse/arduinoPlugin/tools/Intel/arc-elf32/1.6.9+1.0.1/bin/../lib/gcc/arc-elf32/4.8.5/../../../../arc-elf32/lib/libc.a(lib_a-signal.o)
                0x000000004003d314                raise
 .text._kill_r  0x000000004003d344       0x64 /opt/eclipse/arduinoPlugin/tools/Intel/arc-elf32/1.6.9+1.0.1/bin/../lib/gcc/arc-elf32/4.8.5/../../../../arc-elf32/lib/libc.a(lib_a-signalr.o)
                0x000000004003d344                _kill_r
 .text._getpid_r
                0x000000004003d3a8       0x28 /opt/eclipse/arduinoPlugin/tools/Intel/arc-elf32/1.6.9+1.0.1/bin/../lib/gcc/arc-elf32/4.8.5/../../../../arc-elf32/lib/libc.a(lib_a-signalr.o)
                0x000000004003d3a8                _getpid_r
 .text.__sread  0x000000004003d3d0       0x68 /opt/eclipse/arduinoPlugin/tools/Intel/arc-elf32/1.6.9+1.0.1/bin/../lib/gcc/arc-elf32/4.8.5/../../../../arc-elf32/lib/libc.a(lib_a-stdio.o)
                0x000000004003d3d0                __sread
 .text.__swrite
                0x000000004003d438       0x74 /opt/eclipse/arduinoPlugin/tools/Intel/arc-elf32/1.6.9+1.0.1/bin/../lib/gcc/arc-elf32/4.8.5/../../../../arc-elf32/lib/libc.a(lib_a-stdio.o)
                0x000000004003d438                __swrite
 .text.__sseek  0x000000004003d4ac       0x68 /opt/eclipse/arduinoPlugin/tools/Intel/arc-elf32/1.6.9+1.0.1/bin/../lib/gcc/arc-elf32/4.8.5/../../../../arc-elf32/lib/libc.a(lib_a-stdio.o)
                0x000000004003d4ac                __sseek
 .text.__sclose
                0x000000004003d514       0x38 /opt/eclipse/arduinoPlugin/tools/Intel/arc-elf32/1.6.9+1.0.1/bin/../lib/gcc/arc-elf32/4.8.5/../../../../arc-elf32/lib/libc.a(lib_a-stdio.o)
                0x000000004003d514                __sclose
 .text.__swbuf_r
                0x000000004003d54c      0x100 /opt/eclipse/arduinoPlugin/tools/Intel/arc-elf32/1.6.9+1.0.1/bin/../lib/gcc/arc-elf32/4.8.5/../../../../arc-elf32/lib/libc.a(lib_a-wbuf.o)
                0x000000004003d54c                __swbuf_r
 .text._wcrtomb_r
                0x000000004003d64c       0xac /opt/eclipse/arduinoPlugin/tools/Intel/arc-elf32/1.6.9+1.0.1/bin/../lib/gcc/arc-elf32/4.8.5/../../../../arc-elf32/lib/libc.a(lib_a-wcrtomb.o)
                0x000000004003d64c                _wcrtomb_r
 .text.__ascii_wctomb
                0x000000004003d6f8       0x60 /opt/eclipse/arduinoPlugin/tools/Intel/arc-elf32/1.6.9+1.0.1/bin/../lib/gcc/arc-elf32/4.8.5/../../../../arc-elf32/lib/libc.a(lib_a-wctomb_r.o)
                0x000000004003d6f8                __ascii_wctomb
 .text._write_r
                0x000000004003d758       0x6c /opt/eclipse/arduinoPlugin/tools/Intel/arc-elf32/1.6.9+1.0.1/bin/../lib/gcc/arc-elf32/4.8.5/../../../../arc-elf32/lib/libc.a(lib_a-writer.o)
                0x000000004003d758                _write_r
 .text._close_r
                0x000000004003d7c4       0x5c /opt/eclipse/arduinoPlugin/tools/Intel/arc-elf32/1.6.9+1.0.1/bin/../lib/gcc/arc-elf32/4.8.5/../../../../arc-elf32/lib/libc.a(lib_a-closer.o)
                0x000000004003d7c4                _close_r
 .text._fclose_r
                0x000000004003d820       0xf8 /opt/eclipse/arduinoPlugin/tools/Intel/arc-elf32/1.6.9+1.0.1/bin/../lib/gcc/arc-elf32/4.8.5/../../../../arc-elf32/lib/libc.a(lib_a-fclose.o)
                0x000000004003d820                _fclose_r
 .text._fstat_r
                0x000000004003d918       0x64 /opt/eclipse/arduinoPlugin/tools/Intel/arc-elf32/1.6.9+1.0.1/bin/../lib/gcc/arc-elf32/4.8.5/../../../../arc-elf32/lib/libc.a(lib_a-fstatr.o)
                0x000000004003d918                _fstat_r
 .text._isatty_r
                0x000000004003d97c       0x5c /opt/eclipse/arduinoPlugin/tools/Intel/arc-elf32/1.6.9+1.0.1/bin/../lib/gcc/arc-elf32/4.8.5/../../../../arc-elf32/lib/libc.a(lib_a-isattyr.o)
                0x000000004003d97c                _isatty_r
 .text._lseek_r
                0x000000004003d9d8       0x6c /opt/eclipse/arduinoPlugin/tools/Intel/arc-elf32/1.6.9+1.0.1/bin/../lib/gcc/arc-elf32/4.8.5/../../../../arc-elf32/lib/libc.a(lib_a-lseekr.o)
                0x000000004003d9d8                _lseek_r
 .text._read_r  0x000000004003da44       0x6c /opt/eclipse/arduinoPlugin/tools/Intel/arc-elf32/1.6.9+1.0.1/bin/../lib/gcc/arc-elf32/4.8.5/../../../../arc-elf32/lib/libc.a(lib_a-readr.o)
                0x000000004003da44                _read_r
 .text.__udivdi3
                0x000000004003dab0      0x378 /opt/eclipse/arduinoPlugin/tools/Intel/arc-elf32/1.6.9+1.0.1/bin/../lib/gcc/arc-elf32/4.8.5/libgcc.a(_udivdi3.o)
                0x000000004003dab0                __udivdi3
 .text.__umoddi3
                0x000000004003de28      0x33c /opt/eclipse/arduinoPlugin/tools/Intel/arc-elf32/1.6.9+1.0.1/bin/../lib/gcc/arc-elf32/4.8.5/libgcc.a(_umoddi3.o)
                0x000000004003de28                __umoddi3
 .text._Z14getTemperaturev
                0x000000004003e164       0xe0 ./MomDuino.cpp.o
                0x000000004003e164                getTemperature()
 .text._Z13getBrightnessv
                0x000000004003e244       0x38 ./MomDuino.cpp.o
                0x000000004003e244                getBrightness()
 .text._Z11getDoorknobv
                0x000000004003e27c       0x20 ./MomDuino.cpp.o
                0x000000004003e27c                getDoorknob()
 .text._Z11soundBuzzerii
                0x000000004003e29c       0x50 ./MomDuino.cpp.o
                0x000000004003e29c                soundBuzzer(int, int)
 .text._Z8getWaterv
                0x000000004003e2ec       0x20 ./MomDuino.cpp.o
                0x000000004003e2ec                getWater()
 .text._Z21dispLCDTempBrightnessff
                0x000000004003e30c       0x94 ./MomDuino.cpp.o
                0x000000004003e30c                dispLCDTempBrightness(float, float)
 .text._Z8flashLCDiii6StringS_
                0x000000004003e3a0       0xa0 ./MomDuino.cpp.o
                0x000000004003e3a0                flashLCD(int, int, int, String, String)
 .text._Z6signal10alert_type
                0x000000004003e440      0x120 ./MomDuino.cpp.o
                0x000000004003e440                signal(alert_type)
 .text._Z6actionffbb
                0x000000004003e560       0xe8 ./MomDuino.cpp.o
                0x000000004003e560                action(float, float, bool, bool)
 .text._Z9setupPinsv
                0x000000004003e648       0x50 ./MomDuino.cpp.o
                0x000000004003e648                setupPins()
 .text._Z8setupLCDv
                0x000000004003e698       0x6c ./MomDuino.cpp.o
                0x000000004003e698                setupLCD()
 .text._Z11printStatusffbb
                0x000000004003e704      0x114 ./MomDuino.cpp.o
                0x000000004003e704                printStatus(float, float, bool, bool)
 .text.loop     0x000000004003e818       0x68 ./MomDuino.cpp.o
                0x000000004003e818                loop
 .text._GLOBAL__sub_I_pinTempSensor
                0x000000004003e880       0x14 ./MomDuino.cpp.o
 .text.setup    0x000000004003e894       0x38 ./MomDuino.cpp.o
                0x000000004003e894                setup
 .text._ZN7TwoWire5writeEh
                0x000000004003e8cc       0x24 ./libraries/Wire/src/Wire.cpp.o
                0x000000004003e8cc                TwoWire::write(unsigned char)
 .text._ZN7TwoWire5writeEPKhj
                0x000000004003e8f0       0x4c ./libraries/Wire/src/Wire.cpp.o
                0x000000004003e8f0                TwoWire::write(unsigned char const*, unsigned int)
 .text._ZN7TwoWire9availableEv
                0x000000004003e93c       0x14 ./libraries/Wire/src/Wire.cpp.o
                0x000000004003e93c                TwoWire::available()
 .text._ZN7TwoWire4readEv
                0x000000004003e950       0x24 ./libraries/Wire/src/Wire.cpp.o
                0x000000004003e950                TwoWire::read()
 .text._ZN7TwoWire4peekEv
                0x000000004003e974       0x20 ./libraries/Wire/src/Wire.cpp.o
                0x000000004003e974                TwoWire::peek()
 .text._ZN7TwoWire5flushEv
                0x000000004003e994        0xc ./libraries/Wire/src/Wire.cpp.o
                0x000000004003e994                TwoWire::flush()
 .text._ZN7TwoWireC2E14I2C_CONTROLLER
                0x000000004003e9a0       0x48 ./libraries/Wire/src/Wire.cpp.o
                0x000000004003e9a0                TwoWire::TwoWire(I2C_CONTROLLER)
                0x000000004003e9a0                TwoWire::TwoWire(I2C_CONTROLLER)
 .text._ZN7TwoWire5beginEv
                0x000000004003e9e8       0x24 ./libraries/Wire/src/Wire.cpp.o
                0x000000004003e9e8                TwoWire::begin()
 .text._ZN7TwoWire17beginTransmissionEh
                0x000000004003ea0c       0x30 ./libraries/Wire/src/Wire.cpp.o
                0x000000004003ea0c                TwoWire::beginTransmission(unsigned char)
 .text._ZN7TwoWire17beginTransmissionEi
                0x000000004003ea3c       0x10 ./libraries/Wire/src/Wire.cpp.o
                0x000000004003ea3c                TwoWire::beginTransmission(int)
 .text._ZN7TwoWire15endTransmissionEh
                0x000000004003ea4c       0x54 ./libraries/Wire/src/Wire.cpp.o
                0x000000004003ea4c                TwoWire::endTransmission(unsigned char)
 .text._ZN7TwoWire15endTransmissionEv
                0x000000004003eaa0       0x10 ./libraries/Wire/src/Wire.cpp.o
                0x000000004003eaa0                TwoWire::endTransmission()
 .text._GLOBAL__sub_I__ZN7TwoWireC2E14I2C_CONTROLLER
                0x000000004003eab0       0x18 ./libraries/Wire/src/Wire.cpp.o
 .text._ZN7rgb_lcdC2Ev
                0x000000004003eac8       0x18 ./libraries/Grove_LCD_RGB_Backlight/rgb_lcd.cpp.o
                0x000000004003eac8                rgb_lcd::rgb_lcd()
                0x000000004003eac8                rgb_lcd::rgb_lcd()
 .text._Z14i2c_send_byteSPhh
                0x000000004003eae0       0x48 ./libraries/Grove_LCD_RGB_Backlight/rgb_lcd.cpp.o
                0x000000004003eae0                i2c_send_byteS(unsigned char*, unsigned char)
 .text._ZN7rgb_lcd7commandEh.isra.0
                0x000000004003eb28       0x2c ./libraries/Grove_LCD_RGB_Backlight/rgb_lcd.cpp.o
 .text._ZN7rgb_lcd5clearEv
                0x000000004003eb54       0x28 ./libraries/Grove_LCD_RGB_Backlight/rgb_lcd.cpp.o
                0x000000004003eb54                rgb_lcd::clear()
 .text._ZN7rgb_lcd7displayEv
                0x000000004003eb7c       0x1c ./libraries/Grove_LCD_RGB_Backlight/rgb_lcd.cpp.o
                0x000000004003eb7c                rgb_lcd::display()
 .text._ZN7rgb_lcd9setCursorEhh
                0x000000004003eb98       0x3c ./libraries/Grove_LCD_RGB_Backlight/rgb_lcd.cpp.o
                0x000000004003eb98                rgb_lcd::setCursor(unsigned char, unsigned char)
 .text._ZN7rgb_lcd5writeEh
                0x000000004003ebd4       0x2c ./libraries/Grove_LCD_RGB_Backlight/rgb_lcd.cpp.o
                0x000000004003ebd4                rgb_lcd::write(unsigned char)
 .text._ZN7rgb_lcd6setRegEhh
                0x000000004003ec00       0x50 ./libraries/Grove_LCD_RGB_Backlight/rgb_lcd.cpp.o
                0x000000004003ec00                rgb_lcd::setReg(unsigned char, unsigned char)
 .text._ZN7rgb_lcd6setRGBEhhh
                0x000000004003ec50       0x40 ./libraries/Grove_LCD_RGB_Backlight/rgb_lcd.cpp.o
                0x000000004003ec50                rgb_lcd::setRGB(unsigned char, unsigned char, unsigned char)
 .text._ZN7rgb_lcd8setColorEh
                0x000000004003ec90       0x2c ./libraries/Grove_LCD_RGB_Backlight/rgb_lcd.cpp.o
                0x000000004003ec90                rgb_lcd::setColor(unsigned char)
 .text._ZN7rgb_lcd5beginEhhh
                0x000000004003ecbc       0xec ./libraries/Grove_LCD_RGB_Backlight/rgb_lcd.cpp.o
                0x000000004003ecbc                rgb_lcd::begin(unsigned char, unsigned char, unsigned char)
 .text._Z3tTmm  0x000000004003eda8       0x20 ./libraries/CurieTime/src/CurieTime.cpp.o
                0x000000004003eda8                tTm(unsigned long)
 .text._Z4hourm
                0x000000004003edc8       0x1c ./libraries/CurieTime/src/CurieTime.cpp.o
                0x000000004003edc8                hour(unsigned long)
 .text._Z4hourv
                0x000000004003ede4       0x18 ./libraries/CurieTime/src/CurieTime.cpp.o
                0x000000004003ede4                hour()
 .text._Z6minutem
                0x000000004003edfc       0x1c ./libraries/CurieTime/src/CurieTime.cpp.o
                0x000000004003edfc                minute(unsigned long)
 .text._Z6minutev
                0x000000004003ee18       0x18 ./libraries/CurieTime/src/CurieTime.cpp.o
                0x000000004003ee18                minute()
 .text._Z6secondm
                0x000000004003ee30       0x1c ./libraries/CurieTime/src/CurieTime.cpp.o
                0x000000004003ee30                second(unsigned long)
 .text._Z6secondv
                0x000000004003ee4c       0x18 ./libraries/CurieTime/src/CurieTime.cpp.o
                0x000000004003ee4c                second()
 .text._Z7setTimem
                0x000000004003ee64       0x14 ./libraries/CurieTime/src/CurieTime.cpp.o
                0x000000004003ee64                setTime(unsigned long)
 .text._Z11serialEventv
                0x000000004003ee78        0xc arduino.ar(variant.cpp.o)
                0x000000004003ee78                serialEvent()
 .text._Z12UART_Handlerv
                0x000000004003ee84       0x14 arduino.ar(variant.cpp.o)
                0x000000004003ee84                UART_Handler()
 .text._Z12serialEvent1v
                0x000000004003ee98        0xc arduino.ar(variant.cpp.o)
                0x000000004003ee98                serialEvent1()
 .text.variantGpioInit
                0x000000004003eea4      0x118 arduino.ar(variant.cpp.o)
                0x000000004003eea4                variantGpioInit
 .text.variantPwmInit
                0x000000004003efbc       0x3c arduino.ar(variant.cpp.o)
                0x000000004003efbc                variantPwmInit
 .text.variantAdcInit
                0x000000004003eff8       0xa8 arduino.ar(variant.cpp.o)
                0x000000004003eff8                variantAdcInit
 .text.initVariant
                0x000000004003f0a0       0x4c arduino.ar(variant.cpp.o)
                0x000000004003f0a0                initVariant
 .text._GLOBAL__sub_I_g_APinDescription
                0x000000004003f0ec       0x5c arduino.ar(variant.cpp.o)
 .text._Z14serialEventRunv
                0x000000004003f148       0x38 arduino.ar(variant.cpp.o)
                0x000000004003f148                serialEventRun()
 .text.dccm_malloc
                0x000000004003f180       0x30 arduino.ar(dccm_alloc.c.o)
                0x000000004003f180                dccm_malloc
 .text.dccm_memalign
                0x000000004003f1b0       0x38 arduino.ar(dccm_alloc.c.o)
                0x000000004003f1b0                dccm_memalign
 .text._ZN14CDCSerialClass3endEv
                0x000000004003f1e8       0x14 arduino.ar(CDCSerialClass.cpp.o)
                0x000000004003f1e8                CDCSerialClass::end()
 .text._ZN14CDCSerialClass4peekEv
                0x000000004003f1fc       0x28 arduino.ar(CDCSerialClass.cpp.o)
                0x000000004003f1fc                CDCSerialClass::peek()
 .text._ZN14CDCSerialClass4readEv
                0x000000004003f224       0x48 arduino.ar(CDCSerialClass.cpp.o)
                0x000000004003f224                CDCSerialClass::read()
 .text._ZN14CDCSerialClasscvbEv
                0x000000004003f26c       0x30 arduino.ar(CDCSerialClass.cpp.o)
                0x000000004003f26c                CDCSerialClass::operator bool()
 .text._ZN14CDCSerialClass5flushEv
                0x000000004003f29c       0x2c arduino.ar(CDCSerialClass.cpp.o)
                0x000000004003f29c                CDCSerialClass::flush()
 .text._ZN14CDCSerialClass9availableEv
                0x000000004003f2c8       0x40 arduino.ar(CDCSerialClass.cpp.o)
                0x000000004003f2c8                CDCSerialClass::available()
 .text._ZN14CDCSerialClass5writeEh
                0x000000004003f308       0x4c arduino.ar(CDCSerialClass.cpp.o)
                0x000000004003f308                CDCSerialClass::write(unsigned char)
 .text._ZN14CDCSerialClassC2EP14uart_init_info
                0x000000004003f354       0x20 arduino.ar(CDCSerialClass.cpp.o)
                0x000000004003f354                CDCSerialClass::CDCSerialClass(uart_init_info*)
                0x000000004003f354                CDCSerialClass::CDCSerialClass(uart_init_info*)
 .text._ZN14CDCSerialClass13setSharedDataEP19cdc_acm_shared_data
                0x000000004003f374       0x18 arduino.ar(CDCSerialClass.cpp.o)
                0x000000004003f374                CDCSerialClass::setSharedData(cdc_acm_shared_data*)
 .text._ZN14CDCSerialClass4initEmh
                0x000000004003f38c       0x28 arduino.ar(CDCSerialClass.cpp.o)
                0x000000004003f38c                CDCSerialClass::init(unsigned long, unsigned char)
 .text._ZN14CDCSerialClass5beginEm
                0x000000004003f3b4       0x10 arduino.ar(CDCSerialClass.cpp.o)
                0x000000004003f3b4                CDCSerialClass::begin(unsigned long)
 .text._ZN5Print5writeEPKhj
                0x000000004003f3c4       0x38 arduino.ar(Print.cpp.o)
                0x000000004003f3c4                Print::write(unsigned char const*, unsigned int)
 .text._ZN5Print5writeEPKc
                0x000000004003f3fc       0x44 arduino.ar(Print.cpp.o)